running egg_info
writing ../build/ros2_detection/ros2_detection.egg-info/PKG-INFO
writing dependency_links to ../build/ros2_detection/ros2_detection.egg-info/dependency_links.txt
writing entry points to ../build/ros2_detection/ros2_detection.egg-info/entry_points.txt
writing requirements to ../build/ros2_detection/ros2_detection.egg-info/requires.txt
writing top-level names to ../build/ros2_detection/ros2_detection.egg-info/top_level.txt
reading manifest file '../build/ros2_detection/ros2_detection.egg-info/SOURCES.txt'
writing manifest file '../build/ros2_detection/ros2_detection.egg-info/SOURCES.txt'
running build
running build_py
copying ros2_detection/detection_model_selection.py -> /workspace/build/ros2_detection/build/lib/ros2_detection
copying ros2_detection/detector_node.py -> /workspace/build/ros2_detection/build/lib/ros2_detection
copying ros2_detection/tracking.py -> /workspace/build/ros2_detection/build/lib/ros2_detection
running install
running install_lib
copying /workspace/build/ros2_detection/build/lib/ros2_detection/detection_model_selection.py -> /workspace/install/ros2_detection/lib/python3.10/site-packages/ros2_detection
copying /workspace/build/ros2_detection/build/lib/ros2_detection/detector_node.py -> /workspace/install/ros2_detection/lib/python3.10/site-packages/ros2_detection
copying /workspace/build/ros2_detection/build/lib/ros2_detection/tracking.py -> /workspace/install/ros2_detection/lib/python3.10/site-packages/ros2_detection
byte-compiling /workspace/install/ros2_detection/lib/python3.10/site-packages/ros2_detection/detection_model_selection.py to detection_model_selection.cpython-310.pyc
byte-compiling /workspace/install/ros2_detection/lib/python3.10/site-packages/ros2_detection/detector_node.py to detector_node.cpython-310.pyc
byte-compiling /workspace/install/ros2_detection/lib/python3.10/site-packages/ros2_detection/tracking.py to tracking.cpython-310.pyc
running install_data
running install_egg_info
removing '/workspace/install/ros2_detection/lib/python3.10/site-packages/ros2_detection-0.0.1-py3.10.egg-info' (and everything under it)
Copying ../build/ros2_detection/ros2_detection.egg-info to /workspace/install/ros2_detection/lib/python3.10/site-packages/ros2_detection-0.0.1-py3.10.egg-info
running install_scripts
Installing detector_node script to /workspace/install/ros2_detection/lib/ros2_detection
writing list of installed files to '/workspace/build/ros2_detection/install.log'
