[1.085s] Invoking command in '/workspace/ros2_detection': PYTHONPATH=/workspace/build/ros2_detection/prefix_override:/usr/lib/python3/dist-packages/colcon_core/task/python/colcon_distutils_commands:/workspace/install/ros2_detection/lib/python3.10/site-packages:${PYTHONPATH} /usr/bin/python3 -W ignore:setup.py install is deprecated -W ignore:easy_install command is deprecated setup.py egg_info --egg-base ../build/ros2_detection build --build-base /workspace/build/ros2_detection/build install --record /workspace/build/ros2_detection/install.log --single-version-externally-managed install_data
[1.632s] running egg_info
[1.635s] writing ../build/ros2_detection/ros2_detection.egg-info/PKG-INFO
[1.639s] writing dependency_links to ../build/ros2_detection/ros2_detection.egg-info/dependency_links.txt
[1.642s] writing entry points to ../build/ros2_detection/ros2_detection.egg-info/entry_points.txt
[1.645s] writing requirements to ../build/ros2_detection/ros2_detection.egg-info/requires.txt
[1.650s] writing top-level names to ../build/ros2_detection/ros2_detection.egg-info/top_level.txt
[1.678s] reading manifest file '../build/ros2_detection/ros2_detection.egg-info/SOURCES.txt'
[1.734s] writing manifest file '../build/ros2_detection/ros2_detection.egg-info/SOURCES.txt'
[1.735s] running build
[1.736s] running build_py
[1.744s] copying ros2_detection/detection_model_selection.py -> /workspace/build/ros2_detection/build/lib/ros2_detection
[1.761s] copying ros2_detection/detector_node.py -> /workspace/build/ros2_detection/build/lib/ros2_detection
[1.785s] copying ros2_detection/tracking.py -> /workspace/build/ros2_detection/build/lib/ros2_detection
[1.808s] running install
[1.808s] running install_lib
[1.841s] copying /workspace/build/ros2_detection/build/lib/ros2_detection/detection_model_selection.py -> /workspace/install/ros2_detection/lib/python3.10/site-packages/ros2_detection
[1.881s] copying /workspace/build/ros2_detection/build/lib/ros2_detection/detector_node.py -> /workspace/install/ros2_detection/lib/python3.10/site-packages/ros2_detection
[1.913s] copying /workspace/build/ros2_detection/build/lib/ros2_detection/tracking.py -> /workspace/install/ros2_detection/lib/python3.10/site-packages/ros2_detection
[1.957s] byte-compiling /workspace/install/ros2_detection/lib/python3.10/site-packages/ros2_detection/detection_model_selection.py to detection_model_selection.cpython-310.pyc
[2.017s] byte-compiling /workspace/install/ros2_detection/lib/python3.10/site-packages/ros2_detection/detector_node.py to detector_node.cpython-310.pyc
[2.059s] byte-compiling /workspace/install/ros2_detection/lib/python3.10/site-packages/ros2_detection/tracking.py to tracking.cpython-310.pyc
[2.099s] running install_data
[2.133s] running install_egg_info
[2.142s] removing '/workspace/install/ros2_detection/lib/python3.10/site-packages/ros2_detection-0.0.1-py3.10.egg-info' (and everything under it)
[2.192s] Copying ../build/ros2_detection/ros2_detection.egg-info to /workspace/install/ros2_detection/lib/python3.10/site-packages/ros2_detection-0.0.1-py3.10.egg-info
[2.422s] running install_scripts
[2.478s] Installing detector_node script to /workspace/install/ros2_detection/lib/ros2_detection
[2.488s] writing list of installed files to '/workspace/build/ros2_detection/install.log'
[2.504s] Invoked command in '/workspace/ros2_detection' returned '0': PYTHONPATH=/workspace/build/ros2_detection/prefix_override:/usr/lib/python3/dist-packages/colcon_core/task/python/colcon_distutils_commands:/workspace/install/ros2_detection/lib/python3.10/site-packages:${PYTHONPATH} /usr/bin/python3 -W ignore:setup.py install is deprecated -W ignore:easy_install command is deprecated setup.py egg_info --egg-base ../build/ros2_detection build --build-base /workspace/build/ros2_detection/build install --record /workspace/build/ros2_detection/install.log --single-version-externally-managed install_data
