[1.029s] Invoking command in '/workspace/ros2_detection': PYTHONPATH=/workspace/build/ros2_detection/prefix_override:/usr/lib/python3/dist-packages/colcon_core/task/python/colcon_distutils_commands:/workspace/install/ros2_detection/lib/python3.10/site-packages:${PYTHONPATH} /usr/bin/python3 -W ignore:setup.py install is deprecated -W ignore:easy_install command is deprecated setup.py egg_info --egg-base ../build/ros2_detection build --build-base /workspace/build/ros2_detection/build install --record /workspace/build/ros2_detection/install.log --single-version-externally-managed install_data
[1.611s] running egg_info
[1.618s] writing ../build/ros2_detection/ros2_detection.egg-info/PKG-INFO
[1.624s] writing dependency_links to ../build/ros2_detection/ros2_detection.egg-info/dependency_links.txt
[1.629s] writing entry points to ../build/ros2_detection/ros2_detection.egg-info/entry_points.txt
[1.634s] writing requirements to ../build/ros2_detection/ros2_detection.egg-info/requires.txt
[1.637s] writing top-level names to ../build/ros2_detection/ros2_detection.egg-info/top_level.txt
[1.669s] reading manifest file '../build/ros2_detection/ros2_detection.egg-info/SOURCES.txt'
[1.726s] writing manifest file '../build/ros2_detection/ros2_detection.egg-info/SOURCES.txt'
[1.730s] running build
[1.731s] running build_py
[1.775s] running install
[1.776s] running install_lib
[1.890s] running install_data
[1.921s] running install_egg_info
[1.934s] removing '/workspace/install/ros2_detection/lib/python3.10/site-packages/ros2_detection-0.0.1-py3.10.egg-info' (and everything under it)
[1.985s] Copying ../build/ros2_detection/ros2_detection.egg-info to /workspace/install/ros2_detection/lib/python3.10/site-packages/ros2_detection-0.0.1-py3.10.egg-info
[2.188s] running install_scripts
[2.244s] Installing detector_node script to /workspace/install/ros2_detection/lib/ros2_detection
[2.255s] writing list of installed files to '/workspace/build/ros2_detection/install.log'
[2.273s] Invoked command in '/workspace/ros2_detection' returned '0': PYTHONPATH=/workspace/build/ros2_detection/prefix_override:/usr/lib/python3/dist-packages/colcon_core/task/python/colcon_distutils_commands:/workspace/install/ros2_detection/lib/python3.10/site-packages:${PYTHONPATH} /usr/bin/python3 -W ignore:setup.py install is deprecated -W ignore:easy_install command is deprecated setup.py egg_info --egg-base ../build/ros2_detection build --build-base /workspace/build/ros2_detection/build install --record /workspace/build/ros2_detection/install.log --single-version-externally-managed install_data
