[0.245s] DEBUG:colcon:Command line arguments: ['/usr/bin/colcon', 'build', '--packages-select', 'ros2_detection']
[0.245s] DEBUG:colcon:Parsed command line arguments: Namespace(log_base=None, log_level=None, verb_name='build', build_base='build', install_base='install', merge_install=False, symlink_install=False, test_result_base=None, continue_on_error=False, executor='parallel', parallel_workers=16, event_handlers=None, ignore_user_meta=False, metas=['./colcon.meta'], base_paths=['.'], packages_ignore=None, packages_ignore_regex=None, paths=None, packages_up_to=None, packages_up_to_regex=None, packages_above=None, packages_above_and_dependencies=None, packages_above_depth=None, packages_select_by_dep=None, packages_skip_by_dep=None, packages_skip_up_to=None, packages_select_build_failed=False, packages_skip_build_finished=False, packages_select_test_failures=False, packages_skip_test_passed=False, packages_select=['ros2_detection'], packages_skip=None, packages_select_regex=None, packages_skip_regex=None, packages_start=None, packages_end=None, cmake_args=None, cmake_target=None, cmake_target_skip_unavailable=False, cmake_clean_cache=False, cmake_clean_first=False, cmake_force_configure=False, ament_cmake_args=None, catkin_cmake_args=None, catkin_skip_building_tests=False, mixin_files=None, mixin=None, verb_parser=<colcon_mixin.mixin.mixin_argument.MixinArgumentDecorator object at 0x7f1d3b44b100>, verb_extension=<colcon_core.verb.build.BuildVerb object at 0x7f1d3b44aa70>, main=<bound method BuildVerb.main of <colcon_core.verb.build.BuildVerb object at 0x7f1d3b44aa70>>, mixin_verb=('build',))
[0.381s] Level 1:colcon.colcon_core.package_discovery:discover_packages(colcon_meta) check parameters
[0.382s] INFO:colcon.colcon_metadata.package_discovery.colcon_meta:Using configuration from '/root/.colcon/metadata/default/Gazebo.meta'
[0.383s] INFO:colcon.colcon_metadata.package_discovery.colcon_meta:Using configuration from '/root/.colcon/metadata/default/fastdds.meta'
[0.384s] INFO:colcon.colcon_metadata.package_discovery.colcon_meta:Using configuration from '/root/.colcon/metadata/default/fastrtps.meta'
[0.384s] Level 1:colcon.colcon_core.package_discovery:discover_packages(recursive) check parameters
[0.385s] Level 1:colcon.colcon_core.package_discovery:discover_packages(ignore) check parameters
[0.385s] Level 1:colcon.colcon_core.package_discovery:discover_packages(path) check parameters
[0.385s] Level 1:colcon.colcon_core.package_discovery:discover_packages(colcon_meta) discover
[0.385s] Level 1:colcon.colcon_core.package_discovery:discover_packages(recursive) discover
[0.385s] INFO:colcon.colcon_core.package_discovery:Crawling recursively for packages in '/workspace'
[0.387s] Level 1:colcon.colcon_core.package_identification:_identify(.) by extensions ['ignore', 'ignore_ament_install']
[0.387s] Level 1:colcon.colcon_core.package_identification:_identify(.) by extension 'ignore'
[0.387s] Level 1:colcon.colcon_core.package_identification:_identify(.) by extension 'ignore_ament_install'
[0.388s] Level 1:colcon.colcon_core.package_identification:_identify(.) by extensions ['colcon_pkg']
[0.388s] Level 1:colcon.colcon_core.package_identification:_identify(.) by extension 'colcon_pkg'
[0.388s] Level 1:colcon.colcon_core.package_identification:_identify(.) by extensions ['colcon_meta']
[0.388s] Level 1:colcon.colcon_core.package_identification:_identify(.) by extension 'colcon_meta'
[0.389s] Level 1:colcon.colcon_core.package_identification:_identify(.) by extensions ['ros']
[0.389s] Level 1:colcon.colcon_core.package_identification:_identify(.) by extension 'ros'
[0.415s] Level 1:colcon.colcon_core.package_identification:_identify(.) by extensions ['cmake', 'python']
[0.415s] Level 1:colcon.colcon_core.package_identification:_identify(.) by extension 'cmake'
[0.415s] Level 1:colcon.colcon_core.package_identification:_identify(.) by extension 'python'
[0.415s] Level 1:colcon.colcon_core.package_identification:_identify(.) by extensions ['python_setup_py']
[0.415s] Level 1:colcon.colcon_core.package_identification:_identify(.) by extension 'python_setup_py'
[0.419s] Level 1:colcon.colcon_core.package_identification:_identify(__pycache__) by extensions ['ignore', 'ignore_ament_install']
[0.420s] Level 1:colcon.colcon_core.package_identification:_identify(__pycache__) by extension 'ignore'
[0.421s] Level 1:colcon.colcon_core.package_identification:_identify(__pycache__) by extension 'ignore_ament_install'
[0.423s] Level 1:colcon.colcon_core.package_identification:_identify(__pycache__) by extensions ['colcon_pkg']
[0.423s] Level 1:colcon.colcon_core.package_identification:_identify(__pycache__) by extension 'colcon_pkg'
[0.424s] Level 1:colcon.colcon_core.package_identification:_identify(__pycache__) by extensions ['colcon_meta']
[0.424s] Level 1:colcon.colcon_core.package_identification:_identify(__pycache__) by extension 'colcon_meta'
[0.425s] Level 1:colcon.colcon_core.package_identification:_identify(__pycache__) by extensions ['ros']
[0.425s] Level 1:colcon.colcon_core.package_identification:_identify(__pycache__) by extension 'ros'
[0.428s] Level 1:colcon.colcon_core.package_identification:_identify(__pycache__) by extensions ['cmake', 'python']
[0.428s] Level 1:colcon.colcon_core.package_identification:_identify(__pycache__) by extension 'cmake'
[0.428s] Level 1:colcon.colcon_core.package_identification:_identify(__pycache__) by extension 'python'
[0.430s] Level 1:colcon.colcon_core.package_identification:_identify(__pycache__) by extensions ['python_setup_py']
[0.430s] Level 1:colcon.colcon_core.package_identification:_identify(__pycache__) by extension 'python_setup_py'
[0.433s] Level 1:colcon.colcon_core.package_identification:_identify(build) by extensions ['ignore', 'ignore_ament_install']
[0.433s] Level 1:colcon.colcon_core.package_identification:_identify(build) by extension 'ignore'
[0.434s] Level 1:colcon.colcon_core.package_identification:_identify(build) ignored
[0.436s] Level 1:colcon.colcon_core.package_identification:_identify(imageset) by extensions ['ignore', 'ignore_ament_install']
[0.436s] Level 1:colcon.colcon_core.package_identification:_identify(imageset) by extension 'ignore'
[0.437s] Level 1:colcon.colcon_core.package_identification:_identify(imageset) by extension 'ignore_ament_install'
[0.438s] Level 1:colcon.colcon_core.package_identification:_identify(imageset) by extensions ['colcon_pkg']
[0.438s] Level 1:colcon.colcon_core.package_identification:_identify(imageset) by extension 'colcon_pkg'
[0.439s] Level 1:colcon.colcon_core.package_identification:_identify(imageset) by extensions ['colcon_meta']
[0.439s] Level 1:colcon.colcon_core.package_identification:_identify(imageset) by extension 'colcon_meta'
[0.440s] Level 1:colcon.colcon_core.package_identification:_identify(imageset) by extensions ['ros']
[0.441s] Level 1:colcon.colcon_core.package_identification:_identify(imageset) by extension 'ros'
[0.443s] Level 1:colcon.colcon_core.package_identification:_identify(imageset) by extensions ['cmake', 'python']
[0.443s] Level 1:colcon.colcon_core.package_identification:_identify(imageset) by extension 'cmake'
[0.444s] Level 1:colcon.colcon_core.package_identification:_identify(imageset) by extension 'python'
[0.446s] Level 1:colcon.colcon_core.package_identification:_identify(imageset) by extensions ['python_setup_py']
[0.446s] Level 1:colcon.colcon_core.package_identification:_identify(imageset) by extension 'python_setup_py'
[0.450s] Level 1:colcon.colcon_core.package_identification:_identify(imageset/Tennisball_seg_600.v1-tennisball-seg-dataset-607.yolov11) by extensions ['ignore', 'ignore_ament_install']
[0.450s] Level 1:colcon.colcon_core.package_identification:_identify(imageset/Tennisball_seg_600.v1-tennisball-seg-dataset-607.yolov11) by extension 'ignore'
[0.451s] Level 1:colcon.colcon_core.package_identification:_identify(imageset/Tennisball_seg_600.v1-tennisball-seg-dataset-607.yolov11) by extension 'ignore_ament_install'
[0.454s] Level 1:colcon.colcon_core.package_identification:_identify(imageset/Tennisball_seg_600.v1-tennisball-seg-dataset-607.yolov11) by extensions ['colcon_pkg']
[0.455s] Level 1:colcon.colcon_core.package_identification:_identify(imageset/Tennisball_seg_600.v1-tennisball-seg-dataset-607.yolov11) by extension 'colcon_pkg'
[0.456s] Level 1:colcon.colcon_core.package_identification:_identify(imageset/Tennisball_seg_600.v1-tennisball-seg-dataset-607.yolov11) by extensions ['colcon_meta']
[0.456s] Level 1:colcon.colcon_core.package_identification:_identify(imageset/Tennisball_seg_600.v1-tennisball-seg-dataset-607.yolov11) by extension 'colcon_meta'
[0.459s] Level 1:colcon.colcon_core.package_identification:_identify(imageset/Tennisball_seg_600.v1-tennisball-seg-dataset-607.yolov11) by extensions ['ros']
[0.459s] Level 1:colcon.colcon_core.package_identification:_identify(imageset/Tennisball_seg_600.v1-tennisball-seg-dataset-607.yolov11) by extension 'ros'
[0.466s] Level 1:colcon.colcon_core.package_identification:_identify(imageset/Tennisball_seg_600.v1-tennisball-seg-dataset-607.yolov11) by extensions ['cmake', 'python']
[0.466s] Level 1:colcon.colcon_core.package_identification:_identify(imageset/Tennisball_seg_600.v1-tennisball-seg-dataset-607.yolov11) by extension 'cmake'
[0.467s] Level 1:colcon.colcon_core.package_identification:_identify(imageset/Tennisball_seg_600.v1-tennisball-seg-dataset-607.yolov11) by extension 'python'
[0.468s] Level 1:colcon.colcon_core.package_identification:_identify(imageset/Tennisball_seg_600.v1-tennisball-seg-dataset-607.yolov11) by extensions ['python_setup_py']
[0.468s] Level 1:colcon.colcon_core.package_identification:_identify(imageset/Tennisball_seg_600.v1-tennisball-seg-dataset-607.yolov11) by extension 'python_setup_py'
[0.474s] Level 1:colcon.colcon_core.package_identification:_identify(imageset/Tennisball_seg_600.v1-tennisball-seg-dataset-607.yolov11/test) by extensions ['ignore', 'ignore_ament_install']
[0.475s] Level 1:colcon.colcon_core.package_identification:_identify(imageset/Tennisball_seg_600.v1-tennisball-seg-dataset-607.yolov11/test) by extension 'ignore'
[0.478s] Level 1:colcon.colcon_core.package_identification:_identify(imageset/Tennisball_seg_600.v1-tennisball-seg-dataset-607.yolov11/test) by extension 'ignore_ament_install'
[0.483s] Level 1:colcon.colcon_core.package_identification:_identify(imageset/Tennisball_seg_600.v1-tennisball-seg-dataset-607.yolov11/test) by extensions ['colcon_pkg']
[0.483s] Level 1:colcon.colcon_core.package_identification:_identify(imageset/Tennisball_seg_600.v1-tennisball-seg-dataset-607.yolov11/test) by extension 'colcon_pkg'
[0.485s] Level 1:colcon.colcon_core.package_identification:_identify(imageset/Tennisball_seg_600.v1-tennisball-seg-dataset-607.yolov11/test) by extensions ['colcon_meta']
[0.486s] Level 1:colcon.colcon_core.package_identification:_identify(imageset/Tennisball_seg_600.v1-tennisball-seg-dataset-607.yolov11/test) by extension 'colcon_meta'
[0.490s] Level 1:colcon.colcon_core.package_identification:_identify(imageset/Tennisball_seg_600.v1-tennisball-seg-dataset-607.yolov11/test) by extensions ['ros']
[0.490s] Level 1:colcon.colcon_core.package_identification:_identify(imageset/Tennisball_seg_600.v1-tennisball-seg-dataset-607.yolov11/test) by extension 'ros'
[0.502s] Level 1:colcon.colcon_core.package_identification:_identify(imageset/Tennisball_seg_600.v1-tennisball-seg-dataset-607.yolov11/test) by extensions ['cmake', 'python']
[0.502s] Level 1:colcon.colcon_core.package_identification:_identify(imageset/Tennisball_seg_600.v1-tennisball-seg-dataset-607.yolov11/test) by extension 'cmake'
[0.505s] Level 1:colcon.colcon_core.package_identification:_identify(imageset/Tennisball_seg_600.v1-tennisball-seg-dataset-607.yolov11/test) by extension 'python'
[0.508s] Level 1:colcon.colcon_core.package_identification:_identify(imageset/Tennisball_seg_600.v1-tennisball-seg-dataset-607.yolov11/test) by extensions ['python_setup_py']
[0.508s] Level 1:colcon.colcon_core.package_identification:_identify(imageset/Tennisball_seg_600.v1-tennisball-seg-dataset-607.yolov11/test) by extension 'python_setup_py'
[0.523s] Level 1:colcon.colcon_core.package_identification:_identify(imageset/Tennisball_seg_600.v1-tennisball-seg-dataset-607.yolov11/test/images) by extensions ['ignore', 'ignore_ament_install']
[0.525s] Level 1:colcon.colcon_core.package_identification:_identify(imageset/Tennisball_seg_600.v1-tennisball-seg-dataset-607.yolov11/test/images) by extension 'ignore'
[0.528s] Level 1:colcon.colcon_core.package_identification:_identify(imageset/Tennisball_seg_600.v1-tennisball-seg-dataset-607.yolov11/test/images) by extension 'ignore_ament_install'
[0.534s] Level 1:colcon.colcon_core.package_identification:_identify(imageset/Tennisball_seg_600.v1-tennisball-seg-dataset-607.yolov11/test/images) by extensions ['colcon_pkg']
[0.534s] Level 1:colcon.colcon_core.package_identification:_identify(imageset/Tennisball_seg_600.v1-tennisball-seg-dataset-607.yolov11/test/images) by extension 'colcon_pkg'
[0.539s] Level 1:colcon.colcon_core.package_identification:_identify(imageset/Tennisball_seg_600.v1-tennisball-seg-dataset-607.yolov11/test/images) by extensions ['colcon_meta']
[0.539s] Level 1:colcon.colcon_core.package_identification:_identify(imageset/Tennisball_seg_600.v1-tennisball-seg-dataset-607.yolov11/test/images) by extension 'colcon_meta'
[0.549s] Level 1:colcon.colcon_core.package_identification:_identify(imageset/Tennisball_seg_600.v1-tennisball-seg-dataset-607.yolov11/test/images) by extensions ['ros']
[0.549s] Level 1:colcon.colcon_core.package_identification:_identify(imageset/Tennisball_seg_600.v1-tennisball-seg-dataset-607.yolov11/test/images) by extension 'ros'
[0.561s] Level 1:colcon.colcon_core.package_identification:_identify(imageset/Tennisball_seg_600.v1-tennisball-seg-dataset-607.yolov11/test/images) by extensions ['cmake', 'python']
[0.562s] Level 1:colcon.colcon_core.package_identification:_identify(imageset/Tennisball_seg_600.v1-tennisball-seg-dataset-607.yolov11/test/images) by extension 'cmake'
[0.565s] Level 1:colcon.colcon_core.package_identification:_identify(imageset/Tennisball_seg_600.v1-tennisball-seg-dataset-607.yolov11/test/images) by extension 'python'
[0.571s] Level 1:colcon.colcon_core.package_identification:_identify(imageset/Tennisball_seg_600.v1-tennisball-seg-dataset-607.yolov11/test/images) by extensions ['python_setup_py']
[0.573s] Level 1:colcon.colcon_core.package_identification:_identify(imageset/Tennisball_seg_600.v1-tennisball-seg-dataset-607.yolov11/test/images) by extension 'python_setup_py'
[0.585s] Level 1:colcon.colcon_core.package_identification:_identify(imageset/Tennisball_seg_600.v1-tennisball-seg-dataset-607.yolov11/test/labels) by extensions ['ignore', 'ignore_ament_install']
[0.585s] Level 1:colcon.colcon_core.package_identification:_identify(imageset/Tennisball_seg_600.v1-tennisball-seg-dataset-607.yolov11/test/labels) by extension 'ignore'
[0.587s] Level 1:colcon.colcon_core.package_identification:_identify(imageset/Tennisball_seg_600.v1-tennisball-seg-dataset-607.yolov11/test/labels) by extension 'ignore_ament_install'
[0.590s] Level 1:colcon.colcon_core.package_identification:_identify(imageset/Tennisball_seg_600.v1-tennisball-seg-dataset-607.yolov11/test/labels) by extensions ['colcon_pkg']
[0.591s] Level 1:colcon.colcon_core.package_identification:_identify(imageset/Tennisball_seg_600.v1-tennisball-seg-dataset-607.yolov11/test/labels) by extension 'colcon_pkg'
[0.592s] Level 1:colcon.colcon_core.package_identification:_identify(imageset/Tennisball_seg_600.v1-tennisball-seg-dataset-607.yolov11/test/labels) by extensions ['colcon_meta']
[0.592s] Level 1:colcon.colcon_core.package_identification:_identify(imageset/Tennisball_seg_600.v1-tennisball-seg-dataset-607.yolov11/test/labels) by extension 'colcon_meta'
[0.598s] Level 1:colcon.colcon_core.package_identification:_identify(imageset/Tennisball_seg_600.v1-tennisball-seg-dataset-607.yolov11/test/labels) by extensions ['ros']
[0.599s] Level 1:colcon.colcon_core.package_identification:_identify(imageset/Tennisball_seg_600.v1-tennisball-seg-dataset-607.yolov11/test/labels) by extension 'ros'
[0.610s] Level 1:colcon.colcon_core.package_identification:_identify(imageset/Tennisball_seg_600.v1-tennisball-seg-dataset-607.yolov11/test/labels) by extensions ['cmake', 'python']
[0.610s] Level 1:colcon.colcon_core.package_identification:_identify(imageset/Tennisball_seg_600.v1-tennisball-seg-dataset-607.yolov11/test/labels) by extension 'cmake'
[0.611s] Level 1:colcon.colcon_core.package_identification:_identify(imageset/Tennisball_seg_600.v1-tennisball-seg-dataset-607.yolov11/test/labels) by extension 'python'
[0.613s] Level 1:colcon.colcon_core.package_identification:_identify(imageset/Tennisball_seg_600.v1-tennisball-seg-dataset-607.yolov11/test/labels) by extensions ['python_setup_py']
[0.613s] Level 1:colcon.colcon_core.package_identification:_identify(imageset/Tennisball_seg_600.v1-tennisball-seg-dataset-607.yolov11/test/labels) by extension 'python_setup_py'
[0.618s] Level 1:colcon.colcon_core.package_identification:_identify(imageset/Tennisball_seg_600.v1-tennisball-seg-dataset-607.yolov11/train) by extensions ['ignore', 'ignore_ament_install']
[0.618s] Level 1:colcon.colcon_core.package_identification:_identify(imageset/Tennisball_seg_600.v1-tennisball-seg-dataset-607.yolov11/train) by extension 'ignore'
[0.620s] Level 1:colcon.colcon_core.package_identification:_identify(imageset/Tennisball_seg_600.v1-tennisball-seg-dataset-607.yolov11/train) by extension 'ignore_ament_install'
[0.624s] Level 1:colcon.colcon_core.package_identification:_identify(imageset/Tennisball_seg_600.v1-tennisball-seg-dataset-607.yolov11/train) by extensions ['colcon_pkg']
[0.624s] Level 1:colcon.colcon_core.package_identification:_identify(imageset/Tennisball_seg_600.v1-tennisball-seg-dataset-607.yolov11/train) by extension 'colcon_pkg'
[0.626s] Level 1:colcon.colcon_core.package_identification:_identify(imageset/Tennisball_seg_600.v1-tennisball-seg-dataset-607.yolov11/train) by extensions ['colcon_meta']
[0.626s] Level 1:colcon.colcon_core.package_identification:_identify(imageset/Tennisball_seg_600.v1-tennisball-seg-dataset-607.yolov11/train) by extension 'colcon_meta'
[0.628s] Level 1:colcon.colcon_core.package_identification:_identify(imageset/Tennisball_seg_600.v1-tennisball-seg-dataset-607.yolov11/train) by extensions ['ros']
[0.628s] Level 1:colcon.colcon_core.package_identification:_identify(imageset/Tennisball_seg_600.v1-tennisball-seg-dataset-607.yolov11/train) by extension 'ros'
[0.633s] Level 1:colcon.colcon_core.package_identification:_identify(imageset/Tennisball_seg_600.v1-tennisball-seg-dataset-607.yolov11/train) by extensions ['cmake', 'python']
[0.633s] Level 1:colcon.colcon_core.package_identification:_identify(imageset/Tennisball_seg_600.v1-tennisball-seg-dataset-607.yolov11/train) by extension 'cmake'
[0.634s] Level 1:colcon.colcon_core.package_identification:_identify(imageset/Tennisball_seg_600.v1-tennisball-seg-dataset-607.yolov11/train) by extension 'python'
[0.636s] Level 1:colcon.colcon_core.package_identification:_identify(imageset/Tennisball_seg_600.v1-tennisball-seg-dataset-607.yolov11/train) by extensions ['python_setup_py']
[0.636s] Level 1:colcon.colcon_core.package_identification:_identify(imageset/Tennisball_seg_600.v1-tennisball-seg-dataset-607.yolov11/train) by extension 'python_setup_py'
[0.652s] Level 1:colcon.colcon_core.package_identification:_identify(imageset/Tennisball_seg_600.v1-tennisball-seg-dataset-607.yolov11/train/images) by extensions ['ignore', 'ignore_ament_install']
[0.652s] Level 1:colcon.colcon_core.package_identification:_identify(imageset/Tennisball_seg_600.v1-tennisball-seg-dataset-607.yolov11/train/images) by extension 'ignore'
[0.654s] Level 1:colcon.colcon_core.package_identification:_identify(imageset/Tennisball_seg_600.v1-tennisball-seg-dataset-607.yolov11/train/images) by extension 'ignore_ament_install'
[0.657s] Level 1:colcon.colcon_core.package_identification:_identify(imageset/Tennisball_seg_600.v1-tennisball-seg-dataset-607.yolov11/train/images) by extensions ['colcon_pkg']
[0.657s] Level 1:colcon.colcon_core.package_identification:_identify(imageset/Tennisball_seg_600.v1-tennisball-seg-dataset-607.yolov11/train/images) by extension 'colcon_pkg'
[0.658s] Level 1:colcon.colcon_core.package_identification:_identify(imageset/Tennisball_seg_600.v1-tennisball-seg-dataset-607.yolov11/train/images) by extensions ['colcon_meta']
[0.659s] Level 1:colcon.colcon_core.package_identification:_identify(imageset/Tennisball_seg_600.v1-tennisball-seg-dataset-607.yolov11/train/images) by extension 'colcon_meta'
[0.662s] Level 1:colcon.colcon_core.package_identification:_identify(imageset/Tennisball_seg_600.v1-tennisball-seg-dataset-607.yolov11/train/images) by extensions ['ros']
[0.662s] Level 1:colcon.colcon_core.package_identification:_identify(imageset/Tennisball_seg_600.v1-tennisball-seg-dataset-607.yolov11/train/images) by extension 'ros'
[0.669s] Level 1:colcon.colcon_core.package_identification:_identify(imageset/Tennisball_seg_600.v1-tennisball-seg-dataset-607.yolov11/train/images) by extensions ['cmake', 'python']
[0.669s] Level 1:colcon.colcon_core.package_identification:_identify(imageset/Tennisball_seg_600.v1-tennisball-seg-dataset-607.yolov11/train/images) by extension 'cmake'
[0.671s] Level 1:colcon.colcon_core.package_identification:_identify(imageset/Tennisball_seg_600.v1-tennisball-seg-dataset-607.yolov11/train/images) by extension 'python'
[0.672s] Level 1:colcon.colcon_core.package_identification:_identify(imageset/Tennisball_seg_600.v1-tennisball-seg-dataset-607.yolov11/train/images) by extensions ['python_setup_py']
[0.673s] Level 1:colcon.colcon_core.package_identification:_identify(imageset/Tennisball_seg_600.v1-tennisball-seg-dataset-607.yolov11/train/images) by extension 'python_setup_py'
[0.686s] Level 1:colcon.colcon_core.package_identification:_identify(imageset/Tennisball_seg_600.v1-tennisball-seg-dataset-607.yolov11/train/labels) by extensions ['ignore', 'ignore_ament_install']
[0.686s] Level 1:colcon.colcon_core.package_identification:_identify(imageset/Tennisball_seg_600.v1-tennisball-seg-dataset-607.yolov11/train/labels) by extension 'ignore'
[0.688s] Level 1:colcon.colcon_core.package_identification:_identify(imageset/Tennisball_seg_600.v1-tennisball-seg-dataset-607.yolov11/train/labels) by extension 'ignore_ament_install'
[0.691s] Level 1:colcon.colcon_core.package_identification:_identify(imageset/Tennisball_seg_600.v1-tennisball-seg-dataset-607.yolov11/train/labels) by extensions ['colcon_pkg']
[0.691s] Level 1:colcon.colcon_core.package_identification:_identify(imageset/Tennisball_seg_600.v1-tennisball-seg-dataset-607.yolov11/train/labels) by extension 'colcon_pkg'
[0.692s] Level 1:colcon.colcon_core.package_identification:_identify(imageset/Tennisball_seg_600.v1-tennisball-seg-dataset-607.yolov11/train/labels) by extensions ['colcon_meta']
[0.693s] Level 1:colcon.colcon_core.package_identification:_identify(imageset/Tennisball_seg_600.v1-tennisball-seg-dataset-607.yolov11/train/labels) by extension 'colcon_meta'
[0.696s] Level 1:colcon.colcon_core.package_identification:_identify(imageset/Tennisball_seg_600.v1-tennisball-seg-dataset-607.yolov11/train/labels) by extensions ['ros']
[0.696s] Level 1:colcon.colcon_core.package_identification:_identify(imageset/Tennisball_seg_600.v1-tennisball-seg-dataset-607.yolov11/train/labels) by extension 'ros'
[0.703s] Level 1:colcon.colcon_core.package_identification:_identify(imageset/Tennisball_seg_600.v1-tennisball-seg-dataset-607.yolov11/train/labels) by extensions ['cmake', 'python']
[0.703s] Level 1:colcon.colcon_core.package_identification:_identify(imageset/Tennisball_seg_600.v1-tennisball-seg-dataset-607.yolov11/train/labels) by extension 'cmake'
[0.704s] Level 1:colcon.colcon_core.package_identification:_identify(imageset/Tennisball_seg_600.v1-tennisball-seg-dataset-607.yolov11/train/labels) by extension 'python'
[0.706s] Level 1:colcon.colcon_core.package_identification:_identify(imageset/Tennisball_seg_600.v1-tennisball-seg-dataset-607.yolov11/train/labels) by extensions ['python_setup_py']
[0.706s] Level 1:colcon.colcon_core.package_identification:_identify(imageset/Tennisball_seg_600.v1-tennisball-seg-dataset-607.yolov11/train/labels) by extension 'python_setup_py'
[0.712s] Level 1:colcon.colcon_core.package_identification:_identify(imageset/Tennisball_seg_600.v1-tennisball-seg-dataset-607.yolov11/valid) by extensions ['ignore', 'ignore_ament_install']
[0.712s] Level 1:colcon.colcon_core.package_identification:_identify(imageset/Tennisball_seg_600.v1-tennisball-seg-dataset-607.yolov11/valid) by extension 'ignore'
[0.713s] Level 1:colcon.colcon_core.package_identification:_identify(imageset/Tennisball_seg_600.v1-tennisball-seg-dataset-607.yolov11/valid) by extension 'ignore_ament_install'
[0.720s] Level 1:colcon.colcon_core.package_identification:_identify(imageset/Tennisball_seg_600.v1-tennisball-seg-dataset-607.yolov11/valid) by extensions ['colcon_pkg']
[0.720s] Level 1:colcon.colcon_core.package_identification:_identify(imageset/Tennisball_seg_600.v1-tennisball-seg-dataset-607.yolov11/valid) by extension 'colcon_pkg'
[0.723s] Level 1:colcon.colcon_core.package_identification:_identify(imageset/Tennisball_seg_600.v1-tennisball-seg-dataset-607.yolov11/valid) by extensions ['colcon_meta']
[0.724s] Level 1:colcon.colcon_core.package_identification:_identify(imageset/Tennisball_seg_600.v1-tennisball-seg-dataset-607.yolov11/valid) by extension 'colcon_meta'
[0.728s] Level 1:colcon.colcon_core.package_identification:_identify(imageset/Tennisball_seg_600.v1-tennisball-seg-dataset-607.yolov11/valid) by extensions ['ros']
[0.728s] Level 1:colcon.colcon_core.package_identification:_identify(imageset/Tennisball_seg_600.v1-tennisball-seg-dataset-607.yolov11/valid) by extension 'ros'
[0.733s] Level 1:colcon.colcon_core.package_identification:_identify(imageset/Tennisball_seg_600.v1-tennisball-seg-dataset-607.yolov11/valid) by extensions ['cmake', 'python']
[0.734s] Level 1:colcon.colcon_core.package_identification:_identify(imageset/Tennisball_seg_600.v1-tennisball-seg-dataset-607.yolov11/valid) by extension 'cmake'
[0.735s] Level 1:colcon.colcon_core.package_identification:_identify(imageset/Tennisball_seg_600.v1-tennisball-seg-dataset-607.yolov11/valid) by extension 'python'
[0.736s] Level 1:colcon.colcon_core.package_identification:_identify(imageset/Tennisball_seg_600.v1-tennisball-seg-dataset-607.yolov11/valid) by extensions ['python_setup_py']
[0.736s] Level 1:colcon.colcon_core.package_identification:_identify(imageset/Tennisball_seg_600.v1-tennisball-seg-dataset-607.yolov11/valid) by extension 'python_setup_py'
[0.743s] Level 1:colcon.colcon_core.package_identification:_identify(imageset/Tennisball_seg_600.v1-tennisball-seg-dataset-607.yolov11/valid/images) by extensions ['ignore', 'ignore_ament_install']
[0.743s] Level 1:colcon.colcon_core.package_identification:_identify(imageset/Tennisball_seg_600.v1-tennisball-seg-dataset-607.yolov11/valid/images) by extension 'ignore'
[0.745s] Level 1:colcon.colcon_core.package_identification:_identify(imageset/Tennisball_seg_600.v1-tennisball-seg-dataset-607.yolov11/valid/images) by extension 'ignore_ament_install'
[0.750s] Level 1:colcon.colcon_core.package_identification:_identify(imageset/Tennisball_seg_600.v1-tennisball-seg-dataset-607.yolov11/valid/images) by extensions ['colcon_pkg']
[0.750s] Level 1:colcon.colcon_core.package_identification:_identify(imageset/Tennisball_seg_600.v1-tennisball-seg-dataset-607.yolov11/valid/images) by extension 'colcon_pkg'
[0.753s] Level 1:colcon.colcon_core.package_identification:_identify(imageset/Tennisball_seg_600.v1-tennisball-seg-dataset-607.yolov11/valid/images) by extensions ['colcon_meta']
[0.753s] Level 1:colcon.colcon_core.package_identification:_identify(imageset/Tennisball_seg_600.v1-tennisball-seg-dataset-607.yolov11/valid/images) by extension 'colcon_meta'
[0.757s] Level 1:colcon.colcon_core.package_identification:_identify(imageset/Tennisball_seg_600.v1-tennisball-seg-dataset-607.yolov11/valid/images) by extensions ['ros']
[0.757s] Level 1:colcon.colcon_core.package_identification:_identify(imageset/Tennisball_seg_600.v1-tennisball-seg-dataset-607.yolov11/valid/images) by extension 'ros'
[0.765s] Level 1:colcon.colcon_core.package_identification:_identify(imageset/Tennisball_seg_600.v1-tennisball-seg-dataset-607.yolov11/valid/images) by extensions ['cmake', 'python']
[0.765s] Level 1:colcon.colcon_core.package_identification:_identify(imageset/Tennisball_seg_600.v1-tennisball-seg-dataset-607.yolov11/valid/images) by extension 'cmake'
[0.766s] Level 1:colcon.colcon_core.package_identification:_identify(imageset/Tennisball_seg_600.v1-tennisball-seg-dataset-607.yolov11/valid/images) by extension 'python'
[0.768s] Level 1:colcon.colcon_core.package_identification:_identify(imageset/Tennisball_seg_600.v1-tennisball-seg-dataset-607.yolov11/valid/images) by extensions ['python_setup_py']
[0.768s] Level 1:colcon.colcon_core.package_identification:_identify(imageset/Tennisball_seg_600.v1-tennisball-seg-dataset-607.yolov11/valid/images) by extension 'python_setup_py'
[0.780s] Level 1:colcon.colcon_core.package_identification:_identify(imageset/Tennisball_seg_600.v1-tennisball-seg-dataset-607.yolov11/valid/labels) by extensions ['ignore', 'ignore_ament_install']
[0.781s] Level 1:colcon.colcon_core.package_identification:_identify(imageset/Tennisball_seg_600.v1-tennisball-seg-dataset-607.yolov11/valid/labels) by extension 'ignore'
[0.783s] Level 1:colcon.colcon_core.package_identification:_identify(imageset/Tennisball_seg_600.v1-tennisball-seg-dataset-607.yolov11/valid/labels) by extension 'ignore_ament_install'
[0.787s] Level 1:colcon.colcon_core.package_identification:_identify(imageset/Tennisball_seg_600.v1-tennisball-seg-dataset-607.yolov11/valid/labels) by extensions ['colcon_pkg']
[0.787s] Level 1:colcon.colcon_core.package_identification:_identify(imageset/Tennisball_seg_600.v1-tennisball-seg-dataset-607.yolov11/valid/labels) by extension 'colcon_pkg'
[0.789s] Level 1:colcon.colcon_core.package_identification:_identify(imageset/Tennisball_seg_600.v1-tennisball-seg-dataset-607.yolov11/valid/labels) by extensions ['colcon_meta']
[0.789s] Level 1:colcon.colcon_core.package_identification:_identify(imageset/Tennisball_seg_600.v1-tennisball-seg-dataset-607.yolov11/valid/labels) by extension 'colcon_meta'
[0.793s] Level 1:colcon.colcon_core.package_identification:_identify(imageset/Tennisball_seg_600.v1-tennisball-seg-dataset-607.yolov11/valid/labels) by extensions ['ros']
[0.793s] Level 1:colcon.colcon_core.package_identification:_identify(imageset/Tennisball_seg_600.v1-tennisball-seg-dataset-607.yolov11/valid/labels) by extension 'ros'
[0.806s] Level 1:colcon.colcon_core.package_identification:_identify(imageset/Tennisball_seg_600.v1-tennisball-seg-dataset-607.yolov11/valid/labels) by extensions ['cmake', 'python']
[0.807s] Level 1:colcon.colcon_core.package_identification:_identify(imageset/Tennisball_seg_600.v1-tennisball-seg-dataset-607.yolov11/valid/labels) by extension 'cmake'
[0.808s] Level 1:colcon.colcon_core.package_identification:_identify(imageset/Tennisball_seg_600.v1-tennisball-seg-dataset-607.yolov11/valid/labels) by extension 'python'
[0.811s] Level 1:colcon.colcon_core.package_identification:_identify(imageset/Tennisball_seg_600.v1-tennisball-seg-dataset-607.yolov11/valid/labels) by extensions ['python_setup_py']
[0.811s] Level 1:colcon.colcon_core.package_identification:_identify(imageset/Tennisball_seg_600.v1-tennisball-seg-dataset-607.yolov11/valid/labels) by extension 'python_setup_py'
[0.816s] Level 1:colcon.colcon_core.package_identification:_identify(imageset/Tennisball_seg_600.v2-tennisball-seg-dataset-607-v02.yolov11) by extensions ['ignore', 'ignore_ament_install']
[0.816s] Level 1:colcon.colcon_core.package_identification:_identify(imageset/Tennisball_seg_600.v2-tennisball-seg-dataset-607-v02.yolov11) by extension 'ignore'
[0.817s] Level 1:colcon.colcon_core.package_identification:_identify(imageset/Tennisball_seg_600.v2-tennisball-seg-dataset-607-v02.yolov11) by extension 'ignore_ament_install'
[0.818s] Level 1:colcon.colcon_core.package_identification:_identify(imageset/Tennisball_seg_600.v2-tennisball-seg-dataset-607-v02.yolov11) by extensions ['colcon_pkg']
[0.818s] Level 1:colcon.colcon_core.package_identification:_identify(imageset/Tennisball_seg_600.v2-tennisball-seg-dataset-607-v02.yolov11) by extension 'colcon_pkg'
[0.819s] Level 1:colcon.colcon_core.package_identification:_identify(imageset/Tennisball_seg_600.v2-tennisball-seg-dataset-607-v02.yolov11) by extensions ['colcon_meta']
[0.819s] Level 1:colcon.colcon_core.package_identification:_identify(imageset/Tennisball_seg_600.v2-tennisball-seg-dataset-607-v02.yolov11) by extension 'colcon_meta'
[0.820s] Level 1:colcon.colcon_core.package_identification:_identify(imageset/Tennisball_seg_600.v2-tennisball-seg-dataset-607-v02.yolov11) by extensions ['ros']
[0.820s] Level 1:colcon.colcon_core.package_identification:_identify(imageset/Tennisball_seg_600.v2-tennisball-seg-dataset-607-v02.yolov11) by extension 'ros'
[0.827s] Level 1:colcon.colcon_core.package_identification:_identify(imageset/Tennisball_seg_600.v2-tennisball-seg-dataset-607-v02.yolov11) by extensions ['cmake', 'python']
[0.827s] Level 1:colcon.colcon_core.package_identification:_identify(imageset/Tennisball_seg_600.v2-tennisball-seg-dataset-607-v02.yolov11) by extension 'cmake'
[0.829s] Level 1:colcon.colcon_core.package_identification:_identify(imageset/Tennisball_seg_600.v2-tennisball-seg-dataset-607-v02.yolov11) by extension 'python'
[0.831s] Level 1:colcon.colcon_core.package_identification:_identify(imageset/Tennisball_seg_600.v2-tennisball-seg-dataset-607-v02.yolov11) by extensions ['python_setup_py']
[0.831s] Level 1:colcon.colcon_core.package_identification:_identify(imageset/Tennisball_seg_600.v2-tennisball-seg-dataset-607-v02.yolov11) by extension 'python_setup_py'
[0.839s] Level 1:colcon.colcon_core.package_identification:_identify(imageset/Tennisball_seg_600.v2-tennisball-seg-dataset-607-v02.yolov11/test) by extensions ['ignore', 'ignore_ament_install']
[0.839s] Level 1:colcon.colcon_core.package_identification:_identify(imageset/Tennisball_seg_600.v2-tennisball-seg-dataset-607-v02.yolov11/test) by extension 'ignore'
[0.840s] Level 1:colcon.colcon_core.package_identification:_identify(imageset/Tennisball_seg_600.v2-tennisball-seg-dataset-607-v02.yolov11/test) by extension 'ignore_ament_install'
[0.843s] Level 1:colcon.colcon_core.package_identification:_identify(imageset/Tennisball_seg_600.v2-tennisball-seg-dataset-607-v02.yolov11/test) by extensions ['colcon_pkg']
[0.843s] Level 1:colcon.colcon_core.package_identification:_identify(imageset/Tennisball_seg_600.v2-tennisball-seg-dataset-607-v02.yolov11/test) by extension 'colcon_pkg'
[0.844s] Level 1:colcon.colcon_core.package_identification:_identify(imageset/Tennisball_seg_600.v2-tennisball-seg-dataset-607-v02.yolov11/test) by extensions ['colcon_meta']
[0.844s] Level 1:colcon.colcon_core.package_identification:_identify(imageset/Tennisball_seg_600.v2-tennisball-seg-dataset-607-v02.yolov11/test) by extension 'colcon_meta'
[0.847s] Level 1:colcon.colcon_core.package_identification:_identify(imageset/Tennisball_seg_600.v2-tennisball-seg-dataset-607-v02.yolov11/test) by extensions ['ros']
[0.847s] Level 1:colcon.colcon_core.package_identification:_identify(imageset/Tennisball_seg_600.v2-tennisball-seg-dataset-607-v02.yolov11/test) by extension 'ros'
[0.852s] Level 1:colcon.colcon_core.package_identification:_identify(imageset/Tennisball_seg_600.v2-tennisball-seg-dataset-607-v02.yolov11/test) by extensions ['cmake', 'python']
[0.852s] Level 1:colcon.colcon_core.package_identification:_identify(imageset/Tennisball_seg_600.v2-tennisball-seg-dataset-607-v02.yolov11/test) by extension 'cmake'
[0.854s] Level 1:colcon.colcon_core.package_identification:_identify(imageset/Tennisball_seg_600.v2-tennisball-seg-dataset-607-v02.yolov11/test) by extension 'python'
[0.855s] Level 1:colcon.colcon_core.package_identification:_identify(imageset/Tennisball_seg_600.v2-tennisball-seg-dataset-607-v02.yolov11/test) by extensions ['python_setup_py']
[0.855s] Level 1:colcon.colcon_core.package_identification:_identify(imageset/Tennisball_seg_600.v2-tennisball-seg-dataset-607-v02.yolov11/test) by extension 'python_setup_py'
[0.862s] Level 1:colcon.colcon_core.package_identification:_identify(imageset/Tennisball_seg_600.v2-tennisball-seg-dataset-607-v02.yolov11/test/images) by extensions ['ignore', 'ignore_ament_install']
[0.862s] Level 1:colcon.colcon_core.package_identification:_identify(imageset/Tennisball_seg_600.v2-tennisball-seg-dataset-607-v02.yolov11/test/images) by extension 'ignore'
[0.864s] Level 1:colcon.colcon_core.package_identification:_identify(imageset/Tennisball_seg_600.v2-tennisball-seg-dataset-607-v02.yolov11/test/images) by extension 'ignore_ament_install'
[0.867s] Level 1:colcon.colcon_core.package_identification:_identify(imageset/Tennisball_seg_600.v2-tennisball-seg-dataset-607-v02.yolov11/test/images) by extensions ['colcon_pkg']
[0.867s] Level 1:colcon.colcon_core.package_identification:_identify(imageset/Tennisball_seg_600.v2-tennisball-seg-dataset-607-v02.yolov11/test/images) by extension 'colcon_pkg'
[0.868s] Level 1:colcon.colcon_core.package_identification:_identify(imageset/Tennisball_seg_600.v2-tennisball-seg-dataset-607-v02.yolov11/test/images) by extensions ['colcon_meta']
[0.868s] Level 1:colcon.colcon_core.package_identification:_identify(imageset/Tennisball_seg_600.v2-tennisball-seg-dataset-607-v02.yolov11/test/images) by extension 'colcon_meta'
[0.873s] Level 1:colcon.colcon_core.package_identification:_identify(imageset/Tennisball_seg_600.v2-tennisball-seg-dataset-607-v02.yolov11/test/images) by extensions ['ros']
[0.874s] Level 1:colcon.colcon_core.package_identification:_identify(imageset/Tennisball_seg_600.v2-tennisball-seg-dataset-607-v02.yolov11/test/images) by extension 'ros'
[0.884s] Level 1:colcon.colcon_core.package_identification:_identify(imageset/Tennisball_seg_600.v2-tennisball-seg-dataset-607-v02.yolov11/test/images) by extensions ['cmake', 'python']
[0.884s] Level 1:colcon.colcon_core.package_identification:_identify(imageset/Tennisball_seg_600.v2-tennisball-seg-dataset-607-v02.yolov11/test/images) by extension 'cmake'
[0.886s] Level 1:colcon.colcon_core.package_identification:_identify(imageset/Tennisball_seg_600.v2-tennisball-seg-dataset-607-v02.yolov11/test/images) by extension 'python'
[0.888s] Level 1:colcon.colcon_core.package_identification:_identify(imageset/Tennisball_seg_600.v2-tennisball-seg-dataset-607-v02.yolov11/test/images) by extensions ['python_setup_py']
[0.888s] Level 1:colcon.colcon_core.package_identification:_identify(imageset/Tennisball_seg_600.v2-tennisball-seg-dataset-607-v02.yolov11/test/images) by extension 'python_setup_py'
[0.895s] Level 1:colcon.colcon_core.package_identification:_identify(imageset/Tennisball_seg_600.v2-tennisball-seg-dataset-607-v02.yolov11/test/labels) by extensions ['ignore', 'ignore_ament_install']
[0.895s] Level 1:colcon.colcon_core.package_identification:_identify(imageset/Tennisball_seg_600.v2-tennisball-seg-dataset-607-v02.yolov11/test/labels) by extension 'ignore'
[0.897s] Level 1:colcon.colcon_core.package_identification:_identify(imageset/Tennisball_seg_600.v2-tennisball-seg-dataset-607-v02.yolov11/test/labels) by extension 'ignore_ament_install'
[0.900s] Level 1:colcon.colcon_core.package_identification:_identify(imageset/Tennisball_seg_600.v2-tennisball-seg-dataset-607-v02.yolov11/test/labels) by extensions ['colcon_pkg']
[0.900s] Level 1:colcon.colcon_core.package_identification:_identify(imageset/Tennisball_seg_600.v2-tennisball-seg-dataset-607-v02.yolov11/test/labels) by extension 'colcon_pkg'
[0.903s] Level 1:colcon.colcon_core.package_identification:_identify(imageset/Tennisball_seg_600.v2-tennisball-seg-dataset-607-v02.yolov11/test/labels) by extensions ['colcon_meta']
[0.903s] Level 1:colcon.colcon_core.package_identification:_identify(imageset/Tennisball_seg_600.v2-tennisball-seg-dataset-607-v02.yolov11/test/labels) by extension 'colcon_meta'
[0.906s] Level 1:colcon.colcon_core.package_identification:_identify(imageset/Tennisball_seg_600.v2-tennisball-seg-dataset-607-v02.yolov11/test/labels) by extensions ['ros']
[0.907s] Level 1:colcon.colcon_core.package_identification:_identify(imageset/Tennisball_seg_600.v2-tennisball-seg-dataset-607-v02.yolov11/test/labels) by extension 'ros'
[0.913s] Level 1:colcon.colcon_core.package_identification:_identify(imageset/Tennisball_seg_600.v2-tennisball-seg-dataset-607-v02.yolov11/test/labels) by extensions ['cmake', 'python']
[0.913s] Level 1:colcon.colcon_core.package_identification:_identify(imageset/Tennisball_seg_600.v2-tennisball-seg-dataset-607-v02.yolov11/test/labels) by extension 'cmake'
[0.915s] Level 1:colcon.colcon_core.package_identification:_identify(imageset/Tennisball_seg_600.v2-tennisball-seg-dataset-607-v02.yolov11/test/labels) by extension 'python'
[0.916s] Level 1:colcon.colcon_core.package_identification:_identify(imageset/Tennisball_seg_600.v2-tennisball-seg-dataset-607-v02.yolov11/test/labels) by extensions ['python_setup_py']
[0.916s] Level 1:colcon.colcon_core.package_identification:_identify(imageset/Tennisball_seg_600.v2-tennisball-seg-dataset-607-v02.yolov11/test/labels) by extension 'python_setup_py'
[0.923s] Level 1:colcon.colcon_core.package_identification:_identify(imageset/Tennisball_seg_600.v2-tennisball-seg-dataset-607-v02.yolov11/train) by extensions ['ignore', 'ignore_ament_install']
[0.923s] Level 1:colcon.colcon_core.package_identification:_identify(imageset/Tennisball_seg_600.v2-tennisball-seg-dataset-607-v02.yolov11/train) by extension 'ignore'
[0.924s] Level 1:colcon.colcon_core.package_identification:_identify(imageset/Tennisball_seg_600.v2-tennisball-seg-dataset-607-v02.yolov11/train) by extension 'ignore_ament_install'
[0.927s] Level 1:colcon.colcon_core.package_identification:_identify(imageset/Tennisball_seg_600.v2-tennisball-seg-dataset-607-v02.yolov11/train) by extensions ['colcon_pkg']
[0.927s] Level 1:colcon.colcon_core.package_identification:_identify(imageset/Tennisball_seg_600.v2-tennisball-seg-dataset-607-v02.yolov11/train) by extension 'colcon_pkg'
[0.928s] Level 1:colcon.colcon_core.package_identification:_identify(imageset/Tennisball_seg_600.v2-tennisball-seg-dataset-607-v02.yolov11/train) by extensions ['colcon_meta']
[0.928s] Level 1:colcon.colcon_core.package_identification:_identify(imageset/Tennisball_seg_600.v2-tennisball-seg-dataset-607-v02.yolov11/train) by extension 'colcon_meta'
[0.930s] Level 1:colcon.colcon_core.package_identification:_identify(imageset/Tennisball_seg_600.v2-tennisball-seg-dataset-607-v02.yolov11/train) by extensions ['ros']
[0.931s] Level 1:colcon.colcon_core.package_identification:_identify(imageset/Tennisball_seg_600.v2-tennisball-seg-dataset-607-v02.yolov11/train) by extension 'ros'
[0.937s] Level 1:colcon.colcon_core.package_identification:_identify(imageset/Tennisball_seg_600.v2-tennisball-seg-dataset-607-v02.yolov11/train) by extensions ['cmake', 'python']
[0.938s] Level 1:colcon.colcon_core.package_identification:_identify(imageset/Tennisball_seg_600.v2-tennisball-seg-dataset-607-v02.yolov11/train) by extension 'cmake'
[0.939s] Level 1:colcon.colcon_core.package_identification:_identify(imageset/Tennisball_seg_600.v2-tennisball-seg-dataset-607-v02.yolov11/train) by extension 'python'
[0.940s] Level 1:colcon.colcon_core.package_identification:_identify(imageset/Tennisball_seg_600.v2-tennisball-seg-dataset-607-v02.yolov11/train) by extensions ['python_setup_py']
[0.940s] Level 1:colcon.colcon_core.package_identification:_identify(imageset/Tennisball_seg_600.v2-tennisball-seg-dataset-607-v02.yolov11/train) by extension 'python_setup_py'
[0.956s] Level 1:colcon.colcon_core.package_identification:_identify(imageset/Tennisball_seg_600.v2-tennisball-seg-dataset-607-v02.yolov11/train/images) by extensions ['ignore', 'ignore_ament_install']
[0.956s] Level 1:colcon.colcon_core.package_identification:_identify(imageset/Tennisball_seg_600.v2-tennisball-seg-dataset-607-v02.yolov11/train/images) by extension 'ignore'
[0.958s] Level 1:colcon.colcon_core.package_identification:_identify(imageset/Tennisball_seg_600.v2-tennisball-seg-dataset-607-v02.yolov11/train/images) by extension 'ignore_ament_install'
[0.961s] Level 1:colcon.colcon_core.package_identification:_identify(imageset/Tennisball_seg_600.v2-tennisball-seg-dataset-607-v02.yolov11/train/images) by extensions ['colcon_pkg']
[0.961s] Level 1:colcon.colcon_core.package_identification:_identify(imageset/Tennisball_seg_600.v2-tennisball-seg-dataset-607-v02.yolov11/train/images) by extension 'colcon_pkg'
[0.963s] Level 1:colcon.colcon_core.package_identification:_identify(imageset/Tennisball_seg_600.v2-tennisball-seg-dataset-607-v02.yolov11/train/images) by extensions ['colcon_meta']
[0.963s] Level 1:colcon.colcon_core.package_identification:_identify(imageset/Tennisball_seg_600.v2-tennisball-seg-dataset-607-v02.yolov11/train/images) by extension 'colcon_meta'
[0.967s] Level 1:colcon.colcon_core.package_identification:_identify(imageset/Tennisball_seg_600.v2-tennisball-seg-dataset-607-v02.yolov11/train/images) by extensions ['ros']
[0.967s] Level 1:colcon.colcon_core.package_identification:_identify(imageset/Tennisball_seg_600.v2-tennisball-seg-dataset-607-v02.yolov11/train/images) by extension 'ros'
[0.974s] Level 1:colcon.colcon_core.package_identification:_identify(imageset/Tennisball_seg_600.v2-tennisball-seg-dataset-607-v02.yolov11/train/images) by extensions ['cmake', 'python']
[0.974s] Level 1:colcon.colcon_core.package_identification:_identify(imageset/Tennisball_seg_600.v2-tennisball-seg-dataset-607-v02.yolov11/train/images) by extension 'cmake'
[0.975s] Level 1:colcon.colcon_core.package_identification:_identify(imageset/Tennisball_seg_600.v2-tennisball-seg-dataset-607-v02.yolov11/train/images) by extension 'python'
[0.977s] Level 1:colcon.colcon_core.package_identification:_identify(imageset/Tennisball_seg_600.v2-tennisball-seg-dataset-607-v02.yolov11/train/images) by extensions ['python_setup_py']
[0.977s] Level 1:colcon.colcon_core.package_identification:_identify(imageset/Tennisball_seg_600.v2-tennisball-seg-dataset-607-v02.yolov11/train/images) by extension 'python_setup_py'
[0.993s] Level 1:colcon.colcon_core.package_identification:_identify(imageset/Tennisball_seg_600.v2-tennisball-seg-dataset-607-v02.yolov11/train/labels) by extensions ['ignore', 'ignore_ament_install']
[0.993s] Level 1:colcon.colcon_core.package_identification:_identify(imageset/Tennisball_seg_600.v2-tennisball-seg-dataset-607-v02.yolov11/train/labels) by extension 'ignore'
[0.994s] Level 1:colcon.colcon_core.package_identification:_identify(imageset/Tennisball_seg_600.v2-tennisball-seg-dataset-607-v02.yolov11/train/labels) by extension 'ignore_ament_install'
[0.997s] Level 1:colcon.colcon_core.package_identification:_identify(imageset/Tennisball_seg_600.v2-tennisball-seg-dataset-607-v02.yolov11/train/labels) by extensions ['colcon_pkg']
[0.998s] Level 1:colcon.colcon_core.package_identification:_identify(imageset/Tennisball_seg_600.v2-tennisball-seg-dataset-607-v02.yolov11/train/labels) by extension 'colcon_pkg'
[0.999s] Level 1:colcon.colcon_core.package_identification:_identify(imageset/Tennisball_seg_600.v2-tennisball-seg-dataset-607-v02.yolov11/train/labels) by extensions ['colcon_meta']
[0.999s] Level 1:colcon.colcon_core.package_identification:_identify(imageset/Tennisball_seg_600.v2-tennisball-seg-dataset-607-v02.yolov11/train/labels) by extension 'colcon_meta'
[1.003s] Level 1:colcon.colcon_core.package_identification:_identify(imageset/Tennisball_seg_600.v2-tennisball-seg-dataset-607-v02.yolov11/train/labels) by extensions ['ros']
[1.003s] Level 1:colcon.colcon_core.package_identification:_identify(imageset/Tennisball_seg_600.v2-tennisball-seg-dataset-607-v02.yolov11/train/labels) by extension 'ros'
[1.010s] Level 1:colcon.colcon_core.package_identification:_identify(imageset/Tennisball_seg_600.v2-tennisball-seg-dataset-607-v02.yolov11/train/labels) by extensions ['cmake', 'python']
[1.010s] Level 1:colcon.colcon_core.package_identification:_identify(imageset/Tennisball_seg_600.v2-tennisball-seg-dataset-607-v02.yolov11/train/labels) by extension 'cmake'
[1.011s] Level 1:colcon.colcon_core.package_identification:_identify(imageset/Tennisball_seg_600.v2-tennisball-seg-dataset-607-v02.yolov11/train/labels) by extension 'python'
[1.013s] Level 1:colcon.colcon_core.package_identification:_identify(imageset/Tennisball_seg_600.v2-tennisball-seg-dataset-607-v02.yolov11/train/labels) by extensions ['python_setup_py']
[1.013s] Level 1:colcon.colcon_core.package_identification:_identify(imageset/Tennisball_seg_600.v2-tennisball-seg-dataset-607-v02.yolov11/train/labels) by extension 'python_setup_py'
[1.022s] Level 1:colcon.colcon_core.package_identification:_identify(imageset/Tennisball_seg_600.v2-tennisball-seg-dataset-607-v02.yolov11/valid) by extensions ['ignore', 'ignore_ament_install']
[1.022s] Level 1:colcon.colcon_core.package_identification:_identify(imageset/Tennisball_seg_600.v2-tennisball-seg-dataset-607-v02.yolov11/valid) by extension 'ignore'
[1.023s] Level 1:colcon.colcon_core.package_identification:_identify(imageset/Tennisball_seg_600.v2-tennisball-seg-dataset-607-v02.yolov11/valid) by extension 'ignore_ament_install'
[1.026s] Level 1:colcon.colcon_core.package_identification:_identify(imageset/Tennisball_seg_600.v2-tennisball-seg-dataset-607-v02.yolov11/valid) by extensions ['colcon_pkg']
[1.026s] Level 1:colcon.colcon_core.package_identification:_identify(imageset/Tennisball_seg_600.v2-tennisball-seg-dataset-607-v02.yolov11/valid) by extension 'colcon_pkg'
[1.027s] Level 1:colcon.colcon_core.package_identification:_identify(imageset/Tennisball_seg_600.v2-tennisball-seg-dataset-607-v02.yolov11/valid) by extensions ['colcon_meta']
[1.028s] Level 1:colcon.colcon_core.package_identification:_identify(imageset/Tennisball_seg_600.v2-tennisball-seg-dataset-607-v02.yolov11/valid) by extension 'colcon_meta'
[1.031s] Level 1:colcon.colcon_core.package_identification:_identify(imageset/Tennisball_seg_600.v2-tennisball-seg-dataset-607-v02.yolov11/valid) by extensions ['ros']
[1.031s] Level 1:colcon.colcon_core.package_identification:_identify(imageset/Tennisball_seg_600.v2-tennisball-seg-dataset-607-v02.yolov11/valid) by extension 'ros'
[1.037s] Level 1:colcon.colcon_core.package_identification:_identify(imageset/Tennisball_seg_600.v2-tennisball-seg-dataset-607-v02.yolov11/valid) by extensions ['cmake', 'python']
[1.037s] Level 1:colcon.colcon_core.package_identification:_identify(imageset/Tennisball_seg_600.v2-tennisball-seg-dataset-607-v02.yolov11/valid) by extension 'cmake'
[1.038s] Level 1:colcon.colcon_core.package_identification:_identify(imageset/Tennisball_seg_600.v2-tennisball-seg-dataset-607-v02.yolov11/valid) by extension 'python'
[1.039s] Level 1:colcon.colcon_core.package_identification:_identify(imageset/Tennisball_seg_600.v2-tennisball-seg-dataset-607-v02.yolov11/valid) by extensions ['python_setup_py']
[1.039s] Level 1:colcon.colcon_core.package_identification:_identify(imageset/Tennisball_seg_600.v2-tennisball-seg-dataset-607-v02.yolov11/valid) by extension 'python_setup_py'
[1.045s] Level 1:colcon.colcon_core.package_identification:_identify(imageset/Tennisball_seg_600.v2-tennisball-seg-dataset-607-v02.yolov11/valid/images) by extensions ['ignore', 'ignore_ament_install']
[1.046s] Level 1:colcon.colcon_core.package_identification:_identify(imageset/Tennisball_seg_600.v2-tennisball-seg-dataset-607-v02.yolov11/valid/images) by extension 'ignore'
[1.047s] Level 1:colcon.colcon_core.package_identification:_identify(imageset/Tennisball_seg_600.v2-tennisball-seg-dataset-607-v02.yolov11/valid/images) by extension 'ignore_ament_install'
[1.050s] Level 1:colcon.colcon_core.package_identification:_identify(imageset/Tennisball_seg_600.v2-tennisball-seg-dataset-607-v02.yolov11/valid/images) by extensions ['colcon_pkg']
[1.051s] Level 1:colcon.colcon_core.package_identification:_identify(imageset/Tennisball_seg_600.v2-tennisball-seg-dataset-607-v02.yolov11/valid/images) by extension 'colcon_pkg'
[1.052s] Level 1:colcon.colcon_core.package_identification:_identify(imageset/Tennisball_seg_600.v2-tennisball-seg-dataset-607-v02.yolov11/valid/images) by extensions ['colcon_meta']
[1.052s] Level 1:colcon.colcon_core.package_identification:_identify(imageset/Tennisball_seg_600.v2-tennisball-seg-dataset-607-v02.yolov11/valid/images) by extension 'colcon_meta'
[1.055s] Level 1:colcon.colcon_core.package_identification:_identify(imageset/Tennisball_seg_600.v2-tennisball-seg-dataset-607-v02.yolov11/valid/images) by extensions ['ros']
[1.056s] Level 1:colcon.colcon_core.package_identification:_identify(imageset/Tennisball_seg_600.v2-tennisball-seg-dataset-607-v02.yolov11/valid/images) by extension 'ros'
[1.064s] Level 1:colcon.colcon_core.package_identification:_identify(imageset/Tennisball_seg_600.v2-tennisball-seg-dataset-607-v02.yolov11/valid/images) by extensions ['cmake', 'python']
[1.064s] Level 1:colcon.colcon_core.package_identification:_identify(imageset/Tennisball_seg_600.v2-tennisball-seg-dataset-607-v02.yolov11/valid/images) by extension 'cmake'
[1.065s] Level 1:colcon.colcon_core.package_identification:_identify(imageset/Tennisball_seg_600.v2-tennisball-seg-dataset-607-v02.yolov11/valid/images) by extension 'python'
[1.067s] Level 1:colcon.colcon_core.package_identification:_identify(imageset/Tennisball_seg_600.v2-tennisball-seg-dataset-607-v02.yolov11/valid/images) by extensions ['python_setup_py']
[1.067s] Level 1:colcon.colcon_core.package_identification:_identify(imageset/Tennisball_seg_600.v2-tennisball-seg-dataset-607-v02.yolov11/valid/images) by extension 'python_setup_py'
[1.075s] Level 1:colcon.colcon_core.package_identification:_identify(imageset/Tennisball_seg_600.v2-tennisball-seg-dataset-607-v02.yolov11/valid/labels) by extensions ['ignore', 'ignore_ament_install']
[1.075s] Level 1:colcon.colcon_core.package_identification:_identify(imageset/Tennisball_seg_600.v2-tennisball-seg-dataset-607-v02.yolov11/valid/labels) by extension 'ignore'
[1.077s] Level 1:colcon.colcon_core.package_identification:_identify(imageset/Tennisball_seg_600.v2-tennisball-seg-dataset-607-v02.yolov11/valid/labels) by extension 'ignore_ament_install'
[1.080s] Level 1:colcon.colcon_core.package_identification:_identify(imageset/Tennisball_seg_600.v2-tennisball-seg-dataset-607-v02.yolov11/valid/labels) by extensions ['colcon_pkg']
[1.080s] Level 1:colcon.colcon_core.package_identification:_identify(imageset/Tennisball_seg_600.v2-tennisball-seg-dataset-607-v02.yolov11/valid/labels) by extension 'colcon_pkg'
[1.082s] Level 1:colcon.colcon_core.package_identification:_identify(imageset/Tennisball_seg_600.v2-tennisball-seg-dataset-607-v02.yolov11/valid/labels) by extensions ['colcon_meta']
[1.082s] Level 1:colcon.colcon_core.package_identification:_identify(imageset/Tennisball_seg_600.v2-tennisball-seg-dataset-607-v02.yolov11/valid/labels) by extension 'colcon_meta'
[1.086s] Level 1:colcon.colcon_core.package_identification:_identify(imageset/Tennisball_seg_600.v2-tennisball-seg-dataset-607-v02.yolov11/valid/labels) by extensions ['ros']
[1.086s] Level 1:colcon.colcon_core.package_identification:_identify(imageset/Tennisball_seg_600.v2-tennisball-seg-dataset-607-v02.yolov11/valid/labels) by extension 'ros'
[1.093s] Level 1:colcon.colcon_core.package_identification:_identify(imageset/Tennisball_seg_600.v2-tennisball-seg-dataset-607-v02.yolov11/valid/labels) by extensions ['cmake', 'python']
[1.093s] Level 1:colcon.colcon_core.package_identification:_identify(imageset/Tennisball_seg_600.v2-tennisball-seg-dataset-607-v02.yolov11/valid/labels) by extension 'cmake'
[1.095s] Level 1:colcon.colcon_core.package_identification:_identify(imageset/Tennisball_seg_600.v2-tennisball-seg-dataset-607-v02.yolov11/valid/labels) by extension 'python'
[1.096s] Level 1:colcon.colcon_core.package_identification:_identify(imageset/Tennisball_seg_600.v2-tennisball-seg-dataset-607-v02.yolov11/valid/labels) by extensions ['python_setup_py']
[1.096s] Level 1:colcon.colcon_core.package_identification:_identify(imageset/Tennisball_seg_600.v2-tennisball-seg-dataset-607-v02.yolov11/valid/labels) by extension 'python_setup_py'
[1.100s] Level 1:colcon.colcon_core.package_identification:_identify(install) by extensions ['ignore', 'ignore_ament_install']
[1.100s] Level 1:colcon.colcon_core.package_identification:_identify(install) by extension 'ignore'
[1.101s] Level 1:colcon.colcon_core.package_identification:_identify(install) ignored
[1.104s] Level 1:colcon.colcon_core.package_identification:_identify(log) by extensions ['ignore', 'ignore_ament_install']
[1.104s] Level 1:colcon.colcon_core.package_identification:_identify(log) by extension 'ignore'
[1.105s] Level 1:colcon.colcon_core.package_identification:_identify(log) ignored
[1.107s] Level 1:colcon.colcon_core.package_identification:_identify(ros2_detection) by extensions ['ignore', 'ignore_ament_install']
[1.107s] Level 1:colcon.colcon_core.package_identification:_identify(ros2_detection) by extension 'ignore'
[1.108s] Level 1:colcon.colcon_core.package_identification:_identify(ros2_detection) by extension 'ignore_ament_install'
[1.109s] Level 1:colcon.colcon_core.package_identification:_identify(ros2_detection) by extensions ['colcon_pkg']
[1.109s] Level 1:colcon.colcon_core.package_identification:_identify(ros2_detection) by extension 'colcon_pkg'
[1.110s] Level 1:colcon.colcon_core.package_identification:_identify(ros2_detection) by extensions ['colcon_meta']
[1.110s] Level 1:colcon.colcon_core.package_identification:_identify(ros2_detection) by extension 'colcon_meta'
[1.110s] Level 1:colcon.colcon_core.package_identification:_identify(ros2_detection) by extensions ['ros']
[1.111s] Level 1:colcon.colcon_core.package_identification:_identify(ros2_detection) by extension 'ros'
[1.121s] DEBUG:colcon.colcon_core.package_identification:Package 'ros2_detection' with type 'ros.ament_python' and name 'ros2_detection'
[1.121s] Level 1:colcon.colcon_core.package_discovery:discover_packages(recursive) using defaults
[1.121s] Level 1:colcon.colcon_core.package_discovery:discover_packages(ignore) discover
[1.122s] Level 1:colcon.colcon_core.package_discovery:discover_packages(ignore) using defaults
[1.122s] Level 1:colcon.colcon_core.package_discovery:discover_packages(path) discover
[1.122s] Level 1:colcon.colcon_core.package_discovery:discover_packages(path) using defaults
[1.151s] Level 5:colcon.colcon_core.verb:set package 'ros2_detection' build argument 'cmake_args' from command line to 'None'
[1.151s] Level 5:colcon.colcon_core.verb:set package 'ros2_detection' build argument 'cmake_target' from command line to 'None'
[1.151s] Level 5:colcon.colcon_core.verb:set package 'ros2_detection' build argument 'cmake_target_skip_unavailable' from command line to 'False'
[1.151s] Level 5:colcon.colcon_core.verb:set package 'ros2_detection' build argument 'cmake_clean_cache' from command line to 'False'
[1.152s] Level 5:colcon.colcon_core.verb:set package 'ros2_detection' build argument 'cmake_clean_first' from command line to 'False'
[1.152s] Level 5:colcon.colcon_core.verb:set package 'ros2_detection' build argument 'cmake_force_configure' from command line to 'False'
[1.152s] Level 5:colcon.colcon_core.verb:set package 'ros2_detection' build argument 'ament_cmake_args' from command line to 'None'
[1.152s] Level 5:colcon.colcon_core.verb:set package 'ros2_detection' build argument 'catkin_cmake_args' from command line to 'None'
[1.152s] Level 5:colcon.colcon_core.verb:set package 'ros2_detection' build argument 'catkin_skip_building_tests' from command line to 'False'
[1.152s] DEBUG:colcon.colcon_core.verb:Building package 'ros2_detection' with the following arguments: {'ament_cmake_args': None, 'build_base': '/workspace/build/ros2_detection', 'catkin_cmake_args': None, 'catkin_skip_building_tests': False, 'cmake_args': None, 'cmake_clean_cache': False, 'cmake_clean_first': False, 'cmake_force_configure': False, 'cmake_target': None, 'cmake_target_skip_unavailable': False, 'install_base': '/workspace/install/ros2_detection', 'merge_install': False, 'path': '/workspace/ros2_detection', 'symlink_install': False, 'test_result_base': None}
[1.152s] INFO:colcon.colcon_core.executor:Executing jobs using 'parallel' executor
[1.153s] DEBUG:colcon.colcon_parallel_executor.executor.parallel:run_until_complete
[1.154s] INFO:colcon.colcon_ros.task.ament_python.build:Building ROS package in '/workspace/ros2_detection' with build type 'ament_python'
[1.154s] Level 1:colcon.colcon_core.shell:create_environment_hook('ros2_detection', 'ament_prefix_path')
[1.158s] INFO:colcon.colcon_core.plugin_system:Skipping extension 'colcon_core.shell.bat': Not used on non-Windows systems
[1.158s] INFO:colcon.colcon_core.shell:Creating environment hook '/workspace/install/ros2_detection/share/ros2_detection/hook/ament_prefix_path.ps1'
[1.176s] INFO:colcon.colcon_core.shell:Creating environment descriptor '/workspace/install/ros2_detection/share/ros2_detection/hook/ament_prefix_path.dsv'
[1.188s] INFO:colcon.colcon_core.shell:Creating environment hook '/workspace/install/ros2_detection/share/ros2_detection/hook/ament_prefix_path.sh'
[1.196s] INFO:colcon.colcon_core.shell:Skip shell extension 'powershell' for command environment: Not usable outside of PowerShell
[1.197s] DEBUG:colcon.colcon_core.shell:Skip shell extension 'dsv' for command environment
[1.395s] INFO:colcon.colcon_core.task.python.build:Building Python package in '/workspace/ros2_detection'
[1.395s] INFO:colcon.colcon_core.shell:Skip shell extension 'powershell' for command environment: Not usable outside of PowerShell
[1.395s] DEBUG:colcon.colcon_core.shell:Skip shell extension 'dsv' for command environment
[2.269s] DEBUG:colcon.colcon_core.event_handler.log_command:Invoking command in '/workspace/ros2_detection': PYTHONPATH=/workspace/build/ros2_detection/prefix_override:/usr/lib/python3/dist-packages/colcon_core/task/python/colcon_distutils_commands:/workspace/install/ros2_detection/lib/python3.10/site-packages:${PYTHONPATH} /usr/bin/python3 -W ignore:setup.py install is deprecated -W ignore:easy_install command is deprecated setup.py egg_info --egg-base ../build/ros2_detection build --build-base /workspace/build/ros2_detection/build install --record /workspace/build/ros2_detection/install.log --single-version-externally-managed install_data
[3.533s] DEBUG:colcon.colcon_core.event_handler.log_command:Invoked command in '/workspace/ros2_detection' returned '0': PYTHONPATH=/workspace/build/ros2_detection/prefix_override:/usr/lib/python3/dist-packages/colcon_core/task/python/colcon_distutils_commands:/workspace/install/ros2_detection/lib/python3.10/site-packages:${PYTHONPATH} /usr/bin/python3 -W ignore:setup.py install is deprecated -W ignore:easy_install command is deprecated setup.py egg_info --egg-base ../build/ros2_detection build --build-base /workspace/build/ros2_detection/build install --record /workspace/build/ros2_detection/install.log --single-version-externally-managed install_data
[3.536s] Level 1:colcon.colcon_core.environment:checking '/workspace/install/ros2_detection' for CMake module files
[3.577s] Level 1:colcon.colcon_core.environment:checking '/workspace/install/ros2_detection' for CMake config files
[3.661s] Level 1:colcon.colcon_core.environment:checking '/workspace/install/ros2_detection/lib'
[3.664s] Level 1:colcon.colcon_core.environment:checking '/workspace/install/ros2_detection/bin'
[3.665s] Level 1:colcon.colcon_core.environment:checking '/workspace/install/ros2_detection/lib/pkgconfig/ros2_detection.pc'
[3.667s] Level 1:colcon.colcon_core.environment:checking '/workspace/install/ros2_detection/lib/python3.10/site-packages'
[3.668s] Level 1:colcon.colcon_core.shell:create_environment_hook('ros2_detection', 'pythonpath')
[3.669s] INFO:colcon.colcon_core.shell:Creating environment hook '/workspace/install/ros2_detection/share/ros2_detection/hook/pythonpath.ps1'
[3.680s] INFO:colcon.colcon_core.shell:Creating environment descriptor '/workspace/install/ros2_detection/share/ros2_detection/hook/pythonpath.dsv'
[3.696s] INFO:colcon.colcon_core.shell:Creating environment hook '/workspace/install/ros2_detection/share/ros2_detection/hook/pythonpath.sh'
[3.710s] Level 1:colcon.colcon_core.environment:checking '/workspace/install/ros2_detection/bin'
[3.711s] Level 1:colcon.colcon_core.environment:create_environment_scripts_only(ros2_detection)
[3.712s] INFO:colcon.colcon_core.shell:Creating package script '/workspace/install/ros2_detection/share/ros2_detection/package.ps1'
[3.722s] INFO:colcon.colcon_core.shell:Creating package descriptor '/workspace/install/ros2_detection/share/ros2_detection/package.dsv'
[3.731s] INFO:colcon.colcon_core.shell:Creating package script '/workspace/install/ros2_detection/share/ros2_detection/package.sh'
[3.743s] INFO:colcon.colcon_core.shell:Creating package script '/workspace/install/ros2_detection/share/ros2_detection/package.bash'
[3.756s] INFO:colcon.colcon_core.shell:Creating package script '/workspace/install/ros2_detection/share/ros2_detection/package.zsh'
[3.770s] Level 1:colcon.colcon_core.environment:create_file_with_runtime_dependencies(/workspace/install/ros2_detection/share/colcon-core/packages/ros2_detection)
[3.777s] DEBUG:colcon.colcon_parallel_executor.executor.parallel:closing loop
[3.777s] DEBUG:colcon.colcon_parallel_executor.executor.parallel:loop closed
[3.778s] DEBUG:colcon.colcon_parallel_executor.executor.parallel:run_until_complete finished with '0'
[3.778s] DEBUG:colcon.colcon_core.event_reactor:joining thread
[3.803s] INFO:colcon.colcon_core.plugin_system:Skipping extension 'colcon_notification.desktop_notification.notify_send': Could not find 'notify-send'
[3.803s] INFO:colcon.colcon_core.plugin_system:Skipping extension 'colcon_notification.desktop_notification.terminal_notifier': Not used on non-Darwin systems
[3.804s] INFO:colcon.colcon_core.plugin_system:Skipping extension 'colcon_notification.desktop_notification.win32': Not used on non-Windows systems
[3.804s] INFO:colcon.colcon_notification.desktop_notification:Sending desktop notification using 'notify2'
[3.804s] DEBUG:colcon.colcon_notification.desktop_notification.notify2:Failed to initialize notify2: org.freedesktop.DBus.Error.InvalidFileContent: D-Bus library appears to be incorrectly set up: see the manual page for dbus-uuidgen to correct this issue. (Failed to open "/var/lib/dbus/machine-id": No such file or directory; UUID file '/etc/machine-id' should contain a hex string of length 32, not length 0, with no other text)
[3.805s] DEBUG:colcon.colcon_core.event_reactor:joined thread
[3.805s] INFO:colcon.colcon_core.shell:Creating prefix script '/workspace/install/local_setup.ps1'
[3.811s] INFO:colcon.colcon_core.shell:Creating prefix util module '/workspace/install/_local_setup_util_ps1.py'
[3.819s] INFO:colcon.colcon_core.shell:Creating prefix chain script '/workspace/install/setup.ps1'
[3.829s] INFO:colcon.colcon_core.shell:Creating prefix script '/workspace/install/local_setup.sh'
[3.834s] INFO:colcon.colcon_core.shell:Creating prefix util module '/workspace/install/_local_setup_util_sh.py'
[3.839s] INFO:colcon.colcon_core.shell:Creating prefix chain script '/workspace/install/setup.sh'
[3.848s] INFO:colcon.colcon_core.shell:Creating prefix script '/workspace/install/local_setup.bash'
[3.852s] INFO:colcon.colcon_core.shell:Creating prefix chain script '/workspace/install/setup.bash'
[3.855s] INFO:colcon.colcon_core.shell:Creating prefix script '/workspace/install/local_setup.zsh'
[3.859s] INFO:colcon.colcon_core.shell:Creating prefix chain script '/workspace/install/setup.zsh'
