[1.111s] Invoking command in '/workspace/ros2_detection': PYTHONPATH=/workspace/build/ros2_detection/prefix_override:/usr/lib/python3/dist-packages/colcon_core/task/python/colcon_distutils_commands:/workspace/install/ros2_detection/lib/python3.10/site-packages:${PYTHONPATH} /usr/bin/python3 -W ignore:setup.py install is deprecated -W ignore:easy_install command is deprecated setup.py egg_info --egg-base ../build/ros2_detection build --build-base /workspace/build/ros2_detection/build install --record /workspace/build/ros2_detection/install.log --single-version-externally-managed install_data
[1.715s] running egg_info
[1.720s] writing ../build/ros2_detection/ros2_detection.egg-info/PKG-INFO
[1.728s] writing dependency_links to ../build/ros2_detection/ros2_detection.egg-info/dependency_links.txt
[1.734s] writing entry points to ../build/ros2_detection/ros2_detection.egg-info/entry_points.txt
[1.742s] writing requirements to ../build/ros2_detection/ros2_detection.egg-info/requires.txt
[1.745s] writing top-level names to ../build/ros2_detection/ros2_detection.egg-info/top_level.txt
[1.770s] reading manifest file '../build/ros2_detection/ros2_detection.egg-info/SOURCES.txt'
[1.826s] writing manifest file '../build/ros2_detection/ros2_detection.egg-info/SOURCES.txt'
[1.830s] running build
[1.831s] running build_py
[1.873s] running install
[1.873s] running install_lib
[1.953s] running install_data
[1.986s] running install_egg_info
[1.996s] removing '/workspace/install/ros2_detection/lib/python3.10/site-packages/ros2_detection-0.0.1-py3.10.egg-info' (and everything under it)
[2.049s] Copying ../build/ros2_detection/ros2_detection.egg-info to /workspace/install/ros2_detection/lib/python3.10/site-packages/ros2_detection-0.0.1-py3.10.egg-info
[2.281s] running install_scripts
[2.346s] Installing detector_node script to /workspace/install/ros2_detection/lib/ros2_detection
[2.357s] writing list of installed files to '/workspace/build/ros2_detection/install.log'
[2.374s] Invoked command in '/workspace/ros2_detection' returned '0': PYTHONPATH=/workspace/build/ros2_detection/prefix_override:/usr/lib/python3/dist-packages/colcon_core/task/python/colcon_distutils_commands:/workspace/install/ros2_detection/lib/python3.10/site-packages:${PYTHONPATH} /usr/bin/python3 -W ignore:setup.py install is deprecated -W ignore:easy_install command is deprecated setup.py egg_info --egg-base ../build/ros2_detection build --build-base /workspace/build/ros2_detection/build install --record /workspace/build/ros2_detection/install.log --single-version-externally-managed install_data
