[1.182s] Invoking command in '/workspace/ros2_detection': PYTHONPATH=/workspace/build/ros2_detection/prefix_override:/usr/lib/python3/dist-packages/colcon_core/task/python/colcon_distutils_commands:/workspace/install/ros2_detection/lib/python3.10/site-packages:${PYTHONPATH} /usr/bin/python3 -W ignore:setup.py install is deprecated -W ignore:easy_install command is deprecated setup.py egg_info --egg-base ../build/ros2_detection build --build-base /workspace/build/ros2_detection/build install --record /workspace/build/ros2_detection/install.log --single-version-externally-managed install_data
[1.823s] running egg_info
[1.837s] writing ../build/ros2_detection/ros2_detection.egg-info/PKG-INFO
[1.853s] writing dependency_links to ../build/ros2_detection/ros2_detection.egg-info/dependency_links.txt
[1.864s] writing entry points to ../build/ros2_detection/ros2_detection.egg-info/entry_points.txt
[1.871s] writing requirements to ../build/ros2_detection/ros2_detection.egg-info/requires.txt
[1.875s] writing top-level names to ../build/ros2_detection/ros2_detection.egg-info/top_level.txt
[1.908s] reading manifest file '../build/ros2_detection/ros2_detection.egg-info/SOURCES.txt'
[1.982s] writing manifest file '../build/ros2_detection/ros2_detection.egg-info/SOURCES.txt'
[1.991s] running build
[1.993s] running build_py
[2.033s] copying ros2_detection/detection_model_selection.py -> /workspace/build/ros2_detection/build/lib/ros2_detection
[2.178s] running install
[2.179s] running install_lib
[2.216s] copying /workspace/build/ros2_detection/build/lib/ros2_detection/detection_model_selection.py -> /workspace/install/ros2_detection/lib/python3.10/site-packages/ros2_detection
[2.320s] byte-compiling /workspace/install/ros2_detection/lib/python3.10/site-packages/ros2_detection/detection_model_selection.py to detection_model_selection.cpython-310.pyc
[2.389s] running install_data
[2.417s] running install_egg_info
[2.427s] removing '/workspace/install/ros2_detection/lib/python3.10/site-packages/ros2_detection-0.0.1-py3.10.egg-info' (and everything under it)
[2.478s] Copying ../build/ros2_detection/ros2_detection.egg-info to /workspace/install/ros2_detection/lib/python3.10/site-packages/ros2_detection-0.0.1-py3.10.egg-info
[2.700s] running install_scripts
[2.755s] Installing detector_node script to /workspace/install/ros2_detection/lib/ros2_detection
[2.766s] writing list of installed files to '/workspace/build/ros2_detection/install.log'
[2.784s] Invoked command in '/workspace/ros2_detection' returned '0': PYTHONPATH=/workspace/build/ros2_detection/prefix_override:/usr/lib/python3/dist-packages/colcon_core/task/python/colcon_distutils_commands:/workspace/install/ros2_detection/lib/python3.10/site-packages:${PYTHONPATH} /usr/bin/python3 -W ignore:setup.py install is deprecated -W ignore:easy_install command is deprecated setup.py egg_info --egg-base ../build/ros2_detection build --build-base /workspace/build/ros2_detection/build install --record /workspace/build/ros2_detection/install.log --single-version-externally-managed install_data
