[0.188s] DEBUG:colcon:Command line arguments: ['/usr/bin/colcon', 'build', '--packages-select', 'ros2_detection']
[0.188s] DEBUG:colcon:Parsed command line arguments: Namespace(log_base=None, log_level=None, verb_name='build', build_base='build', install_base='install', merge_install=False, symlink_install=False, test_result_base=None, continue_on_error=False, executor='parallel', parallel_workers=16, event_handlers=None, ignore_user_meta=False, metas=['./colcon.meta'], base_paths=['.'], packages_ignore=None, packages_ignore_regex=None, paths=None, packages_up_to=None, packages_up_to_regex=None, packages_above=None, packages_above_and_dependencies=None, packages_above_depth=None, packages_select_by_dep=None, packages_skip_by_dep=None, packages_skip_up_to=None, packages_select_build_failed=False, packages_skip_build_finished=False, packages_select_test_failures=False, packages_skip_test_passed=False, packages_select=['ros2_detection'], packages_skip=None, packages_select_regex=None, packages_skip_regex=None, packages_start=None, packages_end=None, cmake_args=None, cmake_target=None, cmake_target_skip_unavailable=False, cmake_clean_cache=False, cmake_clean_first=False, cmake_force_configure=False, ament_cmake_args=None, catkin_cmake_args=None, catkin_skip_building_tests=False, mixin_files=None, mixin=None, verb_parser=<colcon_mixin.mixin.mixin_argument.MixinArgumentDecorator object at 0x79fe3441f220>, verb_extension=<colcon_core.verb.build.BuildVerb object at 0x79fe3441eb90>, main=<bound method BuildVerb.main of <colcon_core.verb.build.BuildVerb object at 0x79fe3441eb90>>, mixin_verb=('build',))
[0.366s] Level 1:colcon.colcon_core.package_discovery:discover_packages(colcon_meta) check parameters
[0.368s] INFO:colcon.colcon_metadata.package_discovery.colcon_meta:Using configuration from '/root/.colcon/metadata/default/Gazebo.meta'
[0.369s] INFO:colcon.colcon_metadata.package_discovery.colcon_meta:Using configuration from '/root/.colcon/metadata/default/fastdds.meta'
[0.369s] INFO:colcon.colcon_metadata.package_discovery.colcon_meta:Using configuration from '/root/.colcon/metadata/default/fastrtps.meta'
[0.370s] Level 1:colcon.colcon_core.package_discovery:discover_packages(recursive) check parameters
[0.370s] Level 1:colcon.colcon_core.package_discovery:discover_packages(ignore) check parameters
[0.370s] Level 1:colcon.colcon_core.package_discovery:discover_packages(path) check parameters
[0.370s] Level 1:colcon.colcon_core.package_discovery:discover_packages(colcon_meta) discover
[0.370s] Level 1:colcon.colcon_core.package_discovery:discover_packages(recursive) discover
[0.371s] INFO:colcon.colcon_core.package_discovery:Crawling recursively for packages in '/workspace'
[0.373s] Level 1:colcon.colcon_core.package_identification:_identify(.) by extensions ['ignore', 'ignore_ament_install']
[0.373s] Level 1:colcon.colcon_core.package_identification:_identify(.) by extension 'ignore'
[0.373s] Level 1:colcon.colcon_core.package_identification:_identify(.) by extension 'ignore_ament_install'
[0.374s] Level 1:colcon.colcon_core.package_identification:_identify(.) by extensions ['colcon_pkg']
[0.374s] Level 1:colcon.colcon_core.package_identification:_identify(.) by extension 'colcon_pkg'
[0.374s] Level 1:colcon.colcon_core.package_identification:_identify(.) by extensions ['colcon_meta']
[0.375s] Level 1:colcon.colcon_core.package_identification:_identify(.) by extension 'colcon_meta'
[0.375s] Level 1:colcon.colcon_core.package_identification:_identify(.) by extensions ['ros']
[0.375s] Level 1:colcon.colcon_core.package_identification:_identify(.) by extension 'ros'
[0.406s] Level 1:colcon.colcon_core.package_identification:_identify(.) by extensions ['cmake', 'python']
[0.407s] Level 1:colcon.colcon_core.package_identification:_identify(.) by extension 'cmake'
[0.407s] Level 1:colcon.colcon_core.package_identification:_identify(.) by extension 'python'
[0.408s] Level 1:colcon.colcon_core.package_identification:_identify(.) by extensions ['python_setup_py']
[0.408s] Level 1:colcon.colcon_core.package_identification:_identify(.) by extension 'python_setup_py'
[0.410s] Level 1:colcon.colcon_core.package_identification:_identify(__pycache__) by extensions ['ignore', 'ignore_ament_install']
[0.411s] Level 1:colcon.colcon_core.package_identification:_identify(__pycache__) by extension 'ignore'
[0.411s] Level 1:colcon.colcon_core.package_identification:_identify(__pycache__) by extension 'ignore_ament_install'
[0.412s] Level 1:colcon.colcon_core.package_identification:_identify(__pycache__) by extensions ['colcon_pkg']
[0.413s] Level 1:colcon.colcon_core.package_identification:_identify(__pycache__) by extension 'colcon_pkg'
[0.413s] Level 1:colcon.colcon_core.package_identification:_identify(__pycache__) by extensions ['colcon_meta']
[0.413s] Level 1:colcon.colcon_core.package_identification:_identify(__pycache__) by extension 'colcon_meta'
[0.414s] Level 1:colcon.colcon_core.package_identification:_identify(__pycache__) by extensions ['ros']
[0.414s] Level 1:colcon.colcon_core.package_identification:_identify(__pycache__) by extension 'ros'
[0.418s] Level 1:colcon.colcon_core.package_identification:_identify(__pycache__) by extensions ['cmake', 'python']
[0.418s] Level 1:colcon.colcon_core.package_identification:_identify(__pycache__) by extension 'cmake'
[0.419s] Level 1:colcon.colcon_core.package_identification:_identify(__pycache__) by extension 'python'
[0.419s] Level 1:colcon.colcon_core.package_identification:_identify(__pycache__) by extensions ['python_setup_py']
[0.419s] Level 1:colcon.colcon_core.package_identification:_identify(__pycache__) by extension 'python_setup_py'
[0.422s] Level 1:colcon.colcon_core.package_identification:_identify(build) by extensions ['ignore', 'ignore_ament_install']
[0.422s] Level 1:colcon.colcon_core.package_identification:_identify(build) by extension 'ignore'
[0.424s] Level 1:colcon.colcon_core.package_identification:_identify(build) ignored
[0.426s] Level 1:colcon.colcon_core.package_identification:_identify(imageset) by extensions ['ignore', 'ignore_ament_install']
[0.426s] Level 1:colcon.colcon_core.package_identification:_identify(imageset) by extension 'ignore'
[0.427s] Level 1:colcon.colcon_core.package_identification:_identify(imageset) by extension 'ignore_ament_install'
[0.429s] Level 1:colcon.colcon_core.package_identification:_identify(imageset) by extensions ['colcon_pkg']
[0.429s] Level 1:colcon.colcon_core.package_identification:_identify(imageset) by extension 'colcon_pkg'
[0.430s] Level 1:colcon.colcon_core.package_identification:_identify(imageset) by extensions ['colcon_meta']
[0.430s] Level 1:colcon.colcon_core.package_identification:_identify(imageset) by extension 'colcon_meta'
[0.431s] Level 1:colcon.colcon_core.package_identification:_identify(imageset) by extensions ['ros']
[0.431s] Level 1:colcon.colcon_core.package_identification:_identify(imageset) by extension 'ros'
[0.434s] Level 1:colcon.colcon_core.package_identification:_identify(imageset) by extensions ['cmake', 'python']
[0.434s] Level 1:colcon.colcon_core.package_identification:_identify(imageset) by extension 'cmake'
[0.434s] Level 1:colcon.colcon_core.package_identification:_identify(imageset) by extension 'python'
[0.435s] Level 1:colcon.colcon_core.package_identification:_identify(imageset) by extensions ['python_setup_py']
[0.435s] Level 1:colcon.colcon_core.package_identification:_identify(imageset) by extension 'python_setup_py'
[0.440s] Level 1:colcon.colcon_core.package_identification:_identify(imageset/Tennisball_seg_600.v1-tennisball-seg-dataset-607.yolov11) by extensions ['ignore', 'ignore_ament_install']
[0.440s] Level 1:colcon.colcon_core.package_identification:_identify(imageset/Tennisball_seg_600.v1-tennisball-seg-dataset-607.yolov11) by extension 'ignore'
[0.441s] Level 1:colcon.colcon_core.package_identification:_identify(imageset/Tennisball_seg_600.v1-tennisball-seg-dataset-607.yolov11) by extension 'ignore_ament_install'
[0.446s] Level 1:colcon.colcon_core.package_identification:_identify(imageset/Tennisball_seg_600.v1-tennisball-seg-dataset-607.yolov11) by extensions ['colcon_pkg']
[0.447s] Level 1:colcon.colcon_core.package_identification:_identify(imageset/Tennisball_seg_600.v1-tennisball-seg-dataset-607.yolov11) by extension 'colcon_pkg'
[0.449s] Level 1:colcon.colcon_core.package_identification:_identify(imageset/Tennisball_seg_600.v1-tennisball-seg-dataset-607.yolov11) by extensions ['colcon_meta']
[0.449s] Level 1:colcon.colcon_core.package_identification:_identify(imageset/Tennisball_seg_600.v1-tennisball-seg-dataset-607.yolov11) by extension 'colcon_meta'
[0.450s] Level 1:colcon.colcon_core.package_identification:_identify(imageset/Tennisball_seg_600.v1-tennisball-seg-dataset-607.yolov11) by extensions ['ros']
[0.450s] Level 1:colcon.colcon_core.package_identification:_identify(imageset/Tennisball_seg_600.v1-tennisball-seg-dataset-607.yolov11) by extension 'ros'
[0.454s] Level 1:colcon.colcon_core.package_identification:_identify(imageset/Tennisball_seg_600.v1-tennisball-seg-dataset-607.yolov11) by extensions ['cmake', 'python']
[0.454s] Level 1:colcon.colcon_core.package_identification:_identify(imageset/Tennisball_seg_600.v1-tennisball-seg-dataset-607.yolov11) by extension 'cmake'
[0.455s] Level 1:colcon.colcon_core.package_identification:_identify(imageset/Tennisball_seg_600.v1-tennisball-seg-dataset-607.yolov11) by extension 'python'
[0.457s] Level 1:colcon.colcon_core.package_identification:_identify(imageset/Tennisball_seg_600.v1-tennisball-seg-dataset-607.yolov11) by extensions ['python_setup_py']
[0.457s] Level 1:colcon.colcon_core.package_identification:_identify(imageset/Tennisball_seg_600.v1-tennisball-seg-dataset-607.yolov11) by extension 'python_setup_py'
[0.464s] Level 1:colcon.colcon_core.package_identification:_identify(imageset/Tennisball_seg_600.v1-tennisball-seg-dataset-607.yolov11/test) by extensions ['ignore', 'ignore_ament_install']
[0.465s] Level 1:colcon.colcon_core.package_identification:_identify(imageset/Tennisball_seg_600.v1-tennisball-seg-dataset-607.yolov11/test) by extension 'ignore'
[0.471s] Level 1:colcon.colcon_core.package_identification:_identify(imageset/Tennisball_seg_600.v1-tennisball-seg-dataset-607.yolov11/test) by extension 'ignore_ament_install'
[0.477s] Level 1:colcon.colcon_core.package_identification:_identify(imageset/Tennisball_seg_600.v1-tennisball-seg-dataset-607.yolov11/test) by extensions ['colcon_pkg']
[0.477s] Level 1:colcon.colcon_core.package_identification:_identify(imageset/Tennisball_seg_600.v1-tennisball-seg-dataset-607.yolov11/test) by extension 'colcon_pkg'
[0.480s] Level 1:colcon.colcon_core.package_identification:_identify(imageset/Tennisball_seg_600.v1-tennisball-seg-dataset-607.yolov11/test) by extensions ['colcon_meta']
[0.480s] Level 1:colcon.colcon_core.package_identification:_identify(imageset/Tennisball_seg_600.v1-tennisball-seg-dataset-607.yolov11/test) by extension 'colcon_meta'
[0.483s] Level 1:colcon.colcon_core.package_identification:_identify(imageset/Tennisball_seg_600.v1-tennisball-seg-dataset-607.yolov11/test) by extensions ['ros']
[0.483s] Level 1:colcon.colcon_core.package_identification:_identify(imageset/Tennisball_seg_600.v1-tennisball-seg-dataset-607.yolov11/test) by extension 'ros'
[0.489s] Level 1:colcon.colcon_core.package_identification:_identify(imageset/Tennisball_seg_600.v1-tennisball-seg-dataset-607.yolov11/test) by extensions ['cmake', 'python']
[0.489s] Level 1:colcon.colcon_core.package_identification:_identify(imageset/Tennisball_seg_600.v1-tennisball-seg-dataset-607.yolov11/test) by extension 'cmake'
[0.492s] Level 1:colcon.colcon_core.package_identification:_identify(imageset/Tennisball_seg_600.v1-tennisball-seg-dataset-607.yolov11/test) by extension 'python'
[0.494s] Level 1:colcon.colcon_core.package_identification:_identify(imageset/Tennisball_seg_600.v1-tennisball-seg-dataset-607.yolov11/test) by extensions ['python_setup_py']
[0.494s] Level 1:colcon.colcon_core.package_identification:_identify(imageset/Tennisball_seg_600.v1-tennisball-seg-dataset-607.yolov11/test) by extension 'python_setup_py'
[0.503s] Level 1:colcon.colcon_core.package_identification:_identify(imageset/Tennisball_seg_600.v1-tennisball-seg-dataset-607.yolov11/test/images) by extensions ['ignore', 'ignore_ament_install']
[0.503s] Level 1:colcon.colcon_core.package_identification:_identify(imageset/Tennisball_seg_600.v1-tennisball-seg-dataset-607.yolov11/test/images) by extension 'ignore'
[0.505s] Level 1:colcon.colcon_core.package_identification:_identify(imageset/Tennisball_seg_600.v1-tennisball-seg-dataset-607.yolov11/test/images) by extension 'ignore_ament_install'
[0.514s] Level 1:colcon.colcon_core.package_identification:_identify(imageset/Tennisball_seg_600.v1-tennisball-seg-dataset-607.yolov11/test/images) by extensions ['colcon_pkg']
[0.514s] Level 1:colcon.colcon_core.package_identification:_identify(imageset/Tennisball_seg_600.v1-tennisball-seg-dataset-607.yolov11/test/images) by extension 'colcon_pkg'
[0.517s] Level 1:colcon.colcon_core.package_identification:_identify(imageset/Tennisball_seg_600.v1-tennisball-seg-dataset-607.yolov11/test/images) by extensions ['colcon_meta']
[0.517s] Level 1:colcon.colcon_core.package_identification:_identify(imageset/Tennisball_seg_600.v1-tennisball-seg-dataset-607.yolov11/test/images) by extension 'colcon_meta'
[0.527s] Level 1:colcon.colcon_core.package_identification:_identify(imageset/Tennisball_seg_600.v1-tennisball-seg-dataset-607.yolov11/test/images) by extensions ['ros']
[0.528s] Level 1:colcon.colcon_core.package_identification:_identify(imageset/Tennisball_seg_600.v1-tennisball-seg-dataset-607.yolov11/test/images) by extension 'ros'
[0.535s] Level 1:colcon.colcon_core.package_identification:_identify(imageset/Tennisball_seg_600.v1-tennisball-seg-dataset-607.yolov11/test/images) by extensions ['cmake', 'python']
[0.535s] Level 1:colcon.colcon_core.package_identification:_identify(imageset/Tennisball_seg_600.v1-tennisball-seg-dataset-607.yolov11/test/images) by extension 'cmake'
[0.537s] Level 1:colcon.colcon_core.package_identification:_identify(imageset/Tennisball_seg_600.v1-tennisball-seg-dataset-607.yolov11/test/images) by extension 'python'
[0.542s] Level 1:colcon.colcon_core.package_identification:_identify(imageset/Tennisball_seg_600.v1-tennisball-seg-dataset-607.yolov11/test/images) by extensions ['python_setup_py']
[0.542s] Level 1:colcon.colcon_core.package_identification:_identify(imageset/Tennisball_seg_600.v1-tennisball-seg-dataset-607.yolov11/test/images) by extension 'python_setup_py'
[0.550s] Level 1:colcon.colcon_core.package_identification:_identify(imageset/Tennisball_seg_600.v1-tennisball-seg-dataset-607.yolov11/test/labels) by extensions ['ignore', 'ignore_ament_install']
[0.551s] Level 1:colcon.colcon_core.package_identification:_identify(imageset/Tennisball_seg_600.v1-tennisball-seg-dataset-607.yolov11/test/labels) by extension 'ignore'
[0.553s] Level 1:colcon.colcon_core.package_identification:_identify(imageset/Tennisball_seg_600.v1-tennisball-seg-dataset-607.yolov11/test/labels) by extension 'ignore_ament_install'
[0.558s] Level 1:colcon.colcon_core.package_identification:_identify(imageset/Tennisball_seg_600.v1-tennisball-seg-dataset-607.yolov11/test/labels) by extensions ['colcon_pkg']
[0.559s] Level 1:colcon.colcon_core.package_identification:_identify(imageset/Tennisball_seg_600.v1-tennisball-seg-dataset-607.yolov11/test/labels) by extension 'colcon_pkg'
[0.563s] Level 1:colcon.colcon_core.package_identification:_identify(imageset/Tennisball_seg_600.v1-tennisball-seg-dataset-607.yolov11/test/labels) by extensions ['colcon_meta']
[0.563s] Level 1:colcon.colcon_core.package_identification:_identify(imageset/Tennisball_seg_600.v1-tennisball-seg-dataset-607.yolov11/test/labels) by extension 'colcon_meta'
[0.571s] Level 1:colcon.colcon_core.package_identification:_identify(imageset/Tennisball_seg_600.v1-tennisball-seg-dataset-607.yolov11/test/labels) by extensions ['ros']
[0.571s] Level 1:colcon.colcon_core.package_identification:_identify(imageset/Tennisball_seg_600.v1-tennisball-seg-dataset-607.yolov11/test/labels) by extension 'ros'
[0.580s] Level 1:colcon.colcon_core.package_identification:_identify(imageset/Tennisball_seg_600.v1-tennisball-seg-dataset-607.yolov11/test/labels) by extensions ['cmake', 'python']
[0.580s] Level 1:colcon.colcon_core.package_identification:_identify(imageset/Tennisball_seg_600.v1-tennisball-seg-dataset-607.yolov11/test/labels) by extension 'cmake'
[0.582s] Level 1:colcon.colcon_core.package_identification:_identify(imageset/Tennisball_seg_600.v1-tennisball-seg-dataset-607.yolov11/test/labels) by extension 'python'
[0.583s] Level 1:colcon.colcon_core.package_identification:_identify(imageset/Tennisball_seg_600.v1-tennisball-seg-dataset-607.yolov11/test/labels) by extensions ['python_setup_py']
[0.584s] Level 1:colcon.colcon_core.package_identification:_identify(imageset/Tennisball_seg_600.v1-tennisball-seg-dataset-607.yolov11/test/labels) by extension 'python_setup_py'
[0.592s] Level 1:colcon.colcon_core.package_identification:_identify(imageset/Tennisball_seg_600.v1-tennisball-seg-dataset-607.yolov11/train) by extensions ['ignore', 'ignore_ament_install']
[0.593s] Level 1:colcon.colcon_core.package_identification:_identify(imageset/Tennisball_seg_600.v1-tennisball-seg-dataset-607.yolov11/train) by extension 'ignore'
[0.594s] Level 1:colcon.colcon_core.package_identification:_identify(imageset/Tennisball_seg_600.v1-tennisball-seg-dataset-607.yolov11/train) by extension 'ignore_ament_install'
[0.596s] Level 1:colcon.colcon_core.package_identification:_identify(imageset/Tennisball_seg_600.v1-tennisball-seg-dataset-607.yolov11/train) by extensions ['colcon_pkg']
[0.596s] Level 1:colcon.colcon_core.package_identification:_identify(imageset/Tennisball_seg_600.v1-tennisball-seg-dataset-607.yolov11/train) by extension 'colcon_pkg'
[0.597s] Level 1:colcon.colcon_core.package_identification:_identify(imageset/Tennisball_seg_600.v1-tennisball-seg-dataset-607.yolov11/train) by extensions ['colcon_meta']
[0.597s] Level 1:colcon.colcon_core.package_identification:_identify(imageset/Tennisball_seg_600.v1-tennisball-seg-dataset-607.yolov11/train) by extension 'colcon_meta'
[0.599s] Level 1:colcon.colcon_core.package_identification:_identify(imageset/Tennisball_seg_600.v1-tennisball-seg-dataset-607.yolov11/train) by extensions ['ros']
[0.599s] Level 1:colcon.colcon_core.package_identification:_identify(imageset/Tennisball_seg_600.v1-tennisball-seg-dataset-607.yolov11/train) by extension 'ros'
[0.604s] Level 1:colcon.colcon_core.package_identification:_identify(imageset/Tennisball_seg_600.v1-tennisball-seg-dataset-607.yolov11/train) by extensions ['cmake', 'python']
[0.604s] Level 1:colcon.colcon_core.package_identification:_identify(imageset/Tennisball_seg_600.v1-tennisball-seg-dataset-607.yolov11/train) by extension 'cmake'
[0.606s] Level 1:colcon.colcon_core.package_identification:_identify(imageset/Tennisball_seg_600.v1-tennisball-seg-dataset-607.yolov11/train) by extension 'python'
[0.608s] Level 1:colcon.colcon_core.package_identification:_identify(imageset/Tennisball_seg_600.v1-tennisball-seg-dataset-607.yolov11/train) by extensions ['python_setup_py']
[0.608s] Level 1:colcon.colcon_core.package_identification:_identify(imageset/Tennisball_seg_600.v1-tennisball-seg-dataset-607.yolov11/train) by extension 'python_setup_py'
[0.627s] Level 1:colcon.colcon_core.package_identification:_identify(imageset/Tennisball_seg_600.v1-tennisball-seg-dataset-607.yolov11/train/images) by extensions ['ignore', 'ignore_ament_install']
[0.628s] Level 1:colcon.colcon_core.package_identification:_identify(imageset/Tennisball_seg_600.v1-tennisball-seg-dataset-607.yolov11/train/images) by extension 'ignore'
[0.631s] Level 1:colcon.colcon_core.package_identification:_identify(imageset/Tennisball_seg_600.v1-tennisball-seg-dataset-607.yolov11/train/images) by extension 'ignore_ament_install'
[0.637s] Level 1:colcon.colcon_core.package_identification:_identify(imageset/Tennisball_seg_600.v1-tennisball-seg-dataset-607.yolov11/train/images) by extensions ['colcon_pkg']
[0.637s] Level 1:colcon.colcon_core.package_identification:_identify(imageset/Tennisball_seg_600.v1-tennisball-seg-dataset-607.yolov11/train/images) by extension 'colcon_pkg'
[0.641s] Level 1:colcon.colcon_core.package_identification:_identify(imageset/Tennisball_seg_600.v1-tennisball-seg-dataset-607.yolov11/train/images) by extensions ['colcon_meta']
[0.641s] Level 1:colcon.colcon_core.package_identification:_identify(imageset/Tennisball_seg_600.v1-tennisball-seg-dataset-607.yolov11/train/images) by extension 'colcon_meta'
[0.645s] Level 1:colcon.colcon_core.package_identification:_identify(imageset/Tennisball_seg_600.v1-tennisball-seg-dataset-607.yolov11/train/images) by extensions ['ros']
[0.645s] Level 1:colcon.colcon_core.package_identification:_identify(imageset/Tennisball_seg_600.v1-tennisball-seg-dataset-607.yolov11/train/images) by extension 'ros'
[0.660s] Level 1:colcon.colcon_core.package_identification:_identify(imageset/Tennisball_seg_600.v1-tennisball-seg-dataset-607.yolov11/train/images) by extensions ['cmake', 'python']
[0.661s] Level 1:colcon.colcon_core.package_identification:_identify(imageset/Tennisball_seg_600.v1-tennisball-seg-dataset-607.yolov11/train/images) by extension 'cmake'
[0.664s] Level 1:colcon.colcon_core.package_identification:_identify(imageset/Tennisball_seg_600.v1-tennisball-seg-dataset-607.yolov11/train/images) by extension 'python'
[0.669s] Level 1:colcon.colcon_core.package_identification:_identify(imageset/Tennisball_seg_600.v1-tennisball-seg-dataset-607.yolov11/train/images) by extensions ['python_setup_py']
[0.669s] Level 1:colcon.colcon_core.package_identification:_identify(imageset/Tennisball_seg_600.v1-tennisball-seg-dataset-607.yolov11/train/images) by extension 'python_setup_py'
[0.697s] Level 1:colcon.colcon_core.package_identification:_identify(imageset/Tennisball_seg_600.v1-tennisball-seg-dataset-607.yolov11/train/labels) by extensions ['ignore', 'ignore_ament_install']
[0.697s] Level 1:colcon.colcon_core.package_identification:_identify(imageset/Tennisball_seg_600.v1-tennisball-seg-dataset-607.yolov11/train/labels) by extension 'ignore'
[0.702s] Level 1:colcon.colcon_core.package_identification:_identify(imageset/Tennisball_seg_600.v1-tennisball-seg-dataset-607.yolov11/train/labels) by extension 'ignore_ament_install'
[0.709s] Level 1:colcon.colcon_core.package_identification:_identify(imageset/Tennisball_seg_600.v1-tennisball-seg-dataset-607.yolov11/train/labels) by extensions ['colcon_pkg']
[0.709s] Level 1:colcon.colcon_core.package_identification:_identify(imageset/Tennisball_seg_600.v1-tennisball-seg-dataset-607.yolov11/train/labels) by extension 'colcon_pkg'
[0.713s] Level 1:colcon.colcon_core.package_identification:_identify(imageset/Tennisball_seg_600.v1-tennisball-seg-dataset-607.yolov11/train/labels) by extensions ['colcon_meta']
[0.714s] Level 1:colcon.colcon_core.package_identification:_identify(imageset/Tennisball_seg_600.v1-tennisball-seg-dataset-607.yolov11/train/labels) by extension 'colcon_meta'
[0.720s] Level 1:colcon.colcon_core.package_identification:_identify(imageset/Tennisball_seg_600.v1-tennisball-seg-dataset-607.yolov11/train/labels) by extensions ['ros']
[0.720s] Level 1:colcon.colcon_core.package_identification:_identify(imageset/Tennisball_seg_600.v1-tennisball-seg-dataset-607.yolov11/train/labels) by extension 'ros'
[0.734s] Level 1:colcon.colcon_core.package_identification:_identify(imageset/Tennisball_seg_600.v1-tennisball-seg-dataset-607.yolov11/train/labels) by extensions ['cmake', 'python']
[0.734s] Level 1:colcon.colcon_core.package_identification:_identify(imageset/Tennisball_seg_600.v1-tennisball-seg-dataset-607.yolov11/train/labels) by extension 'cmake'
[0.735s] Level 1:colcon.colcon_core.package_identification:_identify(imageset/Tennisball_seg_600.v1-tennisball-seg-dataset-607.yolov11/train/labels) by extension 'python'
[0.737s] Level 1:colcon.colcon_core.package_identification:_identify(imageset/Tennisball_seg_600.v1-tennisball-seg-dataset-607.yolov11/train/labels) by extensions ['python_setup_py']
[0.737s] Level 1:colcon.colcon_core.package_identification:_identify(imageset/Tennisball_seg_600.v1-tennisball-seg-dataset-607.yolov11/train/labels) by extension 'python_setup_py'
[0.748s] Level 1:colcon.colcon_core.package_identification:_identify(imageset/Tennisball_seg_600.v1-tennisball-seg-dataset-607.yolov11/valid) by extensions ['ignore', 'ignore_ament_install']
[0.749s] Level 1:colcon.colcon_core.package_identification:_identify(imageset/Tennisball_seg_600.v1-tennisball-seg-dataset-607.yolov11/valid) by extension 'ignore'
[0.751s] Level 1:colcon.colcon_core.package_identification:_identify(imageset/Tennisball_seg_600.v1-tennisball-seg-dataset-607.yolov11/valid) by extension 'ignore_ament_install'
[0.754s] Level 1:colcon.colcon_core.package_identification:_identify(imageset/Tennisball_seg_600.v1-tennisball-seg-dataset-607.yolov11/valid) by extensions ['colcon_pkg']
[0.754s] Level 1:colcon.colcon_core.package_identification:_identify(imageset/Tennisball_seg_600.v1-tennisball-seg-dataset-607.yolov11/valid) by extension 'colcon_pkg'
[0.756s] Level 1:colcon.colcon_core.package_identification:_identify(imageset/Tennisball_seg_600.v1-tennisball-seg-dataset-607.yolov11/valid) by extensions ['colcon_meta']
[0.757s] Level 1:colcon.colcon_core.package_identification:_identify(imageset/Tennisball_seg_600.v1-tennisball-seg-dataset-607.yolov11/valid) by extension 'colcon_meta'
[0.760s] Level 1:colcon.colcon_core.package_identification:_identify(imageset/Tennisball_seg_600.v1-tennisball-seg-dataset-607.yolov11/valid) by extensions ['ros']
[0.761s] Level 1:colcon.colcon_core.package_identification:_identify(imageset/Tennisball_seg_600.v1-tennisball-seg-dataset-607.yolov11/valid) by extension 'ros'
[0.766s] Level 1:colcon.colcon_core.package_identification:_identify(imageset/Tennisball_seg_600.v1-tennisball-seg-dataset-607.yolov11/valid) by extensions ['cmake', 'python']
[0.766s] Level 1:colcon.colcon_core.package_identification:_identify(imageset/Tennisball_seg_600.v1-tennisball-seg-dataset-607.yolov11/valid) by extension 'cmake'
[0.767s] Level 1:colcon.colcon_core.package_identification:_identify(imageset/Tennisball_seg_600.v1-tennisball-seg-dataset-607.yolov11/valid) by extension 'python'
[0.769s] Level 1:colcon.colcon_core.package_identification:_identify(imageset/Tennisball_seg_600.v1-tennisball-seg-dataset-607.yolov11/valid) by extensions ['python_setup_py']
[0.769s] Level 1:colcon.colcon_core.package_identification:_identify(imageset/Tennisball_seg_600.v1-tennisball-seg-dataset-607.yolov11/valid) by extension 'python_setup_py'
[0.779s] Level 1:colcon.colcon_core.package_identification:_identify(imageset/Tennisball_seg_600.v1-tennisball-seg-dataset-607.yolov11/valid/images) by extensions ['ignore', 'ignore_ament_install']
[0.780s] Level 1:colcon.colcon_core.package_identification:_identify(imageset/Tennisball_seg_600.v1-tennisball-seg-dataset-607.yolov11/valid/images) by extension 'ignore'
[0.782s] Level 1:colcon.colcon_core.package_identification:_identify(imageset/Tennisball_seg_600.v1-tennisball-seg-dataset-607.yolov11/valid/images) by extension 'ignore_ament_install'
[0.790s] Level 1:colcon.colcon_core.package_identification:_identify(imageset/Tennisball_seg_600.v1-tennisball-seg-dataset-607.yolov11/valid/images) by extensions ['colcon_pkg']
[0.794s] Level 1:colcon.colcon_core.package_identification:_identify(imageset/Tennisball_seg_600.v1-tennisball-seg-dataset-607.yolov11/valid/images) by extension 'colcon_pkg'
[0.797s] Level 1:colcon.colcon_core.package_identification:_identify(imageset/Tennisball_seg_600.v1-tennisball-seg-dataset-607.yolov11/valid/images) by extensions ['colcon_meta']
[0.797s] Level 1:colcon.colcon_core.package_identification:_identify(imageset/Tennisball_seg_600.v1-tennisball-seg-dataset-607.yolov11/valid/images) by extension 'colcon_meta'
[0.801s] Level 1:colcon.colcon_core.package_identification:_identify(imageset/Tennisball_seg_600.v1-tennisball-seg-dataset-607.yolov11/valid/images) by extensions ['ros']
[0.801s] Level 1:colcon.colcon_core.package_identification:_identify(imageset/Tennisball_seg_600.v1-tennisball-seg-dataset-607.yolov11/valid/images) by extension 'ros'
[0.809s] Level 1:colcon.colcon_core.package_identification:_identify(imageset/Tennisball_seg_600.v1-tennisball-seg-dataset-607.yolov11/valid/images) by extensions ['cmake', 'python']
[0.810s] Level 1:colcon.colcon_core.package_identification:_identify(imageset/Tennisball_seg_600.v1-tennisball-seg-dataset-607.yolov11/valid/images) by extension 'cmake'
[0.811s] Level 1:colcon.colcon_core.package_identification:_identify(imageset/Tennisball_seg_600.v1-tennisball-seg-dataset-607.yolov11/valid/images) by extension 'python'
[0.813s] Level 1:colcon.colcon_core.package_identification:_identify(imageset/Tennisball_seg_600.v1-tennisball-seg-dataset-607.yolov11/valid/images) by extensions ['python_setup_py']
[0.813s] Level 1:colcon.colcon_core.package_identification:_identify(imageset/Tennisball_seg_600.v1-tennisball-seg-dataset-607.yolov11/valid/images) by extension 'python_setup_py'
[0.825s] Level 1:colcon.colcon_core.package_identification:_identify(imageset/Tennisball_seg_600.v1-tennisball-seg-dataset-607.yolov11/valid/labels) by extensions ['ignore', 'ignore_ament_install']
[0.825s] Level 1:colcon.colcon_core.package_identification:_identify(imageset/Tennisball_seg_600.v1-tennisball-seg-dataset-607.yolov11/valid/labels) by extension 'ignore'
[0.828s] Level 1:colcon.colcon_core.package_identification:_identify(imageset/Tennisball_seg_600.v1-tennisball-seg-dataset-607.yolov11/valid/labels) by extension 'ignore_ament_install'
[0.831s] Level 1:colcon.colcon_core.package_identification:_identify(imageset/Tennisball_seg_600.v1-tennisball-seg-dataset-607.yolov11/valid/labels) by extensions ['colcon_pkg']
[0.831s] Level 1:colcon.colcon_core.package_identification:_identify(imageset/Tennisball_seg_600.v1-tennisball-seg-dataset-607.yolov11/valid/labels) by extension 'colcon_pkg'
[0.833s] Level 1:colcon.colcon_core.package_identification:_identify(imageset/Tennisball_seg_600.v1-tennisball-seg-dataset-607.yolov11/valid/labels) by extensions ['colcon_meta']
[0.833s] Level 1:colcon.colcon_core.package_identification:_identify(imageset/Tennisball_seg_600.v1-tennisball-seg-dataset-607.yolov11/valid/labels) by extension 'colcon_meta'
[0.837s] Level 1:colcon.colcon_core.package_identification:_identify(imageset/Tennisball_seg_600.v1-tennisball-seg-dataset-607.yolov11/valid/labels) by extensions ['ros']
[0.837s] Level 1:colcon.colcon_core.package_identification:_identify(imageset/Tennisball_seg_600.v1-tennisball-seg-dataset-607.yolov11/valid/labels) by extension 'ros'
[0.846s] Level 1:colcon.colcon_core.package_identification:_identify(imageset/Tennisball_seg_600.v1-tennisball-seg-dataset-607.yolov11/valid/labels) by extensions ['cmake', 'python']
[0.847s] Level 1:colcon.colcon_core.package_identification:_identify(imageset/Tennisball_seg_600.v1-tennisball-seg-dataset-607.yolov11/valid/labels) by extension 'cmake'
[0.848s] Level 1:colcon.colcon_core.package_identification:_identify(imageset/Tennisball_seg_600.v1-tennisball-seg-dataset-607.yolov11/valid/labels) by extension 'python'
[0.850s] Level 1:colcon.colcon_core.package_identification:_identify(imageset/Tennisball_seg_600.v1-tennisball-seg-dataset-607.yolov11/valid/labels) by extensions ['python_setup_py']
[0.850s] Level 1:colcon.colcon_core.package_identification:_identify(imageset/Tennisball_seg_600.v1-tennisball-seg-dataset-607.yolov11/valid/labels) by extension 'python_setup_py'
[0.854s] Level 1:colcon.colcon_core.package_identification:_identify(imageset/Tennisball_seg_600.v2-tennisball-seg-dataset-607-v02.yolov11) by extensions ['ignore', 'ignore_ament_install']
[0.854s] Level 1:colcon.colcon_core.package_identification:_identify(imageset/Tennisball_seg_600.v2-tennisball-seg-dataset-607-v02.yolov11) by extension 'ignore'
[0.857s] Level 1:colcon.colcon_core.package_identification:_identify(imageset/Tennisball_seg_600.v2-tennisball-seg-dataset-607-v02.yolov11) by extension 'ignore_ament_install'
[0.859s] Level 1:colcon.colcon_core.package_identification:_identify(imageset/Tennisball_seg_600.v2-tennisball-seg-dataset-607-v02.yolov11) by extensions ['colcon_pkg']
[0.859s] Level 1:colcon.colcon_core.package_identification:_identify(imageset/Tennisball_seg_600.v2-tennisball-seg-dataset-607-v02.yolov11) by extension 'colcon_pkg'
[0.860s] Level 1:colcon.colcon_core.package_identification:_identify(imageset/Tennisball_seg_600.v2-tennisball-seg-dataset-607-v02.yolov11) by extensions ['colcon_meta']
[0.860s] Level 1:colcon.colcon_core.package_identification:_identify(imageset/Tennisball_seg_600.v2-tennisball-seg-dataset-607-v02.yolov11) by extension 'colcon_meta'
[0.862s] Level 1:colcon.colcon_core.package_identification:_identify(imageset/Tennisball_seg_600.v2-tennisball-seg-dataset-607-v02.yolov11) by extensions ['ros']
[0.862s] Level 1:colcon.colcon_core.package_identification:_identify(imageset/Tennisball_seg_600.v2-tennisball-seg-dataset-607-v02.yolov11) by extension 'ros'
[0.868s] Level 1:colcon.colcon_core.package_identification:_identify(imageset/Tennisball_seg_600.v2-tennisball-seg-dataset-607-v02.yolov11) by extensions ['cmake', 'python']
[0.868s] Level 1:colcon.colcon_core.package_identification:_identify(imageset/Tennisball_seg_600.v2-tennisball-seg-dataset-607-v02.yolov11) by extension 'cmake'
[0.869s] Level 1:colcon.colcon_core.package_identification:_identify(imageset/Tennisball_seg_600.v2-tennisball-seg-dataset-607-v02.yolov11) by extension 'python'
[0.871s] Level 1:colcon.colcon_core.package_identification:_identify(imageset/Tennisball_seg_600.v2-tennisball-seg-dataset-607-v02.yolov11) by extensions ['python_setup_py']
[0.871s] Level 1:colcon.colcon_core.package_identification:_identify(imageset/Tennisball_seg_600.v2-tennisball-seg-dataset-607-v02.yolov11) by extension 'python_setup_py'
[0.879s] Level 1:colcon.colcon_core.package_identification:_identify(imageset/Tennisball_seg_600.v2-tennisball-seg-dataset-607-v02.yolov11/test) by extensions ['ignore', 'ignore_ament_install']
[0.879s] Level 1:colcon.colcon_core.package_identification:_identify(imageset/Tennisball_seg_600.v2-tennisball-seg-dataset-607-v02.yolov11/test) by extension 'ignore'
[0.881s] Level 1:colcon.colcon_core.package_identification:_identify(imageset/Tennisball_seg_600.v2-tennisball-seg-dataset-607-v02.yolov11/test) by extension 'ignore_ament_install'
[0.883s] Level 1:colcon.colcon_core.package_identification:_identify(imageset/Tennisball_seg_600.v2-tennisball-seg-dataset-607-v02.yolov11/test) by extensions ['colcon_pkg']
[0.883s] Level 1:colcon.colcon_core.package_identification:_identify(imageset/Tennisball_seg_600.v2-tennisball-seg-dataset-607-v02.yolov11/test) by extension 'colcon_pkg'
[0.884s] Level 1:colcon.colcon_core.package_identification:_identify(imageset/Tennisball_seg_600.v2-tennisball-seg-dataset-607-v02.yolov11/test) by extensions ['colcon_meta']
[0.885s] Level 1:colcon.colcon_core.package_identification:_identify(imageset/Tennisball_seg_600.v2-tennisball-seg-dataset-607-v02.yolov11/test) by extension 'colcon_meta'
[0.887s] Level 1:colcon.colcon_core.package_identification:_identify(imageset/Tennisball_seg_600.v2-tennisball-seg-dataset-607-v02.yolov11/test) by extensions ['ros']
[0.887s] Level 1:colcon.colcon_core.package_identification:_identify(imageset/Tennisball_seg_600.v2-tennisball-seg-dataset-607-v02.yolov11/test) by extension 'ros'
[0.896s] Level 1:colcon.colcon_core.package_identification:_identify(imageset/Tennisball_seg_600.v2-tennisball-seg-dataset-607-v02.yolov11/test) by extensions ['cmake', 'python']
[0.897s] Level 1:colcon.colcon_core.package_identification:_identify(imageset/Tennisball_seg_600.v2-tennisball-seg-dataset-607-v02.yolov11/test) by extension 'cmake'
[0.898s] Level 1:colcon.colcon_core.package_identification:_identify(imageset/Tennisball_seg_600.v2-tennisball-seg-dataset-607-v02.yolov11/test) by extension 'python'
[0.899s] Level 1:colcon.colcon_core.package_identification:_identify(imageset/Tennisball_seg_600.v2-tennisball-seg-dataset-607-v02.yolov11/test) by extensions ['python_setup_py']
[0.899s] Level 1:colcon.colcon_core.package_identification:_identify(imageset/Tennisball_seg_600.v2-tennisball-seg-dataset-607-v02.yolov11/test) by extension 'python_setup_py'
[0.908s] Level 1:colcon.colcon_core.package_identification:_identify(imageset/Tennisball_seg_600.v2-tennisball-seg-dataset-607-v02.yolov11/test/images) by extensions ['ignore', 'ignore_ament_install']
[0.908s] Level 1:colcon.colcon_core.package_identification:_identify(imageset/Tennisball_seg_600.v2-tennisball-seg-dataset-607-v02.yolov11/test/images) by extension 'ignore'
[0.919s] Level 1:colcon.colcon_core.package_identification:_identify(imageset/Tennisball_seg_600.v2-tennisball-seg-dataset-607-v02.yolov11/test/images) by extension 'ignore_ament_install'
[0.924s] Level 1:colcon.colcon_core.package_identification:_identify(imageset/Tennisball_seg_600.v2-tennisball-seg-dataset-607-v02.yolov11/test/images) by extensions ['colcon_pkg']
[0.924s] Level 1:colcon.colcon_core.package_identification:_identify(imageset/Tennisball_seg_600.v2-tennisball-seg-dataset-607-v02.yolov11/test/images) by extension 'colcon_pkg'
[0.926s] Level 1:colcon.colcon_core.package_identification:_identify(imageset/Tennisball_seg_600.v2-tennisball-seg-dataset-607-v02.yolov11/test/images) by extensions ['colcon_meta']
[0.926s] Level 1:colcon.colcon_core.package_identification:_identify(imageset/Tennisball_seg_600.v2-tennisball-seg-dataset-607-v02.yolov11/test/images) by extension 'colcon_meta'
[0.930s] Level 1:colcon.colcon_core.package_identification:_identify(imageset/Tennisball_seg_600.v2-tennisball-seg-dataset-607-v02.yolov11/test/images) by extensions ['ros']
[0.930s] Level 1:colcon.colcon_core.package_identification:_identify(imageset/Tennisball_seg_600.v2-tennisball-seg-dataset-607-v02.yolov11/test/images) by extension 'ros'
[0.936s] Level 1:colcon.colcon_core.package_identification:_identify(imageset/Tennisball_seg_600.v2-tennisball-seg-dataset-607-v02.yolov11/test/images) by extensions ['cmake', 'python']
[0.937s] Level 1:colcon.colcon_core.package_identification:_identify(imageset/Tennisball_seg_600.v2-tennisball-seg-dataset-607-v02.yolov11/test/images) by extension 'cmake'
[0.939s] Level 1:colcon.colcon_core.package_identification:_identify(imageset/Tennisball_seg_600.v2-tennisball-seg-dataset-607-v02.yolov11/test/images) by extension 'python'
[0.942s] Level 1:colcon.colcon_core.package_identification:_identify(imageset/Tennisball_seg_600.v2-tennisball-seg-dataset-607-v02.yolov11/test/images) by extensions ['python_setup_py']
[0.942s] Level 1:colcon.colcon_core.package_identification:_identify(imageset/Tennisball_seg_600.v2-tennisball-seg-dataset-607-v02.yolov11/test/images) by extension 'python_setup_py'
[0.950s] Level 1:colcon.colcon_core.package_identification:_identify(imageset/Tennisball_seg_600.v2-tennisball-seg-dataset-607-v02.yolov11/test/labels) by extensions ['ignore', 'ignore_ament_install']
[0.951s] Level 1:colcon.colcon_core.package_identification:_identify(imageset/Tennisball_seg_600.v2-tennisball-seg-dataset-607-v02.yolov11/test/labels) by extension 'ignore'
[0.952s] Level 1:colcon.colcon_core.package_identification:_identify(imageset/Tennisball_seg_600.v2-tennisball-seg-dataset-607-v02.yolov11/test/labels) by extension 'ignore_ament_install'
[0.957s] Level 1:colcon.colcon_core.package_identification:_identify(imageset/Tennisball_seg_600.v2-tennisball-seg-dataset-607-v02.yolov11/test/labels) by extensions ['colcon_pkg']
[0.957s] Level 1:colcon.colcon_core.package_identification:_identify(imageset/Tennisball_seg_600.v2-tennisball-seg-dataset-607-v02.yolov11/test/labels) by extension 'colcon_pkg'
[0.959s] Level 1:colcon.colcon_core.package_identification:_identify(imageset/Tennisball_seg_600.v2-tennisball-seg-dataset-607-v02.yolov11/test/labels) by extensions ['colcon_meta']
[0.959s] Level 1:colcon.colcon_core.package_identification:_identify(imageset/Tennisball_seg_600.v2-tennisball-seg-dataset-607-v02.yolov11/test/labels) by extension 'colcon_meta'
[0.963s] Level 1:colcon.colcon_core.package_identification:_identify(imageset/Tennisball_seg_600.v2-tennisball-seg-dataset-607-v02.yolov11/test/labels) by extensions ['ros']
[0.963s] Level 1:colcon.colcon_core.package_identification:_identify(imageset/Tennisball_seg_600.v2-tennisball-seg-dataset-607-v02.yolov11/test/labels) by extension 'ros'
[0.969s] Level 1:colcon.colcon_core.package_identification:_identify(imageset/Tennisball_seg_600.v2-tennisball-seg-dataset-607-v02.yolov11/test/labels) by extensions ['cmake', 'python']
[0.969s] Level 1:colcon.colcon_core.package_identification:_identify(imageset/Tennisball_seg_600.v2-tennisball-seg-dataset-607-v02.yolov11/test/labels) by extension 'cmake'
[0.975s] Level 1:colcon.colcon_core.package_identification:_identify(imageset/Tennisball_seg_600.v2-tennisball-seg-dataset-607-v02.yolov11/test/labels) by extension 'python'
[0.977s] Level 1:colcon.colcon_core.package_identification:_identify(imageset/Tennisball_seg_600.v2-tennisball-seg-dataset-607-v02.yolov11/test/labels) by extensions ['python_setup_py']
[0.977s] Level 1:colcon.colcon_core.package_identification:_identify(imageset/Tennisball_seg_600.v2-tennisball-seg-dataset-607-v02.yolov11/test/labels) by extension 'python_setup_py'
[0.989s] Level 1:colcon.colcon_core.package_identification:_identify(imageset/Tennisball_seg_600.v2-tennisball-seg-dataset-607-v02.yolov11/train) by extensions ['ignore', 'ignore_ament_install']
[0.989s] Level 1:colcon.colcon_core.package_identification:_identify(imageset/Tennisball_seg_600.v2-tennisball-seg-dataset-607-v02.yolov11/train) by extension 'ignore'
[0.991s] Level 1:colcon.colcon_core.package_identification:_identify(imageset/Tennisball_seg_600.v2-tennisball-seg-dataset-607-v02.yolov11/train) by extension 'ignore_ament_install'
[0.995s] Level 1:colcon.colcon_core.package_identification:_identify(imageset/Tennisball_seg_600.v2-tennisball-seg-dataset-607-v02.yolov11/train) by extensions ['colcon_pkg']
[0.995s] Level 1:colcon.colcon_core.package_identification:_identify(imageset/Tennisball_seg_600.v2-tennisball-seg-dataset-607-v02.yolov11/train) by extension 'colcon_pkg'
[0.997s] Level 1:colcon.colcon_core.package_identification:_identify(imageset/Tennisball_seg_600.v2-tennisball-seg-dataset-607-v02.yolov11/train) by extensions ['colcon_meta']
[0.997s] Level 1:colcon.colcon_core.package_identification:_identify(imageset/Tennisball_seg_600.v2-tennisball-seg-dataset-607-v02.yolov11/train) by extension 'colcon_meta'
[1.002s] Level 1:colcon.colcon_core.package_identification:_identify(imageset/Tennisball_seg_600.v2-tennisball-seg-dataset-607-v02.yolov11/train) by extensions ['ros']
[1.002s] Level 1:colcon.colcon_core.package_identification:_identify(imageset/Tennisball_seg_600.v2-tennisball-seg-dataset-607-v02.yolov11/train) by extension 'ros'
[1.012s] Level 1:colcon.colcon_core.package_identification:_identify(imageset/Tennisball_seg_600.v2-tennisball-seg-dataset-607-v02.yolov11/train) by extensions ['cmake', 'python']
[1.013s] Level 1:colcon.colcon_core.package_identification:_identify(imageset/Tennisball_seg_600.v2-tennisball-seg-dataset-607-v02.yolov11/train) by extension 'cmake'
[1.015s] Level 1:colcon.colcon_core.package_identification:_identify(imageset/Tennisball_seg_600.v2-tennisball-seg-dataset-607-v02.yolov11/train) by extension 'python'
[1.017s] Level 1:colcon.colcon_core.package_identification:_identify(imageset/Tennisball_seg_600.v2-tennisball-seg-dataset-607-v02.yolov11/train) by extensions ['python_setup_py']
[1.017s] Level 1:colcon.colcon_core.package_identification:_identify(imageset/Tennisball_seg_600.v2-tennisball-seg-dataset-607-v02.yolov11/train) by extension 'python_setup_py'
[1.046s] Level 1:colcon.colcon_core.package_identification:_identify(imageset/Tennisball_seg_600.v2-tennisball-seg-dataset-607-v02.yolov11/train/images) by extensions ['ignore', 'ignore_ament_install']
[1.046s] Level 1:colcon.colcon_core.package_identification:_identify(imageset/Tennisball_seg_600.v2-tennisball-seg-dataset-607-v02.yolov11/train/images) by extension 'ignore'
[1.051s] Level 1:colcon.colcon_core.package_identification:_identify(imageset/Tennisball_seg_600.v2-tennisball-seg-dataset-607-v02.yolov11/train/images) by extension 'ignore_ament_install'
[1.057s] Level 1:colcon.colcon_core.package_identification:_identify(imageset/Tennisball_seg_600.v2-tennisball-seg-dataset-607-v02.yolov11/train/images) by extensions ['colcon_pkg']
[1.057s] Level 1:colcon.colcon_core.package_identification:_identify(imageset/Tennisball_seg_600.v2-tennisball-seg-dataset-607-v02.yolov11/train/images) by extension 'colcon_pkg'
[1.060s] Level 1:colcon.colcon_core.package_identification:_identify(imageset/Tennisball_seg_600.v2-tennisball-seg-dataset-607-v02.yolov11/train/images) by extensions ['colcon_meta']
[1.060s] Level 1:colcon.colcon_core.package_identification:_identify(imageset/Tennisball_seg_600.v2-tennisball-seg-dataset-607-v02.yolov11/train/images) by extension 'colcon_meta'
[1.067s] Level 1:colcon.colcon_core.package_identification:_identify(imageset/Tennisball_seg_600.v2-tennisball-seg-dataset-607-v02.yolov11/train/images) by extensions ['ros']
[1.067s] Level 1:colcon.colcon_core.package_identification:_identify(imageset/Tennisball_seg_600.v2-tennisball-seg-dataset-607-v02.yolov11/train/images) by extension 'ros'
[1.077s] Level 1:colcon.colcon_core.package_identification:_identify(imageset/Tennisball_seg_600.v2-tennisball-seg-dataset-607-v02.yolov11/train/images) by extensions ['cmake', 'python']
[1.077s] Level 1:colcon.colcon_core.package_identification:_identify(imageset/Tennisball_seg_600.v2-tennisball-seg-dataset-607-v02.yolov11/train/images) by extension 'cmake'
[1.079s] Level 1:colcon.colcon_core.package_identification:_identify(imageset/Tennisball_seg_600.v2-tennisball-seg-dataset-607-v02.yolov11/train/images) by extension 'python'
[1.080s] Level 1:colcon.colcon_core.package_identification:_identify(imageset/Tennisball_seg_600.v2-tennisball-seg-dataset-607-v02.yolov11/train/images) by extensions ['python_setup_py']
[1.081s] Level 1:colcon.colcon_core.package_identification:_identify(imageset/Tennisball_seg_600.v2-tennisball-seg-dataset-607-v02.yolov11/train/images) by extension 'python_setup_py'
[1.095s] Level 1:colcon.colcon_core.package_identification:_identify(imageset/Tennisball_seg_600.v2-tennisball-seg-dataset-607-v02.yolov11/train/labels) by extensions ['ignore', 'ignore_ament_install']
[1.096s] Level 1:colcon.colcon_core.package_identification:_identify(imageset/Tennisball_seg_600.v2-tennisball-seg-dataset-607-v02.yolov11/train/labels) by extension 'ignore'
[1.097s] Level 1:colcon.colcon_core.package_identification:_identify(imageset/Tennisball_seg_600.v2-tennisball-seg-dataset-607-v02.yolov11/train/labels) by extension 'ignore_ament_install'
[1.100s] Level 1:colcon.colcon_core.package_identification:_identify(imageset/Tennisball_seg_600.v2-tennisball-seg-dataset-607-v02.yolov11/train/labels) by extensions ['colcon_pkg']
[1.100s] Level 1:colcon.colcon_core.package_identification:_identify(imageset/Tennisball_seg_600.v2-tennisball-seg-dataset-607-v02.yolov11/train/labels) by extension 'colcon_pkg'
[1.102s] Level 1:colcon.colcon_core.package_identification:_identify(imageset/Tennisball_seg_600.v2-tennisball-seg-dataset-607-v02.yolov11/train/labels) by extensions ['colcon_meta']
[1.102s] Level 1:colcon.colcon_core.package_identification:_identify(imageset/Tennisball_seg_600.v2-tennisball-seg-dataset-607-v02.yolov11/train/labels) by extension 'colcon_meta'
[1.107s] Level 1:colcon.colcon_core.package_identification:_identify(imageset/Tennisball_seg_600.v2-tennisball-seg-dataset-607-v02.yolov11/train/labels) by extensions ['ros']
[1.107s] Level 1:colcon.colcon_core.package_identification:_identify(imageset/Tennisball_seg_600.v2-tennisball-seg-dataset-607-v02.yolov11/train/labels) by extension 'ros'
[1.115s] Level 1:colcon.colcon_core.package_identification:_identify(imageset/Tennisball_seg_600.v2-tennisball-seg-dataset-607-v02.yolov11/train/labels) by extensions ['cmake', 'python']
[1.115s] Level 1:colcon.colcon_core.package_identification:_identify(imageset/Tennisball_seg_600.v2-tennisball-seg-dataset-607-v02.yolov11/train/labels) by extension 'cmake'
[1.116s] Level 1:colcon.colcon_core.package_identification:_identify(imageset/Tennisball_seg_600.v2-tennisball-seg-dataset-607-v02.yolov11/train/labels) by extension 'python'
[1.118s] Level 1:colcon.colcon_core.package_identification:_identify(imageset/Tennisball_seg_600.v2-tennisball-seg-dataset-607-v02.yolov11/train/labels) by extensions ['python_setup_py']
[1.118s] Level 1:colcon.colcon_core.package_identification:_identify(imageset/Tennisball_seg_600.v2-tennisball-seg-dataset-607-v02.yolov11/train/labels) by extension 'python_setup_py'
[1.125s] Level 1:colcon.colcon_core.package_identification:_identify(imageset/Tennisball_seg_600.v2-tennisball-seg-dataset-607-v02.yolov11/valid) by extensions ['ignore', 'ignore_ament_install']
[1.126s] Level 1:colcon.colcon_core.package_identification:_identify(imageset/Tennisball_seg_600.v2-tennisball-seg-dataset-607-v02.yolov11/valid) by extension 'ignore'
[1.127s] Level 1:colcon.colcon_core.package_identification:_identify(imageset/Tennisball_seg_600.v2-tennisball-seg-dataset-607-v02.yolov11/valid) by extension 'ignore_ament_install'
[1.129s] Level 1:colcon.colcon_core.package_identification:_identify(imageset/Tennisball_seg_600.v2-tennisball-seg-dataset-607-v02.yolov11/valid) by extensions ['colcon_pkg']
[1.129s] Level 1:colcon.colcon_core.package_identification:_identify(imageset/Tennisball_seg_600.v2-tennisball-seg-dataset-607-v02.yolov11/valid) by extension 'colcon_pkg'
[1.130s] Level 1:colcon.colcon_core.package_identification:_identify(imageset/Tennisball_seg_600.v2-tennisball-seg-dataset-607-v02.yolov11/valid) by extensions ['colcon_meta']
[1.130s] Level 1:colcon.colcon_core.package_identification:_identify(imageset/Tennisball_seg_600.v2-tennisball-seg-dataset-607-v02.yolov11/valid) by extension 'colcon_meta'
[1.132s] Level 1:colcon.colcon_core.package_identification:_identify(imageset/Tennisball_seg_600.v2-tennisball-seg-dataset-607-v02.yolov11/valid) by extensions ['ros']
[1.133s] Level 1:colcon.colcon_core.package_identification:_identify(imageset/Tennisball_seg_600.v2-tennisball-seg-dataset-607-v02.yolov11/valid) by extension 'ros'
[1.139s] Level 1:colcon.colcon_core.package_identification:_identify(imageset/Tennisball_seg_600.v2-tennisball-seg-dataset-607-v02.yolov11/valid) by extensions ['cmake', 'python']
[1.139s] Level 1:colcon.colcon_core.package_identification:_identify(imageset/Tennisball_seg_600.v2-tennisball-seg-dataset-607-v02.yolov11/valid) by extension 'cmake'
[1.142s] Level 1:colcon.colcon_core.package_identification:_identify(imageset/Tennisball_seg_600.v2-tennisball-seg-dataset-607-v02.yolov11/valid) by extension 'python'
[1.143s] Level 1:colcon.colcon_core.package_identification:_identify(imageset/Tennisball_seg_600.v2-tennisball-seg-dataset-607-v02.yolov11/valid) by extensions ['python_setup_py']
[1.143s] Level 1:colcon.colcon_core.package_identification:_identify(imageset/Tennisball_seg_600.v2-tennisball-seg-dataset-607-v02.yolov11/valid) by extension 'python_setup_py'
[1.150s] Level 1:colcon.colcon_core.package_identification:_identify(imageset/Tennisball_seg_600.v2-tennisball-seg-dataset-607-v02.yolov11/valid/images) by extensions ['ignore', 'ignore_ament_install']
[1.151s] Level 1:colcon.colcon_core.package_identification:_identify(imageset/Tennisball_seg_600.v2-tennisball-seg-dataset-607-v02.yolov11/valid/images) by extension 'ignore'
[1.152s] Level 1:colcon.colcon_core.package_identification:_identify(imageset/Tennisball_seg_600.v2-tennisball-seg-dataset-607-v02.yolov11/valid/images) by extension 'ignore_ament_install'
[1.168s] Level 1:colcon.colcon_core.package_identification:_identify(imageset/Tennisball_seg_600.v2-tennisball-seg-dataset-607-v02.yolov11/valid/images) by extensions ['colcon_pkg']
[1.168s] Level 1:colcon.colcon_core.package_identification:_identify(imageset/Tennisball_seg_600.v2-tennisball-seg-dataset-607-v02.yolov11/valid/images) by extension 'colcon_pkg'
[1.169s] Level 1:colcon.colcon_core.package_identification:_identify(imageset/Tennisball_seg_600.v2-tennisball-seg-dataset-607-v02.yolov11/valid/images) by extensions ['colcon_meta']
[1.170s] Level 1:colcon.colcon_core.package_identification:_identify(imageset/Tennisball_seg_600.v2-tennisball-seg-dataset-607-v02.yolov11/valid/images) by extension 'colcon_meta'
[1.174s] Level 1:colcon.colcon_core.package_identification:_identify(imageset/Tennisball_seg_600.v2-tennisball-seg-dataset-607-v02.yolov11/valid/images) by extensions ['ros']
[1.174s] Level 1:colcon.colcon_core.package_identification:_identify(imageset/Tennisball_seg_600.v2-tennisball-seg-dataset-607-v02.yolov11/valid/images) by extension 'ros'
[1.181s] Level 1:colcon.colcon_core.package_identification:_identify(imageset/Tennisball_seg_600.v2-tennisball-seg-dataset-607-v02.yolov11/valid/images) by extensions ['cmake', 'python']
[1.181s] Level 1:colcon.colcon_core.package_identification:_identify(imageset/Tennisball_seg_600.v2-tennisball-seg-dataset-607-v02.yolov11/valid/images) by extension 'cmake'
[1.182s] Level 1:colcon.colcon_core.package_identification:_identify(imageset/Tennisball_seg_600.v2-tennisball-seg-dataset-607-v02.yolov11/valid/images) by extension 'python'
[1.184s] Level 1:colcon.colcon_core.package_identification:_identify(imageset/Tennisball_seg_600.v2-tennisball-seg-dataset-607-v02.yolov11/valid/images) by extensions ['python_setup_py']
[1.184s] Level 1:colcon.colcon_core.package_identification:_identify(imageset/Tennisball_seg_600.v2-tennisball-seg-dataset-607-v02.yolov11/valid/images) by extension 'python_setup_py'
[1.192s] Level 1:colcon.colcon_core.package_identification:_identify(imageset/Tennisball_seg_600.v2-tennisball-seg-dataset-607-v02.yolov11/valid/labels) by extensions ['ignore', 'ignore_ament_install']
[1.192s] Level 1:colcon.colcon_core.package_identification:_identify(imageset/Tennisball_seg_600.v2-tennisball-seg-dataset-607-v02.yolov11/valid/labels) by extension 'ignore'
[1.194s] Level 1:colcon.colcon_core.package_identification:_identify(imageset/Tennisball_seg_600.v2-tennisball-seg-dataset-607-v02.yolov11/valid/labels) by extension 'ignore_ament_install'
[1.197s] Level 1:colcon.colcon_core.package_identification:_identify(imageset/Tennisball_seg_600.v2-tennisball-seg-dataset-607-v02.yolov11/valid/labels) by extensions ['colcon_pkg']
[1.197s] Level 1:colcon.colcon_core.package_identification:_identify(imageset/Tennisball_seg_600.v2-tennisball-seg-dataset-607-v02.yolov11/valid/labels) by extension 'colcon_pkg'
[1.198s] Level 1:colcon.colcon_core.package_identification:_identify(imageset/Tennisball_seg_600.v2-tennisball-seg-dataset-607-v02.yolov11/valid/labels) by extensions ['colcon_meta']
[1.199s] Level 1:colcon.colcon_core.package_identification:_identify(imageset/Tennisball_seg_600.v2-tennisball-seg-dataset-607-v02.yolov11/valid/labels) by extension 'colcon_meta'
[1.202s] Level 1:colcon.colcon_core.package_identification:_identify(imageset/Tennisball_seg_600.v2-tennisball-seg-dataset-607-v02.yolov11/valid/labels) by extensions ['ros']
[1.203s] Level 1:colcon.colcon_core.package_identification:_identify(imageset/Tennisball_seg_600.v2-tennisball-seg-dataset-607-v02.yolov11/valid/labels) by extension 'ros'
[1.210s] Level 1:colcon.colcon_core.package_identification:_identify(imageset/Tennisball_seg_600.v2-tennisball-seg-dataset-607-v02.yolov11/valid/labels) by extensions ['cmake', 'python']
[1.211s] Level 1:colcon.colcon_core.package_identification:_identify(imageset/Tennisball_seg_600.v2-tennisball-seg-dataset-607-v02.yolov11/valid/labels) by extension 'cmake'
[1.212s] Level 1:colcon.colcon_core.package_identification:_identify(imageset/Tennisball_seg_600.v2-tennisball-seg-dataset-607-v02.yolov11/valid/labels) by extension 'python'
[1.214s] Level 1:colcon.colcon_core.package_identification:_identify(imageset/Tennisball_seg_600.v2-tennisball-seg-dataset-607-v02.yolov11/valid/labels) by extensions ['python_setup_py']
[1.214s] Level 1:colcon.colcon_core.package_identification:_identify(imageset/Tennisball_seg_600.v2-tennisball-seg-dataset-607-v02.yolov11/valid/labels) by extension 'python_setup_py'
[1.217s] Level 1:colcon.colcon_core.package_identification:_identify(install) by extensions ['ignore', 'ignore_ament_install']
[1.217s] Level 1:colcon.colcon_core.package_identification:_identify(install) by extension 'ignore'
[1.218s] Level 1:colcon.colcon_core.package_identification:_identify(install) ignored
[1.221s] Level 1:colcon.colcon_core.package_identification:_identify(legacy) by extensions ['ignore', 'ignore_ament_install']
[1.222s] Level 1:colcon.colcon_core.package_identification:_identify(legacy) by extension 'ignore'
[1.223s] Level 1:colcon.colcon_core.package_identification:_identify(legacy) by extension 'ignore_ament_install'
[1.224s] Level 1:colcon.colcon_core.package_identification:_identify(legacy) by extensions ['colcon_pkg']
[1.224s] Level 1:colcon.colcon_core.package_identification:_identify(legacy) by extension 'colcon_pkg'
[1.225s] Level 1:colcon.colcon_core.package_identification:_identify(legacy) by extensions ['colcon_meta']
[1.225s] Level 1:colcon.colcon_core.package_identification:_identify(legacy) by extension 'colcon_meta'
[1.226s] Level 1:colcon.colcon_core.package_identification:_identify(legacy) by extensions ['ros']
[1.226s] Level 1:colcon.colcon_core.package_identification:_identify(legacy) by extension 'ros'
[1.228s] Level 1:colcon.colcon_core.package_identification:_identify(legacy) by extensions ['cmake', 'python']
[1.228s] Level 1:colcon.colcon_core.package_identification:_identify(legacy) by extension 'cmake'
[1.229s] Level 1:colcon.colcon_core.package_identification:_identify(legacy) by extension 'python'
[1.229s] Level 1:colcon.colcon_core.package_identification:_identify(legacy) by extensions ['python_setup_py']
[1.230s] Level 1:colcon.colcon_core.package_identification:_identify(legacy) by extension 'python_setup_py'
[1.233s] Level 1:colcon.colcon_core.package_identification:_identify(log) by extensions ['ignore', 'ignore_ament_install']
[1.234s] Level 1:colcon.colcon_core.package_identification:_identify(log) by extension 'ignore'
[1.234s] Level 1:colcon.colcon_core.package_identification:_identify(log) ignored
[1.236s] Level 1:colcon.colcon_core.package_identification:_identify(ros2_detection) by extensions ['ignore', 'ignore_ament_install']
[1.237s] Level 1:colcon.colcon_core.package_identification:_identify(ros2_detection) by extension 'ignore'
[1.238s] Level 1:colcon.colcon_core.package_identification:_identify(ros2_detection) by extension 'ignore_ament_install'
[1.239s] Level 1:colcon.colcon_core.package_identification:_identify(ros2_detection) by extensions ['colcon_pkg']
[1.239s] Level 1:colcon.colcon_core.package_identification:_identify(ros2_detection) by extension 'colcon_pkg'
[1.240s] Level 1:colcon.colcon_core.package_identification:_identify(ros2_detection) by extensions ['colcon_meta']
[1.240s] Level 1:colcon.colcon_core.package_identification:_identify(ros2_detection) by extension 'colcon_meta'
[1.241s] Level 1:colcon.colcon_core.package_identification:_identify(ros2_detection) by extensions ['ros']
[1.241s] Level 1:colcon.colcon_core.package_identification:_identify(ros2_detection) by extension 'ros'
[1.251s] DEBUG:colcon.colcon_core.package_identification:Package 'ros2_detection' with type 'ros.ament_python' and name 'ros2_detection'
[1.252s] Level 1:colcon.colcon_core.package_discovery:discover_packages(recursive) using defaults
[1.252s] Level 1:colcon.colcon_core.package_discovery:discover_packages(ignore) discover
[1.252s] Level 1:colcon.colcon_core.package_discovery:discover_packages(ignore) using defaults
[1.252s] Level 1:colcon.colcon_core.package_discovery:discover_packages(path) discover
[1.252s] Level 1:colcon.colcon_core.package_discovery:discover_packages(path) using defaults
[1.286s] Level 5:colcon.colcon_core.verb:set package 'ros2_detection' build argument 'cmake_args' from command line to 'None'
[1.287s] Level 5:colcon.colcon_core.verb:set package 'ros2_detection' build argument 'cmake_target' from command line to 'None'
[1.287s] Level 5:colcon.colcon_core.verb:set package 'ros2_detection' build argument 'cmake_target_skip_unavailable' from command line to 'False'
[1.287s] Level 5:colcon.colcon_core.verb:set package 'ros2_detection' build argument 'cmake_clean_cache' from command line to 'False'
[1.288s] Level 5:colcon.colcon_core.verb:set package 'ros2_detection' build argument 'cmake_clean_first' from command line to 'False'
[1.288s] Level 5:colcon.colcon_core.verb:set package 'ros2_detection' build argument 'cmake_force_configure' from command line to 'False'
[1.288s] Level 5:colcon.colcon_core.verb:set package 'ros2_detection' build argument 'ament_cmake_args' from command line to 'None'
[1.288s] Level 5:colcon.colcon_core.verb:set package 'ros2_detection' build argument 'catkin_cmake_args' from command line to 'None'
[1.288s] Level 5:colcon.colcon_core.verb:set package 'ros2_detection' build argument 'catkin_skip_building_tests' from command line to 'False'
[1.288s] DEBUG:colcon.colcon_core.verb:Building package 'ros2_detection' with the following arguments: {'ament_cmake_args': None, 'build_base': '/workspace/build/ros2_detection', 'catkin_cmake_args': None, 'catkin_skip_building_tests': False, 'cmake_args': None, 'cmake_clean_cache': False, 'cmake_clean_first': False, 'cmake_force_configure': False, 'cmake_target': None, 'cmake_target_skip_unavailable': False, 'install_base': '/workspace/install/ros2_detection', 'merge_install': False, 'path': '/workspace/ros2_detection', 'symlink_install': False, 'test_result_base': None}
[1.289s] INFO:colcon.colcon_core.executor:Executing jobs using 'parallel' executor
[1.289s] DEBUG:colcon.colcon_parallel_executor.executor.parallel:run_until_complete
[1.290s] INFO:colcon.colcon_ros.task.ament_python.build:Building ROS package in '/workspace/ros2_detection' with build type 'ament_python'
[1.290s] Level 1:colcon.colcon_core.shell:create_environment_hook('ros2_detection', 'ament_prefix_path')
[1.295s] INFO:colcon.colcon_core.plugin_system:Skipping extension 'colcon_core.shell.bat': Not used on non-Windows systems
[1.296s] INFO:colcon.colcon_core.shell:Creating environment hook '/workspace/install/ros2_detection/share/ros2_detection/hook/ament_prefix_path.ps1'
[1.311s] INFO:colcon.colcon_core.shell:Creating environment descriptor '/workspace/install/ros2_detection/share/ros2_detection/hook/ament_prefix_path.dsv'
[1.326s] INFO:colcon.colcon_core.shell:Creating environment hook '/workspace/install/ros2_detection/share/ros2_detection/hook/ament_prefix_path.sh'
[1.340s] INFO:colcon.colcon_core.shell:Skip shell extension 'powershell' for command environment: Not usable outside of PowerShell
[1.340s] DEBUG:colcon.colcon_core.shell:Skip shell extension 'dsv' for command environment
[1.543s] INFO:colcon.colcon_core.task.python.build:Building Python package in '/workspace/ros2_detection'
[1.543s] INFO:colcon.colcon_core.shell:Skip shell extension 'powershell' for command environment: Not usable outside of PowerShell
[1.544s] DEBUG:colcon.colcon_core.shell:Skip shell extension 'dsv' for command environment
[2.468s] DEBUG:colcon.colcon_core.event_handler.log_command:Invoking command in '/workspace/ros2_detection': PYTHONPATH=/workspace/build/ros2_detection/prefix_override:/usr/lib/python3/dist-packages/colcon_core/task/python/colcon_distutils_commands:/workspace/install/ros2_detection/lib/python3.10/site-packages:${PYTHONPATH} /usr/bin/python3 -W ignore:setup.py install is deprecated -W ignore:easy_install command is deprecated setup.py egg_info --egg-base ../build/ros2_detection build --build-base /workspace/build/ros2_detection/build install --record /workspace/build/ros2_detection/install.log --single-version-externally-managed install_data
[3.973s] DEBUG:colcon.colcon_core.event_handler.log_command:Invoked command in '/workspace/ros2_detection' returned '0': PYTHONPATH=/workspace/build/ros2_detection/prefix_override:/usr/lib/python3/dist-packages/colcon_core/task/python/colcon_distutils_commands:/workspace/install/ros2_detection/lib/python3.10/site-packages:${PYTHONPATH} /usr/bin/python3 -W ignore:setup.py install is deprecated -W ignore:easy_install command is deprecated setup.py egg_info --egg-base ../build/ros2_detection build --build-base /workspace/build/ros2_detection/build install --record /workspace/build/ros2_detection/install.log --single-version-externally-managed install_data
[3.979s] Level 1:colcon.colcon_core.environment:checking '/workspace/install/ros2_detection' for CMake module files
[4.021s] Level 1:colcon.colcon_core.environment:checking '/workspace/install/ros2_detection' for CMake config files
[4.098s] Level 1:colcon.colcon_core.environment:checking '/workspace/install/ros2_detection/lib'
[4.102s] Level 1:colcon.colcon_core.environment:checking '/workspace/install/ros2_detection/bin'
[4.103s] Level 1:colcon.colcon_core.environment:checking '/workspace/install/ros2_detection/lib/pkgconfig/ros2_detection.pc'
[4.105s] Level 1:colcon.colcon_core.environment:checking '/workspace/install/ros2_detection/lib/python3.10/site-packages'
[4.108s] Level 1:colcon.colcon_core.shell:create_environment_hook('ros2_detection', 'pythonpath')
[4.108s] INFO:colcon.colcon_core.shell:Creating environment hook '/workspace/install/ros2_detection/share/ros2_detection/hook/pythonpath.ps1'
[4.122s] INFO:colcon.colcon_core.shell:Creating environment descriptor '/workspace/install/ros2_detection/share/ros2_detection/hook/pythonpath.dsv'
[4.135s] INFO:colcon.colcon_core.shell:Creating environment hook '/workspace/install/ros2_detection/share/ros2_detection/hook/pythonpath.sh'
[4.148s] Level 1:colcon.colcon_core.environment:checking '/workspace/install/ros2_detection/bin'
[4.150s] Level 1:colcon.colcon_core.environment:create_environment_scripts_only(ros2_detection)
[4.150s] INFO:colcon.colcon_core.shell:Creating package script '/workspace/install/ros2_detection/share/ros2_detection/package.ps1'
[4.165s] INFO:colcon.colcon_core.shell:Creating package descriptor '/workspace/install/ros2_detection/share/ros2_detection/package.dsv'
[4.183s] INFO:colcon.colcon_core.shell:Creating package script '/workspace/install/ros2_detection/share/ros2_detection/package.sh'
[4.195s] INFO:colcon.colcon_core.shell:Creating package script '/workspace/install/ros2_detection/share/ros2_detection/package.bash'
[4.208s] INFO:colcon.colcon_core.shell:Creating package script '/workspace/install/ros2_detection/share/ros2_detection/package.zsh'
[4.219s] Level 1:colcon.colcon_core.environment:create_file_with_runtime_dependencies(/workspace/install/ros2_detection/share/colcon-core/packages/ros2_detection)
[4.229s] DEBUG:colcon.colcon_parallel_executor.executor.parallel:closing loop
[4.229s] DEBUG:colcon.colcon_parallel_executor.executor.parallel:loop closed
[4.230s] DEBUG:colcon.colcon_parallel_executor.executor.parallel:run_until_complete finished with '0'
[4.230s] DEBUG:colcon.colcon_core.event_reactor:joining thread
[4.247s] INFO:colcon.colcon_core.plugin_system:Skipping extension 'colcon_notification.desktop_notification.notify_send': Could not find 'notify-send'
[4.247s] INFO:colcon.colcon_core.plugin_system:Skipping extension 'colcon_notification.desktop_notification.terminal_notifier': Not used on non-Darwin systems
[4.247s] INFO:colcon.colcon_core.plugin_system:Skipping extension 'colcon_notification.desktop_notification.win32': Not used on non-Windows systems
[4.248s] INFO:colcon.colcon_notification.desktop_notification:Sending desktop notification using 'notify2'
[4.248s] DEBUG:colcon.colcon_notification.desktop_notification.notify2:Failed to initialize notify2: org.freedesktop.DBus.Error.InvalidFileContent: D-Bus library appears to be incorrectly set up: see the manual page for dbus-uuidgen to correct this issue. (Failed to open "/var/lib/dbus/machine-id": No such file or directory; UUID file '/etc/machine-id' should contain a hex string of length 32, not length 0, with no other text)
[4.248s] DEBUG:colcon.colcon_core.event_reactor:joined thread
[4.249s] INFO:colcon.colcon_core.shell:Creating prefix script '/workspace/install/local_setup.ps1'
[4.254s] INFO:colcon.colcon_core.shell:Creating prefix util module '/workspace/install/_local_setup_util_ps1.py'
[4.262s] INFO:colcon.colcon_core.shell:Creating prefix chain script '/workspace/install/setup.ps1'
[4.275s] INFO:colcon.colcon_core.shell:Creating prefix script '/workspace/install/local_setup.sh'
[4.285s] INFO:colcon.colcon_core.shell:Creating prefix util module '/workspace/install/_local_setup_util_sh.py'
[4.291s] INFO:colcon.colcon_core.shell:Creating prefix chain script '/workspace/install/setup.sh'
[4.298s] INFO:colcon.colcon_core.shell:Creating prefix script '/workspace/install/local_setup.bash'
[4.303s] INFO:colcon.colcon_core.shell:Creating prefix chain script '/workspace/install/setup.bash'
[4.312s] INFO:colcon.colcon_core.shell:Creating prefix script '/workspace/install/local_setup.zsh'
[4.320s] INFO:colcon.colcon_core.shell:Creating prefix chain script '/workspace/install/setup.zsh'
