[1.505s] Invoking command in '/workspace/ros2_detection': PYTHONPATH=/workspace/build/ros2_detection/prefix_override:/usr/lib/python3/dist-packages/colcon_core/task/python/colcon_distutils_commands:/workspace/install/ros2_detection/lib/python3.10/site-packages:${PYTHONPATH} /usr/bin/python3 -W ignore:setup.py install is deprecated -W ignore:easy_install command is deprecated setup.py egg_info --egg-base ../build/ros2_detection build --build-base /workspace/build/ros2_detection/build install --record /workspace/build/ros2_detection/install.log --single-version-externally-managed install_data
[2.371s] running egg_info
[2.378s] writing ../build/ros2_detection/ros2_detection.egg-info/PKG-INFO
[2.384s] writing dependency_links to ../build/ros2_detection/ros2_detection.egg-info/dependency_links.txt
[2.398s] writing entry points to ../build/ros2_detection/ros2_detection.egg-info/entry_points.txt
[2.408s] writing requirements to ../build/ros2_detection/ros2_detection.egg-info/requires.txt
[2.413s] writing top-level names to ../build/ros2_detection/ros2_detection.egg-info/top_level.txt
[2.453s] reading manifest file '../build/ros2_detection/ros2_detection.egg-info/SOURCES.txt'
[2.535s] writing manifest file '../build/ros2_detection/ros2_detection.egg-info/SOURCES.txt'
[2.542s] running build
[2.545s] running build_py
[2.560s] copying ros2_detection/detection_model_selection.py -> /workspace/build/ros2_detection/build/lib/ros2_detection
[2.639s] running install
[2.640s] running install_lib
[2.682s] copying /workspace/build/ros2_detection/build/lib/ros2_detection/detection_model_selection.py -> /workspace/install/ros2_detection/lib/python3.10/site-packages/ros2_detection
[2.803s] byte-compiling /workspace/install/ros2_detection/lib/python3.10/site-packages/ros2_detection/detection_model_selection.py to detection_model_selection.cpython-310.pyc
[2.905s] running install_data
[2.982s] running install_egg_info
[3.009s] removing '/workspace/install/ros2_detection/lib/python3.10/site-packages/ros2_detection-0.0.1-py3.10.egg-info' (and everything under it)
[3.087s] Copying ../build/ros2_detection/ros2_detection.egg-info to /workspace/install/ros2_detection/lib/python3.10/site-packages/ros2_detection-0.0.1-py3.10.egg-info
[3.381s] running install_scripts
[3.457s] Installing detector_node script to /workspace/install/ros2_detection/lib/ros2_detection
[3.474s] writing list of installed files to '/workspace/build/ros2_detection/install.log'
[3.493s] Invoked command in '/workspace/ros2_detection' returned '0': PYTHONPATH=/workspace/build/ros2_detection/prefix_override:/usr/lib/python3/dist-packages/colcon_core/task/python/colcon_distutils_commands:/workspace/install/ros2_detection/lib/python3.10/site-packages:${PYTHONPATH} /usr/bin/python3 -W ignore:setup.py install is deprecated -W ignore:easy_install command is deprecated setup.py egg_info --egg-base ../build/ros2_detection build --build-base /workspace/build/ros2_detection/build install --record /workspace/build/ros2_detection/install.log --single-version-externally-managed install_data
