[0.111s] DEBUG:colcon:Command line arguments: ['/usr/bin/colcon', 'build', '--packages-select', 'ros2_detection']
[0.111s] DEBUG:colcon:Parsed command line arguments: Namespace(log_base=None, log_level=None, verb_name='build', build_base='build', install_base='install', merge_install=False, symlink_install=False, test_result_base=None, continue_on_error=False, executor='parallel', parallel_workers=16, event_handlers=None, ignore_user_meta=False, metas=['./colcon.meta'], base_paths=['.'], packages_ignore=None, packages_ignore_regex=None, paths=None, packages_up_to=None, packages_up_to_regex=None, packages_above=None, packages_above_and_dependencies=None, packages_above_depth=None, packages_select_by_dep=None, packages_skip_by_dep=None, packages_skip_up_to=None, packages_select_build_failed=False, packages_skip_build_finished=False, packages_select_test_failures=False, packages_skip_test_passed=False, packages_select=['ros2_detection'], packages_skip=None, packages_select_regex=None, packages_skip_regex=None, packages_start=None, packages_end=None, cmake_args=None, cmake_target=None, cmake_target_skip_unavailable=False, cmake_clean_cache=False, cmake_clean_first=False, cmake_force_configure=False, ament_cmake_args=None, catkin_cmake_args=None, catkin_skip_building_tests=False, mixin_files=None, mixin=None, verb_parser=<colcon_mixin.mixin.mixin_argument.MixinArgumentDecorator object at 0x76522df07220>, verb_extension=<colcon_core.verb.build.BuildVerb object at 0x76522df06b90>, main=<bound method BuildVerb.main of <colcon_core.verb.build.BuildVerb object at 0x76522df06b90>>, mixin_verb=('build',))
[0.196s] Level 1:colcon.colcon_core.package_discovery:discover_packages(colcon_meta) check parameters
[0.198s] INFO:colcon.colcon_metadata.package_discovery.colcon_meta:Using configuration from '/root/.colcon/metadata/default/Gazebo.meta'
[0.199s] INFO:colcon.colcon_metadata.package_discovery.colcon_meta:Using configuration from '/root/.colcon/metadata/default/fastdds.meta'
[0.200s] INFO:colcon.colcon_metadata.package_discovery.colcon_meta:Using configuration from '/root/.colcon/metadata/default/fastrtps.meta'
[0.200s] Level 1:colcon.colcon_core.package_discovery:discover_packages(recursive) check parameters
[0.201s] Level 1:colcon.colcon_core.package_discovery:discover_packages(ignore) check parameters
[0.201s] Level 1:colcon.colcon_core.package_discovery:discover_packages(path) check parameters
[0.201s] Level 1:colcon.colcon_core.package_discovery:discover_packages(colcon_meta) discover
[0.202s] Level 1:colcon.colcon_core.package_discovery:discover_packages(recursive) discover
[0.202s] INFO:colcon.colcon_core.package_discovery:Crawling recursively for packages in '/workspace'
[0.204s] Level 1:colcon.colcon_core.package_identification:_identify(.) by extensions ['ignore', 'ignore_ament_install']
[0.204s] Level 1:colcon.colcon_core.package_identification:_identify(.) by extension 'ignore'
[0.207s] Level 1:colcon.colcon_core.package_identification:_identify(.) by extension 'ignore_ament_install'
[0.207s] Level 1:colcon.colcon_core.package_identification:_identify(.) by extensions ['colcon_pkg']
[0.208s] Level 1:colcon.colcon_core.package_identification:_identify(.) by extension 'colcon_pkg'
[0.208s] Level 1:colcon.colcon_core.package_identification:_identify(.) by extensions ['colcon_meta']
[0.208s] Level 1:colcon.colcon_core.package_identification:_identify(.) by extension 'colcon_meta'
[0.208s] Level 1:colcon.colcon_core.package_identification:_identify(.) by extensions ['ros']
[0.209s] Level 1:colcon.colcon_core.package_identification:_identify(.) by extension 'ros'
[0.229s] Level 1:colcon.colcon_core.package_identification:_identify(.) by extensions ['cmake', 'python']
[0.230s] Level 1:colcon.colcon_core.package_identification:_identify(.) by extension 'cmake'
[0.230s] Level 1:colcon.colcon_core.package_identification:_identify(.) by extension 'python'
[0.231s] Level 1:colcon.colcon_core.package_identification:_identify(.) by extensions ['python_setup_py']
[0.231s] Level 1:colcon.colcon_core.package_identification:_identify(.) by extension 'python_setup_py'
[0.235s] Level 1:colcon.colcon_core.package_identification:_identify(__pycache__) by extensions ['ignore', 'ignore_ament_install']
[0.236s] Level 1:colcon.colcon_core.package_identification:_identify(__pycache__) by extension 'ignore'
[0.237s] Level 1:colcon.colcon_core.package_identification:_identify(__pycache__) by extension 'ignore_ament_install'
[0.238s] Level 1:colcon.colcon_core.package_identification:_identify(__pycache__) by extensions ['colcon_pkg']
[0.239s] Level 1:colcon.colcon_core.package_identification:_identify(__pycache__) by extension 'colcon_pkg'
[0.240s] Level 1:colcon.colcon_core.package_identification:_identify(__pycache__) by extensions ['colcon_meta']
[0.240s] Level 1:colcon.colcon_core.package_identification:_identify(__pycache__) by extension 'colcon_meta'
[0.241s] Level 1:colcon.colcon_core.package_identification:_identify(__pycache__) by extensions ['ros']
[0.241s] Level 1:colcon.colcon_core.package_identification:_identify(__pycache__) by extension 'ros'
[0.244s] Level 1:colcon.colcon_core.package_identification:_identify(__pycache__) by extensions ['cmake', 'python']
[0.244s] Level 1:colcon.colcon_core.package_identification:_identify(__pycache__) by extension 'cmake'
[0.245s] Level 1:colcon.colcon_core.package_identification:_identify(__pycache__) by extension 'python'
[0.245s] Level 1:colcon.colcon_core.package_identification:_identify(__pycache__) by extensions ['python_setup_py']
[0.246s] Level 1:colcon.colcon_core.package_identification:_identify(__pycache__) by extension 'python_setup_py'
[0.249s] Level 1:colcon.colcon_core.package_identification:_identify(build) by extensions ['ignore', 'ignore_ament_install']
[0.249s] Level 1:colcon.colcon_core.package_identification:_identify(build) by extension 'ignore'
[0.251s] Level 1:colcon.colcon_core.package_identification:_identify(build) ignored
[0.258s] Level 1:colcon.colcon_core.package_identification:_identify(imageset) by extensions ['ignore', 'ignore_ament_install']
[0.259s] Level 1:colcon.colcon_core.package_identification:_identify(imageset) by extension 'ignore'
[0.260s] Level 1:colcon.colcon_core.package_identification:_identify(imageset) by extension 'ignore_ament_install'
[0.261s] Level 1:colcon.colcon_core.package_identification:_identify(imageset) by extensions ['colcon_pkg']
[0.261s] Level 1:colcon.colcon_core.package_identification:_identify(imageset) by extension 'colcon_pkg'
[0.262s] Level 1:colcon.colcon_core.package_identification:_identify(imageset) by extensions ['colcon_meta']
[0.263s] Level 1:colcon.colcon_core.package_identification:_identify(imageset) by extension 'colcon_meta'
[0.263s] Level 1:colcon.colcon_core.package_identification:_identify(imageset) by extensions ['ros']
[0.263s] Level 1:colcon.colcon_core.package_identification:_identify(imageset) by extension 'ros'
[0.266s] Level 1:colcon.colcon_core.package_identification:_identify(imageset) by extensions ['cmake', 'python']
[0.267s] Level 1:colcon.colcon_core.package_identification:_identify(imageset) by extension 'cmake'
[0.269s] Level 1:colcon.colcon_core.package_identification:_identify(imageset) by extension 'python'
[0.270s] Level 1:colcon.colcon_core.package_identification:_identify(imageset) by extensions ['python_setup_py']
[0.271s] Level 1:colcon.colcon_core.package_identification:_identify(imageset) by extension 'python_setup_py'
[0.276s] Level 1:colcon.colcon_core.package_identification:_identify(imageset/Tennisball_seg_600.v1-tennisball-seg-dataset-607.yolov11) by extensions ['ignore', 'ignore_ament_install']
[0.277s] Level 1:colcon.colcon_core.package_identification:_identify(imageset/Tennisball_seg_600.v1-tennisball-seg-dataset-607.yolov11) by extension 'ignore'
[0.278s] Level 1:colcon.colcon_core.package_identification:_identify(imageset/Tennisball_seg_600.v1-tennisball-seg-dataset-607.yolov11) by extension 'ignore_ament_install'
[0.280s] Level 1:colcon.colcon_core.package_identification:_identify(imageset/Tennisball_seg_600.v1-tennisball-seg-dataset-607.yolov11) by extensions ['colcon_pkg']
[0.280s] Level 1:colcon.colcon_core.package_identification:_identify(imageset/Tennisball_seg_600.v1-tennisball-seg-dataset-607.yolov11) by extension 'colcon_pkg'
[0.281s] Level 1:colcon.colcon_core.package_identification:_identify(imageset/Tennisball_seg_600.v1-tennisball-seg-dataset-607.yolov11) by extensions ['colcon_meta']
[0.281s] Level 1:colcon.colcon_core.package_identification:_identify(imageset/Tennisball_seg_600.v1-tennisball-seg-dataset-607.yolov11) by extension 'colcon_meta'
[0.284s] Level 1:colcon.colcon_core.package_identification:_identify(imageset/Tennisball_seg_600.v1-tennisball-seg-dataset-607.yolov11) by extensions ['ros']
[0.284s] Level 1:colcon.colcon_core.package_identification:_identify(imageset/Tennisball_seg_600.v1-tennisball-seg-dataset-607.yolov11) by extension 'ros'
[0.291s] Level 1:colcon.colcon_core.package_identification:_identify(imageset/Tennisball_seg_600.v1-tennisball-seg-dataset-607.yolov11) by extensions ['cmake', 'python']
[0.291s] Level 1:colcon.colcon_core.package_identification:_identify(imageset/Tennisball_seg_600.v1-tennisball-seg-dataset-607.yolov11) by extension 'cmake'
[0.292s] Level 1:colcon.colcon_core.package_identification:_identify(imageset/Tennisball_seg_600.v1-tennisball-seg-dataset-607.yolov11) by extension 'python'
[0.293s] Level 1:colcon.colcon_core.package_identification:_identify(imageset/Tennisball_seg_600.v1-tennisball-seg-dataset-607.yolov11) by extensions ['python_setup_py']
[0.294s] Level 1:colcon.colcon_core.package_identification:_identify(imageset/Tennisball_seg_600.v1-tennisball-seg-dataset-607.yolov11) by extension 'python_setup_py'
[0.302s] Level 1:colcon.colcon_core.package_identification:_identify(imageset/Tennisball_seg_600.v1-tennisball-seg-dataset-607.yolov11/test) by extensions ['ignore', 'ignore_ament_install']
[0.302s] Level 1:colcon.colcon_core.package_identification:_identify(imageset/Tennisball_seg_600.v1-tennisball-seg-dataset-607.yolov11/test) by extension 'ignore'
[0.304s] Level 1:colcon.colcon_core.package_identification:_identify(imageset/Tennisball_seg_600.v1-tennisball-seg-dataset-607.yolov11/test) by extension 'ignore_ament_install'
[0.308s] Level 1:colcon.colcon_core.package_identification:_identify(imageset/Tennisball_seg_600.v1-tennisball-seg-dataset-607.yolov11/test) by extensions ['colcon_pkg']
[0.308s] Level 1:colcon.colcon_core.package_identification:_identify(imageset/Tennisball_seg_600.v1-tennisball-seg-dataset-607.yolov11/test) by extension 'colcon_pkg'
[0.310s] Level 1:colcon.colcon_core.package_identification:_identify(imageset/Tennisball_seg_600.v1-tennisball-seg-dataset-607.yolov11/test) by extensions ['colcon_meta']
[0.310s] Level 1:colcon.colcon_core.package_identification:_identify(imageset/Tennisball_seg_600.v1-tennisball-seg-dataset-607.yolov11/test) by extension 'colcon_meta'
[0.313s] Level 1:colcon.colcon_core.package_identification:_identify(imageset/Tennisball_seg_600.v1-tennisball-seg-dataset-607.yolov11/test) by extensions ['ros']
[0.313s] Level 1:colcon.colcon_core.package_identification:_identify(imageset/Tennisball_seg_600.v1-tennisball-seg-dataset-607.yolov11/test) by extension 'ros'
[0.324s] Level 1:colcon.colcon_core.package_identification:_identify(imageset/Tennisball_seg_600.v1-tennisball-seg-dataset-607.yolov11/test) by extensions ['cmake', 'python']
[0.325s] Level 1:colcon.colcon_core.package_identification:_identify(imageset/Tennisball_seg_600.v1-tennisball-seg-dataset-607.yolov11/test) by extension 'cmake'
[0.327s] Level 1:colcon.colcon_core.package_identification:_identify(imageset/Tennisball_seg_600.v1-tennisball-seg-dataset-607.yolov11/test) by extension 'python'
[0.329s] Level 1:colcon.colcon_core.package_identification:_identify(imageset/Tennisball_seg_600.v1-tennisball-seg-dataset-607.yolov11/test) by extensions ['python_setup_py']
[0.329s] Level 1:colcon.colcon_core.package_identification:_identify(imageset/Tennisball_seg_600.v1-tennisball-seg-dataset-607.yolov11/test) by extension 'python_setup_py'
[0.342s] Level 1:colcon.colcon_core.package_identification:_identify(imageset/Tennisball_seg_600.v1-tennisball-seg-dataset-607.yolov11/test/images) by extensions ['ignore', 'ignore_ament_install']
[0.342s] Level 1:colcon.colcon_core.package_identification:_identify(imageset/Tennisball_seg_600.v1-tennisball-seg-dataset-607.yolov11/test/images) by extension 'ignore'
[0.344s] Level 1:colcon.colcon_core.package_identification:_identify(imageset/Tennisball_seg_600.v1-tennisball-seg-dataset-607.yolov11/test/images) by extension 'ignore_ament_install'
[0.348s] Level 1:colcon.colcon_core.package_identification:_identify(imageset/Tennisball_seg_600.v1-tennisball-seg-dataset-607.yolov11/test/images) by extensions ['colcon_pkg']
[0.348s] Level 1:colcon.colcon_core.package_identification:_identify(imageset/Tennisball_seg_600.v1-tennisball-seg-dataset-607.yolov11/test/images) by extension 'colcon_pkg'
[0.349s] Level 1:colcon.colcon_core.package_identification:_identify(imageset/Tennisball_seg_600.v1-tennisball-seg-dataset-607.yolov11/test/images) by extensions ['colcon_meta']
[0.349s] Level 1:colcon.colcon_core.package_identification:_identify(imageset/Tennisball_seg_600.v1-tennisball-seg-dataset-607.yolov11/test/images) by extension 'colcon_meta'
[0.352s] Level 1:colcon.colcon_core.package_identification:_identify(imageset/Tennisball_seg_600.v1-tennisball-seg-dataset-607.yolov11/test/images) by extensions ['ros']
[0.353s] Level 1:colcon.colcon_core.package_identification:_identify(imageset/Tennisball_seg_600.v1-tennisball-seg-dataset-607.yolov11/test/images) by extension 'ros'
[0.364s] Level 1:colcon.colcon_core.package_identification:_identify(imageset/Tennisball_seg_600.v1-tennisball-seg-dataset-607.yolov11/test/images) by extensions ['cmake', 'python']
[0.364s] Level 1:colcon.colcon_core.package_identification:_identify(imageset/Tennisball_seg_600.v1-tennisball-seg-dataset-607.yolov11/test/images) by extension 'cmake'
[0.367s] Level 1:colcon.colcon_core.package_identification:_identify(imageset/Tennisball_seg_600.v1-tennisball-seg-dataset-607.yolov11/test/images) by extension 'python'
[0.369s] Level 1:colcon.colcon_core.package_identification:_identify(imageset/Tennisball_seg_600.v1-tennisball-seg-dataset-607.yolov11/test/images) by extensions ['python_setup_py']
[0.369s] Level 1:colcon.colcon_core.package_identification:_identify(imageset/Tennisball_seg_600.v1-tennisball-seg-dataset-607.yolov11/test/images) by extension 'python_setup_py'
[0.378s] Level 1:colcon.colcon_core.package_identification:_identify(imageset/Tennisball_seg_600.v1-tennisball-seg-dataset-607.yolov11/test/labels) by extensions ['ignore', 'ignore_ament_install']
[0.378s] Level 1:colcon.colcon_core.package_identification:_identify(imageset/Tennisball_seg_600.v1-tennisball-seg-dataset-607.yolov11/test/labels) by extension 'ignore'
[0.382s] Level 1:colcon.colcon_core.package_identification:_identify(imageset/Tennisball_seg_600.v1-tennisball-seg-dataset-607.yolov11/test/labels) by extension 'ignore_ament_install'
[0.386s] Level 1:colcon.colcon_core.package_identification:_identify(imageset/Tennisball_seg_600.v1-tennisball-seg-dataset-607.yolov11/test/labels) by extensions ['colcon_pkg']
[0.387s] Level 1:colcon.colcon_core.package_identification:_identify(imageset/Tennisball_seg_600.v1-tennisball-seg-dataset-607.yolov11/test/labels) by extension 'colcon_pkg'
[0.389s] Level 1:colcon.colcon_core.package_identification:_identify(imageset/Tennisball_seg_600.v1-tennisball-seg-dataset-607.yolov11/test/labels) by extensions ['colcon_meta']
[0.390s] Level 1:colcon.colcon_core.package_identification:_identify(imageset/Tennisball_seg_600.v1-tennisball-seg-dataset-607.yolov11/test/labels) by extension 'colcon_meta'
[0.395s] Level 1:colcon.colcon_core.package_identification:_identify(imageset/Tennisball_seg_600.v1-tennisball-seg-dataset-607.yolov11/test/labels) by extensions ['ros']
[0.395s] Level 1:colcon.colcon_core.package_identification:_identify(imageset/Tennisball_seg_600.v1-tennisball-seg-dataset-607.yolov11/test/labels) by extension 'ros'
[0.404s] Level 1:colcon.colcon_core.package_identification:_identify(imageset/Tennisball_seg_600.v1-tennisball-seg-dataset-607.yolov11/test/labels) by extensions ['cmake', 'python']
[0.404s] Level 1:colcon.colcon_core.package_identification:_identify(imageset/Tennisball_seg_600.v1-tennisball-seg-dataset-607.yolov11/test/labels) by extension 'cmake'
[0.407s] Level 1:colcon.colcon_core.package_identification:_identify(imageset/Tennisball_seg_600.v1-tennisball-seg-dataset-607.yolov11/test/labels) by extension 'python'
[0.410s] Level 1:colcon.colcon_core.package_identification:_identify(imageset/Tennisball_seg_600.v1-tennisball-seg-dataset-607.yolov11/test/labels) by extensions ['python_setup_py']
[0.410s] Level 1:colcon.colcon_core.package_identification:_identify(imageset/Tennisball_seg_600.v1-tennisball-seg-dataset-607.yolov11/test/labels) by extension 'python_setup_py'
[0.419s] Level 1:colcon.colcon_core.package_identification:_identify(imageset/Tennisball_seg_600.v1-tennisball-seg-dataset-607.yolov11/train) by extensions ['ignore', 'ignore_ament_install']
[0.419s] Level 1:colcon.colcon_core.package_identification:_identify(imageset/Tennisball_seg_600.v1-tennisball-seg-dataset-607.yolov11/train) by extension 'ignore'
[0.421s] Level 1:colcon.colcon_core.package_identification:_identify(imageset/Tennisball_seg_600.v1-tennisball-seg-dataset-607.yolov11/train) by extension 'ignore_ament_install'
[0.426s] Level 1:colcon.colcon_core.package_identification:_identify(imageset/Tennisball_seg_600.v1-tennisball-seg-dataset-607.yolov11/train) by extensions ['colcon_pkg']
[0.426s] Level 1:colcon.colcon_core.package_identification:_identify(imageset/Tennisball_seg_600.v1-tennisball-seg-dataset-607.yolov11/train) by extension 'colcon_pkg'
[0.428s] Level 1:colcon.colcon_core.package_identification:_identify(imageset/Tennisball_seg_600.v1-tennisball-seg-dataset-607.yolov11/train) by extensions ['colcon_meta']
[0.429s] Level 1:colcon.colcon_core.package_identification:_identify(imageset/Tennisball_seg_600.v1-tennisball-seg-dataset-607.yolov11/train) by extension 'colcon_meta'
[0.432s] Level 1:colcon.colcon_core.package_identification:_identify(imageset/Tennisball_seg_600.v1-tennisball-seg-dataset-607.yolov11/train) by extensions ['ros']
[0.432s] Level 1:colcon.colcon_core.package_identification:_identify(imageset/Tennisball_seg_600.v1-tennisball-seg-dataset-607.yolov11/train) by extension 'ros'
[0.441s] Level 1:colcon.colcon_core.package_identification:_identify(imageset/Tennisball_seg_600.v1-tennisball-seg-dataset-607.yolov11/train) by extensions ['cmake', 'python']
[0.441s] Level 1:colcon.colcon_core.package_identification:_identify(imageset/Tennisball_seg_600.v1-tennisball-seg-dataset-607.yolov11/train) by extension 'cmake'
[0.443s] Level 1:colcon.colcon_core.package_identification:_identify(imageset/Tennisball_seg_600.v1-tennisball-seg-dataset-607.yolov11/train) by extension 'python'
[0.445s] Level 1:colcon.colcon_core.package_identification:_identify(imageset/Tennisball_seg_600.v1-tennisball-seg-dataset-607.yolov11/train) by extensions ['python_setup_py']
[0.445s] Level 1:colcon.colcon_core.package_identification:_identify(imageset/Tennisball_seg_600.v1-tennisball-seg-dataset-607.yolov11/train) by extension 'python_setup_py'
[0.468s] Level 1:colcon.colcon_core.package_identification:_identify(imageset/Tennisball_seg_600.v1-tennisball-seg-dataset-607.yolov11/train/images) by extensions ['ignore', 'ignore_ament_install']
[0.469s] Level 1:colcon.colcon_core.package_identification:_identify(imageset/Tennisball_seg_600.v1-tennisball-seg-dataset-607.yolov11/train/images) by extension 'ignore'
[0.472s] Level 1:colcon.colcon_core.package_identification:_identify(imageset/Tennisball_seg_600.v1-tennisball-seg-dataset-607.yolov11/train/images) by extension 'ignore_ament_install'
[0.477s] Level 1:colcon.colcon_core.package_identification:_identify(imageset/Tennisball_seg_600.v1-tennisball-seg-dataset-607.yolov11/train/images) by extensions ['colcon_pkg']
[0.478s] Level 1:colcon.colcon_core.package_identification:_identify(imageset/Tennisball_seg_600.v1-tennisball-seg-dataset-607.yolov11/train/images) by extension 'colcon_pkg'
[0.480s] Level 1:colcon.colcon_core.package_identification:_identify(imageset/Tennisball_seg_600.v1-tennisball-seg-dataset-607.yolov11/train/images) by extensions ['colcon_meta']
[0.481s] Level 1:colcon.colcon_core.package_identification:_identify(imageset/Tennisball_seg_600.v1-tennisball-seg-dataset-607.yolov11/train/images) by extension 'colcon_meta'
[0.486s] Level 1:colcon.colcon_core.package_identification:_identify(imageset/Tennisball_seg_600.v1-tennisball-seg-dataset-607.yolov11/train/images) by extensions ['ros']
[0.487s] Level 1:colcon.colcon_core.package_identification:_identify(imageset/Tennisball_seg_600.v1-tennisball-seg-dataset-607.yolov11/train/images) by extension 'ros'
[0.497s] Level 1:colcon.colcon_core.package_identification:_identify(imageset/Tennisball_seg_600.v1-tennisball-seg-dataset-607.yolov11/train/images) by extensions ['cmake', 'python']
[0.497s] Level 1:colcon.colcon_core.package_identification:_identify(imageset/Tennisball_seg_600.v1-tennisball-seg-dataset-607.yolov11/train/images) by extension 'cmake'
[0.500s] Level 1:colcon.colcon_core.package_identification:_identify(imageset/Tennisball_seg_600.v1-tennisball-seg-dataset-607.yolov11/train/images) by extension 'python'
[0.503s] Level 1:colcon.colcon_core.package_identification:_identify(imageset/Tennisball_seg_600.v1-tennisball-seg-dataset-607.yolov11/train/images) by extensions ['python_setup_py']
[0.503s] Level 1:colcon.colcon_core.package_identification:_identify(imageset/Tennisball_seg_600.v1-tennisball-seg-dataset-607.yolov11/train/images) by extension 'python_setup_py'
[0.523s] Level 1:colcon.colcon_core.package_identification:_identify(imageset/Tennisball_seg_600.v1-tennisball-seg-dataset-607.yolov11/train/labels) by extensions ['ignore', 'ignore_ament_install']
[0.523s] Level 1:colcon.colcon_core.package_identification:_identify(imageset/Tennisball_seg_600.v1-tennisball-seg-dataset-607.yolov11/train/labels) by extension 'ignore'
[0.525s] Level 1:colcon.colcon_core.package_identification:_identify(imageset/Tennisball_seg_600.v1-tennisball-seg-dataset-607.yolov11/train/labels) by extension 'ignore_ament_install'
[0.529s] Level 1:colcon.colcon_core.package_identification:_identify(imageset/Tennisball_seg_600.v1-tennisball-seg-dataset-607.yolov11/train/labels) by extensions ['colcon_pkg']
[0.529s] Level 1:colcon.colcon_core.package_identification:_identify(imageset/Tennisball_seg_600.v1-tennisball-seg-dataset-607.yolov11/train/labels) by extension 'colcon_pkg'
[0.532s] Level 1:colcon.colcon_core.package_identification:_identify(imageset/Tennisball_seg_600.v1-tennisball-seg-dataset-607.yolov11/train/labels) by extensions ['colcon_meta']
[0.532s] Level 1:colcon.colcon_core.package_identification:_identify(imageset/Tennisball_seg_600.v1-tennisball-seg-dataset-607.yolov11/train/labels) by extension 'colcon_meta'
[0.539s] Level 1:colcon.colcon_core.package_identification:_identify(imageset/Tennisball_seg_600.v1-tennisball-seg-dataset-607.yolov11/train/labels) by extensions ['ros']
[0.539s] Level 1:colcon.colcon_core.package_identification:_identify(imageset/Tennisball_seg_600.v1-tennisball-seg-dataset-607.yolov11/train/labels) by extension 'ros'
[0.548s] Level 1:colcon.colcon_core.package_identification:_identify(imageset/Tennisball_seg_600.v1-tennisball-seg-dataset-607.yolov11/train/labels) by extensions ['cmake', 'python']
[0.549s] Level 1:colcon.colcon_core.package_identification:_identify(imageset/Tennisball_seg_600.v1-tennisball-seg-dataset-607.yolov11/train/labels) by extension 'cmake'
[0.551s] Level 1:colcon.colcon_core.package_identification:_identify(imageset/Tennisball_seg_600.v1-tennisball-seg-dataset-607.yolov11/train/labels) by extension 'python'
[0.554s] Level 1:colcon.colcon_core.package_identification:_identify(imageset/Tennisball_seg_600.v1-tennisball-seg-dataset-607.yolov11/train/labels) by extensions ['python_setup_py']
[0.554s] Level 1:colcon.colcon_core.package_identification:_identify(imageset/Tennisball_seg_600.v1-tennisball-seg-dataset-607.yolov11/train/labels) by extension 'python_setup_py'
[0.560s] Level 1:colcon.colcon_core.package_identification:_identify(imageset/Tennisball_seg_600.v1-tennisball-seg-dataset-607.yolov11/valid) by extensions ['ignore', 'ignore_ament_install']
[0.561s] Level 1:colcon.colcon_core.package_identification:_identify(imageset/Tennisball_seg_600.v1-tennisball-seg-dataset-607.yolov11/valid) by extension 'ignore'
[0.562s] Level 1:colcon.colcon_core.package_identification:_identify(imageset/Tennisball_seg_600.v1-tennisball-seg-dataset-607.yolov11/valid) by extension 'ignore_ament_install'
[0.565s] Level 1:colcon.colcon_core.package_identification:_identify(imageset/Tennisball_seg_600.v1-tennisball-seg-dataset-607.yolov11/valid) by extensions ['colcon_pkg']
[0.565s] Level 1:colcon.colcon_core.package_identification:_identify(imageset/Tennisball_seg_600.v1-tennisball-seg-dataset-607.yolov11/valid) by extension 'colcon_pkg'
[0.566s] Level 1:colcon.colcon_core.package_identification:_identify(imageset/Tennisball_seg_600.v1-tennisball-seg-dataset-607.yolov11/valid) by extensions ['colcon_meta']
[0.566s] Level 1:colcon.colcon_core.package_identification:_identify(imageset/Tennisball_seg_600.v1-tennisball-seg-dataset-607.yolov11/valid) by extension 'colcon_meta'
[0.568s] Level 1:colcon.colcon_core.package_identification:_identify(imageset/Tennisball_seg_600.v1-tennisball-seg-dataset-607.yolov11/valid) by extensions ['ros']
[0.569s] Level 1:colcon.colcon_core.package_identification:_identify(imageset/Tennisball_seg_600.v1-tennisball-seg-dataset-607.yolov11/valid) by extension 'ros'
[0.576s] Level 1:colcon.colcon_core.package_identification:_identify(imageset/Tennisball_seg_600.v1-tennisball-seg-dataset-607.yolov11/valid) by extensions ['cmake', 'python']
[0.576s] Level 1:colcon.colcon_core.package_identification:_identify(imageset/Tennisball_seg_600.v1-tennisball-seg-dataset-607.yolov11/valid) by extension 'cmake'
[0.578s] Level 1:colcon.colcon_core.package_identification:_identify(imageset/Tennisball_seg_600.v1-tennisball-seg-dataset-607.yolov11/valid) by extension 'python'
[0.579s] Level 1:colcon.colcon_core.package_identification:_identify(imageset/Tennisball_seg_600.v1-tennisball-seg-dataset-607.yolov11/valid) by extensions ['python_setup_py']
[0.580s] Level 1:colcon.colcon_core.package_identification:_identify(imageset/Tennisball_seg_600.v1-tennisball-seg-dataset-607.yolov11/valid) by extension 'python_setup_py'
[0.587s] Level 1:colcon.colcon_core.package_identification:_identify(imageset/Tennisball_seg_600.v1-tennisball-seg-dataset-607.yolov11/valid/images) by extensions ['ignore', 'ignore_ament_install']
[0.587s] Level 1:colcon.colcon_core.package_identification:_identify(imageset/Tennisball_seg_600.v1-tennisball-seg-dataset-607.yolov11/valid/images) by extension 'ignore'
[0.589s] Level 1:colcon.colcon_core.package_identification:_identify(imageset/Tennisball_seg_600.v1-tennisball-seg-dataset-607.yolov11/valid/images) by extension 'ignore_ament_install'
[0.592s] Level 1:colcon.colcon_core.package_identification:_identify(imageset/Tennisball_seg_600.v1-tennisball-seg-dataset-607.yolov11/valid/images) by extensions ['colcon_pkg']
[0.592s] Level 1:colcon.colcon_core.package_identification:_identify(imageset/Tennisball_seg_600.v1-tennisball-seg-dataset-607.yolov11/valid/images) by extension 'colcon_pkg'
[0.594s] Level 1:colcon.colcon_core.package_identification:_identify(imageset/Tennisball_seg_600.v1-tennisball-seg-dataset-607.yolov11/valid/images) by extensions ['colcon_meta']
[0.594s] Level 1:colcon.colcon_core.package_identification:_identify(imageset/Tennisball_seg_600.v1-tennisball-seg-dataset-607.yolov11/valid/images) by extension 'colcon_meta'
[0.602s] Level 1:colcon.colcon_core.package_identification:_identify(imageset/Tennisball_seg_600.v1-tennisball-seg-dataset-607.yolov11/valid/images) by extensions ['ros']
[0.602s] Level 1:colcon.colcon_core.package_identification:_identify(imageset/Tennisball_seg_600.v1-tennisball-seg-dataset-607.yolov11/valid/images) by extension 'ros'
[0.609s] Level 1:colcon.colcon_core.package_identification:_identify(imageset/Tennisball_seg_600.v1-tennisball-seg-dataset-607.yolov11/valid/images) by extensions ['cmake', 'python']
[0.609s] Level 1:colcon.colcon_core.package_identification:_identify(imageset/Tennisball_seg_600.v1-tennisball-seg-dataset-607.yolov11/valid/images) by extension 'cmake'
[0.611s] Level 1:colcon.colcon_core.package_identification:_identify(imageset/Tennisball_seg_600.v1-tennisball-seg-dataset-607.yolov11/valid/images) by extension 'python'
[0.613s] Level 1:colcon.colcon_core.package_identification:_identify(imageset/Tennisball_seg_600.v1-tennisball-seg-dataset-607.yolov11/valid/images) by extensions ['python_setup_py']
[0.613s] Level 1:colcon.colcon_core.package_identification:_identify(imageset/Tennisball_seg_600.v1-tennisball-seg-dataset-607.yolov11/valid/images) by extension 'python_setup_py'
[0.621s] Level 1:colcon.colcon_core.package_identification:_identify(imageset/Tennisball_seg_600.v1-tennisball-seg-dataset-607.yolov11/valid/labels) by extensions ['ignore', 'ignore_ament_install']
[0.621s] Level 1:colcon.colcon_core.package_identification:_identify(imageset/Tennisball_seg_600.v1-tennisball-seg-dataset-607.yolov11/valid/labels) by extension 'ignore'
[0.624s] Level 1:colcon.colcon_core.package_identification:_identify(imageset/Tennisball_seg_600.v1-tennisball-seg-dataset-607.yolov11/valid/labels) by extension 'ignore_ament_install'
[0.628s] Level 1:colcon.colcon_core.package_identification:_identify(imageset/Tennisball_seg_600.v1-tennisball-seg-dataset-607.yolov11/valid/labels) by extensions ['colcon_pkg']
[0.628s] Level 1:colcon.colcon_core.package_identification:_identify(imageset/Tennisball_seg_600.v1-tennisball-seg-dataset-607.yolov11/valid/labels) by extension 'colcon_pkg'
[0.629s] Level 1:colcon.colcon_core.package_identification:_identify(imageset/Tennisball_seg_600.v1-tennisball-seg-dataset-607.yolov11/valid/labels) by extensions ['colcon_meta']
[0.629s] Level 1:colcon.colcon_core.package_identification:_identify(imageset/Tennisball_seg_600.v1-tennisball-seg-dataset-607.yolov11/valid/labels) by extension 'colcon_meta'
[0.633s] Level 1:colcon.colcon_core.package_identification:_identify(imageset/Tennisball_seg_600.v1-tennisball-seg-dataset-607.yolov11/valid/labels) by extensions ['ros']
[0.633s] Level 1:colcon.colcon_core.package_identification:_identify(imageset/Tennisball_seg_600.v1-tennisball-seg-dataset-607.yolov11/valid/labels) by extension 'ros'
[0.640s] Level 1:colcon.colcon_core.package_identification:_identify(imageset/Tennisball_seg_600.v1-tennisball-seg-dataset-607.yolov11/valid/labels) by extensions ['cmake', 'python']
[0.641s] Level 1:colcon.colcon_core.package_identification:_identify(imageset/Tennisball_seg_600.v1-tennisball-seg-dataset-607.yolov11/valid/labels) by extension 'cmake'
[0.645s] Level 1:colcon.colcon_core.package_identification:_identify(imageset/Tennisball_seg_600.v1-tennisball-seg-dataset-607.yolov11/valid/labels) by extension 'python'
[0.647s] Level 1:colcon.colcon_core.package_identification:_identify(imageset/Tennisball_seg_600.v1-tennisball-seg-dataset-607.yolov11/valid/labels) by extensions ['python_setup_py']
[0.647s] Level 1:colcon.colcon_core.package_identification:_identify(imageset/Tennisball_seg_600.v1-tennisball-seg-dataset-607.yolov11/valid/labels) by extension 'python_setup_py'
[0.654s] Level 1:colcon.colcon_core.package_identification:_identify(imageset/Tennisball_seg_600.v2-tennisball-seg-dataset-607-v02.yolov11) by extensions ['ignore', 'ignore_ament_install']
[0.654s] Level 1:colcon.colcon_core.package_identification:_identify(imageset/Tennisball_seg_600.v2-tennisball-seg-dataset-607-v02.yolov11) by extension 'ignore'
[0.656s] Level 1:colcon.colcon_core.package_identification:_identify(imageset/Tennisball_seg_600.v2-tennisball-seg-dataset-607-v02.yolov11) by extension 'ignore_ament_install'
[0.658s] Level 1:colcon.colcon_core.package_identification:_identify(imageset/Tennisball_seg_600.v2-tennisball-seg-dataset-607-v02.yolov11) by extensions ['colcon_pkg']
[0.659s] Level 1:colcon.colcon_core.package_identification:_identify(imageset/Tennisball_seg_600.v2-tennisball-seg-dataset-607-v02.yolov11) by extension 'colcon_pkg'
[0.660s] Level 1:colcon.colcon_core.package_identification:_identify(imageset/Tennisball_seg_600.v2-tennisball-seg-dataset-607-v02.yolov11) by extensions ['colcon_meta']
[0.660s] Level 1:colcon.colcon_core.package_identification:_identify(imageset/Tennisball_seg_600.v2-tennisball-seg-dataset-607-v02.yolov11) by extension 'colcon_meta'
[0.664s] Level 1:colcon.colcon_core.package_identification:_identify(imageset/Tennisball_seg_600.v2-tennisball-seg-dataset-607-v02.yolov11) by extensions ['ros']
[0.665s] Level 1:colcon.colcon_core.package_identification:_identify(imageset/Tennisball_seg_600.v2-tennisball-seg-dataset-607-v02.yolov11) by extension 'ros'
[0.674s] Level 1:colcon.colcon_core.package_identification:_identify(imageset/Tennisball_seg_600.v2-tennisball-seg-dataset-607-v02.yolov11) by extensions ['cmake', 'python']
[0.674s] Level 1:colcon.colcon_core.package_identification:_identify(imageset/Tennisball_seg_600.v2-tennisball-seg-dataset-607-v02.yolov11) by extension 'cmake'
[0.677s] Level 1:colcon.colcon_core.package_identification:_identify(imageset/Tennisball_seg_600.v2-tennisball-seg-dataset-607-v02.yolov11) by extension 'python'
[0.678s] Level 1:colcon.colcon_core.package_identification:_identify(imageset/Tennisball_seg_600.v2-tennisball-seg-dataset-607-v02.yolov11) by extensions ['python_setup_py']
[0.678s] Level 1:colcon.colcon_core.package_identification:_identify(imageset/Tennisball_seg_600.v2-tennisball-seg-dataset-607-v02.yolov11) by extension 'python_setup_py'
[0.684s] Level 1:colcon.colcon_core.package_identification:_identify(imageset/Tennisball_seg_600.v2-tennisball-seg-dataset-607-v02.yolov11/test) by extensions ['ignore', 'ignore_ament_install']
[0.684s] Level 1:colcon.colcon_core.package_identification:_identify(imageset/Tennisball_seg_600.v2-tennisball-seg-dataset-607-v02.yolov11/test) by extension 'ignore'
[0.686s] Level 1:colcon.colcon_core.package_identification:_identify(imageset/Tennisball_seg_600.v2-tennisball-seg-dataset-607-v02.yolov11/test) by extension 'ignore_ament_install'
[0.690s] Level 1:colcon.colcon_core.package_identification:_identify(imageset/Tennisball_seg_600.v2-tennisball-seg-dataset-607-v02.yolov11/test) by extensions ['colcon_pkg']
[0.690s] Level 1:colcon.colcon_core.package_identification:_identify(imageset/Tennisball_seg_600.v2-tennisball-seg-dataset-607-v02.yolov11/test) by extension 'colcon_pkg'
[0.692s] Level 1:colcon.colcon_core.package_identification:_identify(imageset/Tennisball_seg_600.v2-tennisball-seg-dataset-607-v02.yolov11/test) by extensions ['colcon_meta']
[0.692s] Level 1:colcon.colcon_core.package_identification:_identify(imageset/Tennisball_seg_600.v2-tennisball-seg-dataset-607-v02.yolov11/test) by extension 'colcon_meta'
[0.696s] Level 1:colcon.colcon_core.package_identification:_identify(imageset/Tennisball_seg_600.v2-tennisball-seg-dataset-607-v02.yolov11/test) by extensions ['ros']
[0.697s] Level 1:colcon.colcon_core.package_identification:_identify(imageset/Tennisball_seg_600.v2-tennisball-seg-dataset-607-v02.yolov11/test) by extension 'ros'
[0.706s] Level 1:colcon.colcon_core.package_identification:_identify(imageset/Tennisball_seg_600.v2-tennisball-seg-dataset-607-v02.yolov11/test) by extensions ['cmake', 'python']
[0.707s] Level 1:colcon.colcon_core.package_identification:_identify(imageset/Tennisball_seg_600.v2-tennisball-seg-dataset-607-v02.yolov11/test) by extension 'cmake'
[0.709s] Level 1:colcon.colcon_core.package_identification:_identify(imageset/Tennisball_seg_600.v2-tennisball-seg-dataset-607-v02.yolov11/test) by extension 'python'
[0.710s] Level 1:colcon.colcon_core.package_identification:_identify(imageset/Tennisball_seg_600.v2-tennisball-seg-dataset-607-v02.yolov11/test) by extensions ['python_setup_py']
[0.711s] Level 1:colcon.colcon_core.package_identification:_identify(imageset/Tennisball_seg_600.v2-tennisball-seg-dataset-607-v02.yolov11/test) by extension 'python_setup_py'
[0.722s] Level 1:colcon.colcon_core.package_identification:_identify(imageset/Tennisball_seg_600.v2-tennisball-seg-dataset-607-v02.yolov11/test/images) by extensions ['ignore', 'ignore_ament_install']
[0.723s] Level 1:colcon.colcon_core.package_identification:_identify(imageset/Tennisball_seg_600.v2-tennisball-seg-dataset-607-v02.yolov11/test/images) by extension 'ignore'
[0.725s] Level 1:colcon.colcon_core.package_identification:_identify(imageset/Tennisball_seg_600.v2-tennisball-seg-dataset-607-v02.yolov11/test/images) by extension 'ignore_ament_install'
[0.730s] Level 1:colcon.colcon_core.package_identification:_identify(imageset/Tennisball_seg_600.v2-tennisball-seg-dataset-607-v02.yolov11/test/images) by extensions ['colcon_pkg']
[0.730s] Level 1:colcon.colcon_core.package_identification:_identify(imageset/Tennisball_seg_600.v2-tennisball-seg-dataset-607-v02.yolov11/test/images) by extension 'colcon_pkg'
[0.733s] Level 1:colcon.colcon_core.package_identification:_identify(imageset/Tennisball_seg_600.v2-tennisball-seg-dataset-607-v02.yolov11/test/images) by extensions ['colcon_meta']
[0.733s] Level 1:colcon.colcon_core.package_identification:_identify(imageset/Tennisball_seg_600.v2-tennisball-seg-dataset-607-v02.yolov11/test/images) by extension 'colcon_meta'
[0.741s] Level 1:colcon.colcon_core.package_identification:_identify(imageset/Tennisball_seg_600.v2-tennisball-seg-dataset-607-v02.yolov11/test/images) by extensions ['ros']
[0.741s] Level 1:colcon.colcon_core.package_identification:_identify(imageset/Tennisball_seg_600.v2-tennisball-seg-dataset-607-v02.yolov11/test/images) by extension 'ros'
[0.755s] Level 1:colcon.colcon_core.package_identification:_identify(imageset/Tennisball_seg_600.v2-tennisball-seg-dataset-607-v02.yolov11/test/images) by extensions ['cmake', 'python']
[0.755s] Level 1:colcon.colcon_core.package_identification:_identify(imageset/Tennisball_seg_600.v2-tennisball-seg-dataset-607-v02.yolov11/test/images) by extension 'cmake'
[0.758s] Level 1:colcon.colcon_core.package_identification:_identify(imageset/Tennisball_seg_600.v2-tennisball-seg-dataset-607-v02.yolov11/test/images) by extension 'python'
[0.760s] Level 1:colcon.colcon_core.package_identification:_identify(imageset/Tennisball_seg_600.v2-tennisball-seg-dataset-607-v02.yolov11/test/images) by extensions ['python_setup_py']
[0.760s] Level 1:colcon.colcon_core.package_identification:_identify(imageset/Tennisball_seg_600.v2-tennisball-seg-dataset-607-v02.yolov11/test/images) by extension 'python_setup_py'
[0.774s] Level 1:colcon.colcon_core.package_identification:_identify(imageset/Tennisball_seg_600.v2-tennisball-seg-dataset-607-v02.yolov11/test/labels) by extensions ['ignore', 'ignore_ament_install']
[0.775s] Level 1:colcon.colcon_core.package_identification:_identify(imageset/Tennisball_seg_600.v2-tennisball-seg-dataset-607-v02.yolov11/test/labels) by extension 'ignore'
[0.777s] Level 1:colcon.colcon_core.package_identification:_identify(imageset/Tennisball_seg_600.v2-tennisball-seg-dataset-607-v02.yolov11/test/labels) by extension 'ignore_ament_install'
[0.782s] Level 1:colcon.colcon_core.package_identification:_identify(imageset/Tennisball_seg_600.v2-tennisball-seg-dataset-607-v02.yolov11/test/labels) by extensions ['colcon_pkg']
[0.782s] Level 1:colcon.colcon_core.package_identification:_identify(imageset/Tennisball_seg_600.v2-tennisball-seg-dataset-607-v02.yolov11/test/labels) by extension 'colcon_pkg'
[0.785s] Level 1:colcon.colcon_core.package_identification:_identify(imageset/Tennisball_seg_600.v2-tennisball-seg-dataset-607-v02.yolov11/test/labels) by extensions ['colcon_meta']
[0.785s] Level 1:colcon.colcon_core.package_identification:_identify(imageset/Tennisball_seg_600.v2-tennisball-seg-dataset-607-v02.yolov11/test/labels) by extension 'colcon_meta'
[0.791s] Level 1:colcon.colcon_core.package_identification:_identify(imageset/Tennisball_seg_600.v2-tennisball-seg-dataset-607-v02.yolov11/test/labels) by extensions ['ros']
[0.791s] Level 1:colcon.colcon_core.package_identification:_identify(imageset/Tennisball_seg_600.v2-tennisball-seg-dataset-607-v02.yolov11/test/labels) by extension 'ros'
[0.802s] Level 1:colcon.colcon_core.package_identification:_identify(imageset/Tennisball_seg_600.v2-tennisball-seg-dataset-607-v02.yolov11/test/labels) by extensions ['cmake', 'python']
[0.802s] Level 1:colcon.colcon_core.package_identification:_identify(imageset/Tennisball_seg_600.v2-tennisball-seg-dataset-607-v02.yolov11/test/labels) by extension 'cmake'
[0.805s] Level 1:colcon.colcon_core.package_identification:_identify(imageset/Tennisball_seg_600.v2-tennisball-seg-dataset-607-v02.yolov11/test/labels) by extension 'python'
[0.807s] Level 1:colcon.colcon_core.package_identification:_identify(imageset/Tennisball_seg_600.v2-tennisball-seg-dataset-607-v02.yolov11/test/labels) by extensions ['python_setup_py']
[0.807s] Level 1:colcon.colcon_core.package_identification:_identify(imageset/Tennisball_seg_600.v2-tennisball-seg-dataset-607-v02.yolov11/test/labels) by extension 'python_setup_py'
[0.816s] Level 1:colcon.colcon_core.package_identification:_identify(imageset/Tennisball_seg_600.v2-tennisball-seg-dataset-607-v02.yolov11/train) by extensions ['ignore', 'ignore_ament_install']
[0.816s] Level 1:colcon.colcon_core.package_identification:_identify(imageset/Tennisball_seg_600.v2-tennisball-seg-dataset-607-v02.yolov11/train) by extension 'ignore'
[0.818s] Level 1:colcon.colcon_core.package_identification:_identify(imageset/Tennisball_seg_600.v2-tennisball-seg-dataset-607-v02.yolov11/train) by extension 'ignore_ament_install'
[0.822s] Level 1:colcon.colcon_core.package_identification:_identify(imageset/Tennisball_seg_600.v2-tennisball-seg-dataset-607-v02.yolov11/train) by extensions ['colcon_pkg']
[0.822s] Level 1:colcon.colcon_core.package_identification:_identify(imageset/Tennisball_seg_600.v2-tennisball-seg-dataset-607-v02.yolov11/train) by extension 'colcon_pkg'
[0.825s] Level 1:colcon.colcon_core.package_identification:_identify(imageset/Tennisball_seg_600.v2-tennisball-seg-dataset-607-v02.yolov11/train) by extensions ['colcon_meta']
[0.825s] Level 1:colcon.colcon_core.package_identification:_identify(imageset/Tennisball_seg_600.v2-tennisball-seg-dataset-607-v02.yolov11/train) by extension 'colcon_meta'
[0.829s] Level 1:colcon.colcon_core.package_identification:_identify(imageset/Tennisball_seg_600.v2-tennisball-seg-dataset-607-v02.yolov11/train) by extensions ['ros']
[0.829s] Level 1:colcon.colcon_core.package_identification:_identify(imageset/Tennisball_seg_600.v2-tennisball-seg-dataset-607-v02.yolov11/train) by extension 'ros'
[0.835s] Level 1:colcon.colcon_core.package_identification:_identify(imageset/Tennisball_seg_600.v2-tennisball-seg-dataset-607-v02.yolov11/train) by extensions ['cmake', 'python']
[0.836s] Level 1:colcon.colcon_core.package_identification:_identify(imageset/Tennisball_seg_600.v2-tennisball-seg-dataset-607-v02.yolov11/train) by extension 'cmake'
[0.837s] Level 1:colcon.colcon_core.package_identification:_identify(imageset/Tennisball_seg_600.v2-tennisball-seg-dataset-607-v02.yolov11/train) by extension 'python'
[0.839s] Level 1:colcon.colcon_core.package_identification:_identify(imageset/Tennisball_seg_600.v2-tennisball-seg-dataset-607-v02.yolov11/train) by extensions ['python_setup_py']
[0.839s] Level 1:colcon.colcon_core.package_identification:_identify(imageset/Tennisball_seg_600.v2-tennisball-seg-dataset-607-v02.yolov11/train) by extension 'python_setup_py'
[0.855s] Level 1:colcon.colcon_core.package_identification:_identify(imageset/Tennisball_seg_600.v2-tennisball-seg-dataset-607-v02.yolov11/train/images) by extensions ['ignore', 'ignore_ament_install']
[0.855s] Level 1:colcon.colcon_core.package_identification:_identify(imageset/Tennisball_seg_600.v2-tennisball-seg-dataset-607-v02.yolov11/train/images) by extension 'ignore'
[0.857s] Level 1:colcon.colcon_core.package_identification:_identify(imageset/Tennisball_seg_600.v2-tennisball-seg-dataset-607-v02.yolov11/train/images) by extension 'ignore_ament_install'
[0.862s] Level 1:colcon.colcon_core.package_identification:_identify(imageset/Tennisball_seg_600.v2-tennisball-seg-dataset-607-v02.yolov11/train/images) by extensions ['colcon_pkg']
[0.862s] Level 1:colcon.colcon_core.package_identification:_identify(imageset/Tennisball_seg_600.v2-tennisball-seg-dataset-607-v02.yolov11/train/images) by extension 'colcon_pkg'
[0.863s] Level 1:colcon.colcon_core.package_identification:_identify(imageset/Tennisball_seg_600.v2-tennisball-seg-dataset-607-v02.yolov11/train/images) by extensions ['colcon_meta']
[0.863s] Level 1:colcon.colcon_core.package_identification:_identify(imageset/Tennisball_seg_600.v2-tennisball-seg-dataset-607-v02.yolov11/train/images) by extension 'colcon_meta'
[0.868s] Level 1:colcon.colcon_core.package_identification:_identify(imageset/Tennisball_seg_600.v2-tennisball-seg-dataset-607-v02.yolov11/train/images) by extensions ['ros']
[0.869s] Level 1:colcon.colcon_core.package_identification:_identify(imageset/Tennisball_seg_600.v2-tennisball-seg-dataset-607-v02.yolov11/train/images) by extension 'ros'
[0.887s] Level 1:colcon.colcon_core.package_identification:_identify(imageset/Tennisball_seg_600.v2-tennisball-seg-dataset-607-v02.yolov11/train/images) by extensions ['cmake', 'python']
[0.887s] Level 1:colcon.colcon_core.package_identification:_identify(imageset/Tennisball_seg_600.v2-tennisball-seg-dataset-607-v02.yolov11/train/images) by extension 'cmake'
[0.892s] Level 1:colcon.colcon_core.package_identification:_identify(imageset/Tennisball_seg_600.v2-tennisball-seg-dataset-607-v02.yolov11/train/images) by extension 'python'
[0.896s] Level 1:colcon.colcon_core.package_identification:_identify(imageset/Tennisball_seg_600.v2-tennisball-seg-dataset-607-v02.yolov11/train/images) by extensions ['python_setup_py']
[0.898s] Level 1:colcon.colcon_core.package_identification:_identify(imageset/Tennisball_seg_600.v2-tennisball-seg-dataset-607-v02.yolov11/train/images) by extension 'python_setup_py'
[0.925s] Level 1:colcon.colcon_core.package_identification:_identify(imageset/Tennisball_seg_600.v2-tennisball-seg-dataset-607-v02.yolov11/train/labels) by extensions ['ignore', 'ignore_ament_install']
[0.926s] Level 1:colcon.colcon_core.package_identification:_identify(imageset/Tennisball_seg_600.v2-tennisball-seg-dataset-607-v02.yolov11/train/labels) by extension 'ignore'
[0.931s] Level 1:colcon.colcon_core.package_identification:_identify(imageset/Tennisball_seg_600.v2-tennisball-seg-dataset-607-v02.yolov11/train/labels) by extension 'ignore_ament_install'
[0.939s] Level 1:colcon.colcon_core.package_identification:_identify(imageset/Tennisball_seg_600.v2-tennisball-seg-dataset-607-v02.yolov11/train/labels) by extensions ['colcon_pkg']
[0.939s] Level 1:colcon.colcon_core.package_identification:_identify(imageset/Tennisball_seg_600.v2-tennisball-seg-dataset-607-v02.yolov11/train/labels) by extension 'colcon_pkg'
[0.947s] Level 1:colcon.colcon_core.package_identification:_identify(imageset/Tennisball_seg_600.v2-tennisball-seg-dataset-607-v02.yolov11/train/labels) by extensions ['colcon_meta']
[0.948s] Level 1:colcon.colcon_core.package_identification:_identify(imageset/Tennisball_seg_600.v2-tennisball-seg-dataset-607-v02.yolov11/train/labels) by extension 'colcon_meta'
[0.958s] Level 1:colcon.colcon_core.package_identification:_identify(imageset/Tennisball_seg_600.v2-tennisball-seg-dataset-607-v02.yolov11/train/labels) by extensions ['ros']
[0.959s] Level 1:colcon.colcon_core.package_identification:_identify(imageset/Tennisball_seg_600.v2-tennisball-seg-dataset-607-v02.yolov11/train/labels) by extension 'ros'
[0.977s] Level 1:colcon.colcon_core.package_identification:_identify(imageset/Tennisball_seg_600.v2-tennisball-seg-dataset-607-v02.yolov11/train/labels) by extensions ['cmake', 'python']
[0.977s] Level 1:colcon.colcon_core.package_identification:_identify(imageset/Tennisball_seg_600.v2-tennisball-seg-dataset-607-v02.yolov11/train/labels) by extension 'cmake'
[0.979s] Level 1:colcon.colcon_core.package_identification:_identify(imageset/Tennisball_seg_600.v2-tennisball-seg-dataset-607-v02.yolov11/train/labels) by extension 'python'
[0.981s] Level 1:colcon.colcon_core.package_identification:_identify(imageset/Tennisball_seg_600.v2-tennisball-seg-dataset-607-v02.yolov11/train/labels) by extensions ['python_setup_py']
[0.981s] Level 1:colcon.colcon_core.package_identification:_identify(imageset/Tennisball_seg_600.v2-tennisball-seg-dataset-607-v02.yolov11/train/labels) by extension 'python_setup_py'
[0.990s] Level 1:colcon.colcon_core.package_identification:_identify(imageset/Tennisball_seg_600.v2-tennisball-seg-dataset-607-v02.yolov11/valid) by extensions ['ignore', 'ignore_ament_install']
[0.990s] Level 1:colcon.colcon_core.package_identification:_identify(imageset/Tennisball_seg_600.v2-tennisball-seg-dataset-607-v02.yolov11/valid) by extension 'ignore'
[0.991s] Level 1:colcon.colcon_core.package_identification:_identify(imageset/Tennisball_seg_600.v2-tennisball-seg-dataset-607-v02.yolov11/valid) by extension 'ignore_ament_install'
[0.995s] Level 1:colcon.colcon_core.package_identification:_identify(imageset/Tennisball_seg_600.v2-tennisball-seg-dataset-607-v02.yolov11/valid) by extensions ['colcon_pkg']
[0.995s] Level 1:colcon.colcon_core.package_identification:_identify(imageset/Tennisball_seg_600.v2-tennisball-seg-dataset-607-v02.yolov11/valid) by extension 'colcon_pkg'
[0.997s] Level 1:colcon.colcon_core.package_identification:_identify(imageset/Tennisball_seg_600.v2-tennisball-seg-dataset-607-v02.yolov11/valid) by extensions ['colcon_meta']
[0.997s] Level 1:colcon.colcon_core.package_identification:_identify(imageset/Tennisball_seg_600.v2-tennisball-seg-dataset-607-v02.yolov11/valid) by extension 'colcon_meta'
[1.001s] Level 1:colcon.colcon_core.package_identification:_identify(imageset/Tennisball_seg_600.v2-tennisball-seg-dataset-607-v02.yolov11/valid) by extensions ['ros']
[1.001s] Level 1:colcon.colcon_core.package_identification:_identify(imageset/Tennisball_seg_600.v2-tennisball-seg-dataset-607-v02.yolov11/valid) by extension 'ros'
[1.009s] Level 1:colcon.colcon_core.package_identification:_identify(imageset/Tennisball_seg_600.v2-tennisball-seg-dataset-607-v02.yolov11/valid) by extensions ['cmake', 'python']
[1.010s] Level 1:colcon.colcon_core.package_identification:_identify(imageset/Tennisball_seg_600.v2-tennisball-seg-dataset-607-v02.yolov11/valid) by extension 'cmake'
[1.011s] Level 1:colcon.colcon_core.package_identification:_identify(imageset/Tennisball_seg_600.v2-tennisball-seg-dataset-607-v02.yolov11/valid) by extension 'python'
[1.013s] Level 1:colcon.colcon_core.package_identification:_identify(imageset/Tennisball_seg_600.v2-tennisball-seg-dataset-607-v02.yolov11/valid) by extensions ['python_setup_py']
[1.013s] Level 1:colcon.colcon_core.package_identification:_identify(imageset/Tennisball_seg_600.v2-tennisball-seg-dataset-607-v02.yolov11/valid) by extension 'python_setup_py'
[1.028s] Level 1:colcon.colcon_core.package_identification:_identify(imageset/Tennisball_seg_600.v2-tennisball-seg-dataset-607-v02.yolov11/valid/images) by extensions ['ignore', 'ignore_ament_install']
[1.028s] Level 1:colcon.colcon_core.package_identification:_identify(imageset/Tennisball_seg_600.v2-tennisball-seg-dataset-607-v02.yolov11/valid/images) by extension 'ignore'
[1.032s] Level 1:colcon.colcon_core.package_identification:_identify(imageset/Tennisball_seg_600.v2-tennisball-seg-dataset-607-v02.yolov11/valid/images) by extension 'ignore_ament_install'
[1.037s] Level 1:colcon.colcon_core.package_identification:_identify(imageset/Tennisball_seg_600.v2-tennisball-seg-dataset-607-v02.yolov11/valid/images) by extensions ['colcon_pkg']
[1.037s] Level 1:colcon.colcon_core.package_identification:_identify(imageset/Tennisball_seg_600.v2-tennisball-seg-dataset-607-v02.yolov11/valid/images) by extension 'colcon_pkg'
[1.040s] Level 1:colcon.colcon_core.package_identification:_identify(imageset/Tennisball_seg_600.v2-tennisball-seg-dataset-607-v02.yolov11/valid/images) by extensions ['colcon_meta']
[1.040s] Level 1:colcon.colcon_core.package_identification:_identify(imageset/Tennisball_seg_600.v2-tennisball-seg-dataset-607-v02.yolov11/valid/images) by extension 'colcon_meta'
[1.046s] Level 1:colcon.colcon_core.package_identification:_identify(imageset/Tennisball_seg_600.v2-tennisball-seg-dataset-607-v02.yolov11/valid/images) by extensions ['ros']
[1.046s] Level 1:colcon.colcon_core.package_identification:_identify(imageset/Tennisball_seg_600.v2-tennisball-seg-dataset-607-v02.yolov11/valid/images) by extension 'ros'
[1.058s] Level 1:colcon.colcon_core.package_identification:_identify(imageset/Tennisball_seg_600.v2-tennisball-seg-dataset-607-v02.yolov11/valid/images) by extensions ['cmake', 'python']
[1.059s] Level 1:colcon.colcon_core.package_identification:_identify(imageset/Tennisball_seg_600.v2-tennisball-seg-dataset-607-v02.yolov11/valid/images) by extension 'cmake'
[1.061s] Level 1:colcon.colcon_core.package_identification:_identify(imageset/Tennisball_seg_600.v2-tennisball-seg-dataset-607-v02.yolov11/valid/images) by extension 'python'
[1.065s] Level 1:colcon.colcon_core.package_identification:_identify(imageset/Tennisball_seg_600.v2-tennisball-seg-dataset-607-v02.yolov11/valid/images) by extensions ['python_setup_py']
[1.065s] Level 1:colcon.colcon_core.package_identification:_identify(imageset/Tennisball_seg_600.v2-tennisball-seg-dataset-607-v02.yolov11/valid/images) by extension 'python_setup_py'
[1.081s] Level 1:colcon.colcon_core.package_identification:_identify(imageset/Tennisball_seg_600.v2-tennisball-seg-dataset-607-v02.yolov11/valid/labels) by extensions ['ignore', 'ignore_ament_install']
[1.081s] Level 1:colcon.colcon_core.package_identification:_identify(imageset/Tennisball_seg_600.v2-tennisball-seg-dataset-607-v02.yolov11/valid/labels) by extension 'ignore'
[1.084s] Level 1:colcon.colcon_core.package_identification:_identify(imageset/Tennisball_seg_600.v2-tennisball-seg-dataset-607-v02.yolov11/valid/labels) by extension 'ignore_ament_install'
[1.089s] Level 1:colcon.colcon_core.package_identification:_identify(imageset/Tennisball_seg_600.v2-tennisball-seg-dataset-607-v02.yolov11/valid/labels) by extensions ['colcon_pkg']
[1.090s] Level 1:colcon.colcon_core.package_identification:_identify(imageset/Tennisball_seg_600.v2-tennisball-seg-dataset-607-v02.yolov11/valid/labels) by extension 'colcon_pkg'
[1.092s] Level 1:colcon.colcon_core.package_identification:_identify(imageset/Tennisball_seg_600.v2-tennisball-seg-dataset-607-v02.yolov11/valid/labels) by extensions ['colcon_meta']
[1.093s] Level 1:colcon.colcon_core.package_identification:_identify(imageset/Tennisball_seg_600.v2-tennisball-seg-dataset-607-v02.yolov11/valid/labels) by extension 'colcon_meta'
[1.098s] Level 1:colcon.colcon_core.package_identification:_identify(imageset/Tennisball_seg_600.v2-tennisball-seg-dataset-607-v02.yolov11/valid/labels) by extensions ['ros']
[1.098s] Level 1:colcon.colcon_core.package_identification:_identify(imageset/Tennisball_seg_600.v2-tennisball-seg-dataset-607-v02.yolov11/valid/labels) by extension 'ros'
[1.108s] Level 1:colcon.colcon_core.package_identification:_identify(imageset/Tennisball_seg_600.v2-tennisball-seg-dataset-607-v02.yolov11/valid/labels) by extensions ['cmake', 'python']
[1.108s] Level 1:colcon.colcon_core.package_identification:_identify(imageset/Tennisball_seg_600.v2-tennisball-seg-dataset-607-v02.yolov11/valid/labels) by extension 'cmake'
[1.110s] Level 1:colcon.colcon_core.package_identification:_identify(imageset/Tennisball_seg_600.v2-tennisball-seg-dataset-607-v02.yolov11/valid/labels) by extension 'python'
[1.111s] Level 1:colcon.colcon_core.package_identification:_identify(imageset/Tennisball_seg_600.v2-tennisball-seg-dataset-607-v02.yolov11/valid/labels) by extensions ['python_setup_py']
[1.112s] Level 1:colcon.colcon_core.package_identification:_identify(imageset/Tennisball_seg_600.v2-tennisball-seg-dataset-607-v02.yolov11/valid/labels) by extension 'python_setup_py'
[1.114s] Level 1:colcon.colcon_core.package_identification:_identify(install) by extensions ['ignore', 'ignore_ament_install']
[1.115s] Level 1:colcon.colcon_core.package_identification:_identify(install) by extension 'ignore'
[1.115s] Level 1:colcon.colcon_core.package_identification:_identify(install) ignored
[1.122s] Level 1:colcon.colcon_core.package_identification:_identify(log) by extensions ['ignore', 'ignore_ament_install']
[1.122s] Level 1:colcon.colcon_core.package_identification:_identify(log) by extension 'ignore'
[1.123s] Level 1:colcon.colcon_core.package_identification:_identify(log) ignored
[1.126s] Level 1:colcon.colcon_core.package_identification:_identify(ros2_detection) by extensions ['ignore', 'ignore_ament_install']
[1.126s] Level 1:colcon.colcon_core.package_identification:_identify(ros2_detection) by extension 'ignore'
[1.127s] Level 1:colcon.colcon_core.package_identification:_identify(ros2_detection) by extension 'ignore_ament_install'
[1.128s] Level 1:colcon.colcon_core.package_identification:_identify(ros2_detection) by extensions ['colcon_pkg']
[1.128s] Level 1:colcon.colcon_core.package_identification:_identify(ros2_detection) by extension 'colcon_pkg'
[1.129s] Level 1:colcon.colcon_core.package_identification:_identify(ros2_detection) by extensions ['colcon_meta']
[1.129s] Level 1:colcon.colcon_core.package_identification:_identify(ros2_detection) by extension 'colcon_meta'
[1.129s] Level 1:colcon.colcon_core.package_identification:_identify(ros2_detection) by extensions ['ros']
[1.130s] Level 1:colcon.colcon_core.package_identification:_identify(ros2_detection) by extension 'ros'
[1.140s] DEBUG:colcon.colcon_core.package_identification:Package 'ros2_detection' with type 'ros.ament_python' and name 'ros2_detection'
[1.141s] Level 1:colcon.colcon_core.package_discovery:discover_packages(recursive) using defaults
[1.141s] Level 1:colcon.colcon_core.package_discovery:discover_packages(ignore) discover
[1.142s] Level 1:colcon.colcon_core.package_discovery:discover_packages(ignore) using defaults
[1.142s] Level 1:colcon.colcon_core.package_discovery:discover_packages(path) discover
[1.142s] Level 1:colcon.colcon_core.package_discovery:discover_packages(path) using defaults
[1.166s] Level 5:colcon.colcon_core.verb:set package 'ros2_detection' build argument 'cmake_args' from command line to 'None'
[1.166s] Level 5:colcon.colcon_core.verb:set package 'ros2_detection' build argument 'cmake_target' from command line to 'None'
[1.166s] Level 5:colcon.colcon_core.verb:set package 'ros2_detection' build argument 'cmake_target_skip_unavailable' from command line to 'False'
[1.166s] Level 5:colcon.colcon_core.verb:set package 'ros2_detection' build argument 'cmake_clean_cache' from command line to 'False'
[1.166s] Level 5:colcon.colcon_core.verb:set package 'ros2_detection' build argument 'cmake_clean_first' from command line to 'False'
[1.166s] Level 5:colcon.colcon_core.verb:set package 'ros2_detection' build argument 'cmake_force_configure' from command line to 'False'
[1.167s] Level 5:colcon.colcon_core.verb:set package 'ros2_detection' build argument 'ament_cmake_args' from command line to 'None'
[1.167s] Level 5:colcon.colcon_core.verb:set package 'ros2_detection' build argument 'catkin_cmake_args' from command line to 'None'
[1.167s] Level 5:colcon.colcon_core.verb:set package 'ros2_detection' build argument 'catkin_skip_building_tests' from command line to 'False'
[1.167s] DEBUG:colcon.colcon_core.verb:Building package 'ros2_detection' with the following arguments: {'ament_cmake_args': None, 'build_base': '/workspace/build/ros2_detection', 'catkin_cmake_args': None, 'catkin_skip_building_tests': False, 'cmake_args': None, 'cmake_clean_cache': False, 'cmake_clean_first': False, 'cmake_force_configure': False, 'cmake_target': None, 'cmake_target_skip_unavailable': False, 'install_base': '/workspace/install/ros2_detection', 'merge_install': False, 'path': '/workspace/ros2_detection', 'symlink_install': False, 'test_result_base': None}
[1.167s] INFO:colcon.colcon_core.executor:Executing jobs using 'parallel' executor
[1.168s] DEBUG:colcon.colcon_parallel_executor.executor.parallel:run_until_complete
[1.169s] INFO:colcon.colcon_ros.task.ament_python.build:Building ROS package in '/workspace/ros2_detection' with build type 'ament_python'
[1.170s] Level 1:colcon.colcon_core.shell:create_environment_hook('ros2_detection', 'ament_prefix_path')
[1.172s] INFO:colcon.colcon_core.plugin_system:Skipping extension 'colcon_core.shell.bat': Not used on non-Windows systems
[1.173s] INFO:colcon.colcon_core.shell:Creating environment hook '/workspace/install/ros2_detection/share/ros2_detection/hook/ament_prefix_path.ps1'
[1.198s] INFO:colcon.colcon_core.shell:Creating environment descriptor '/workspace/install/ros2_detection/share/ros2_detection/hook/ament_prefix_path.dsv'
[1.215s] INFO:colcon.colcon_core.shell:Creating environment hook '/workspace/install/ros2_detection/share/ros2_detection/hook/ament_prefix_path.sh'
[1.241s] INFO:colcon.colcon_core.shell:Skip shell extension 'powershell' for command environment: Not usable outside of PowerShell
[1.242s] DEBUG:colcon.colcon_core.shell:Skip shell extension 'dsv' for command environment
[1.451s] INFO:colcon.colcon_core.task.python.build:Building Python package in '/workspace/ros2_detection'
[1.451s] INFO:colcon.colcon_core.shell:Skip shell extension 'powershell' for command environment: Not usable outside of PowerShell
[1.451s] DEBUG:colcon.colcon_core.shell:Skip shell extension 'dsv' for command environment
[2.204s] DEBUG:colcon.colcon_core.event_handler.log_command:Invoking command in '/workspace/ros2_detection': PYTHONPATH=/workspace/build/ros2_detection/prefix_override:/usr/lib/python3/dist-packages/colcon_core/task/python/colcon_distutils_commands:/workspace/install/ros2_detection/lib/python3.10/site-packages:${PYTHONPATH} /usr/bin/python3 -W ignore:setup.py install is deprecated -W ignore:easy_install command is deprecated setup.py egg_info --egg-base ../build/ros2_detection build --build-base /workspace/build/ros2_detection/build install --record /workspace/build/ros2_detection/install.log --single-version-externally-managed install_data
[3.447s] Level 1:colcon.colcon_core.environment:checking '/workspace/install/ros2_detection' for CMake module files
[3.448s] DEBUG:colcon.colcon_core.event_handler.log_command:Invoked command in '/workspace/ros2_detection' returned '0': PYTHONPATH=/workspace/build/ros2_detection/prefix_override:/usr/lib/python3/dist-packages/colcon_core/task/python/colcon_distutils_commands:/workspace/install/ros2_detection/lib/python3.10/site-packages:${PYTHONPATH} /usr/bin/python3 -W ignore:setup.py install is deprecated -W ignore:easy_install command is deprecated setup.py egg_info --egg-base ../build/ros2_detection build --build-base /workspace/build/ros2_detection/build install --record /workspace/build/ros2_detection/install.log --single-version-externally-managed install_data
[3.496s] Level 1:colcon.colcon_core.environment:checking '/workspace/install/ros2_detection' for CMake config files
[3.585s] Level 1:colcon.colcon_core.environment:checking '/workspace/install/ros2_detection/lib'
[3.589s] Level 1:colcon.colcon_core.environment:checking '/workspace/install/ros2_detection/bin'
[3.590s] Level 1:colcon.colcon_core.environment:checking '/workspace/install/ros2_detection/lib/pkgconfig/ros2_detection.pc'
[3.592s] Level 1:colcon.colcon_core.environment:checking '/workspace/install/ros2_detection/lib/python3.10/site-packages'
[3.594s] Level 1:colcon.colcon_core.shell:create_environment_hook('ros2_detection', 'pythonpath')
[3.595s] INFO:colcon.colcon_core.shell:Creating environment hook '/workspace/install/ros2_detection/share/ros2_detection/hook/pythonpath.ps1'
[3.602s] INFO:colcon.colcon_core.shell:Creating environment descriptor '/workspace/install/ros2_detection/share/ros2_detection/hook/pythonpath.dsv'
[3.614s] INFO:colcon.colcon_core.shell:Creating environment hook '/workspace/install/ros2_detection/share/ros2_detection/hook/pythonpath.sh'
[3.625s] Level 1:colcon.colcon_core.environment:checking '/workspace/install/ros2_detection/bin'
[3.626s] Level 1:colcon.colcon_core.environment:create_environment_scripts_only(ros2_detection)
[3.626s] INFO:colcon.colcon_core.shell:Creating package script '/workspace/install/ros2_detection/share/ros2_detection/package.ps1'
[3.635s] INFO:colcon.colcon_core.shell:Creating package descriptor '/workspace/install/ros2_detection/share/ros2_detection/package.dsv'
[3.647s] INFO:colcon.colcon_core.shell:Creating package script '/workspace/install/ros2_detection/share/ros2_detection/package.sh'
[3.658s] INFO:colcon.colcon_core.shell:Creating package script '/workspace/install/ros2_detection/share/ros2_detection/package.bash'
[3.667s] INFO:colcon.colcon_core.shell:Creating package script '/workspace/install/ros2_detection/share/ros2_detection/package.zsh'
[3.680s] Level 1:colcon.colcon_core.environment:create_file_with_runtime_dependencies(/workspace/install/ros2_detection/share/colcon-core/packages/ros2_detection)
[3.687s] DEBUG:colcon.colcon_parallel_executor.executor.parallel:closing loop
[3.688s] DEBUG:colcon.colcon_parallel_executor.executor.parallel:loop closed
[3.688s] DEBUG:colcon.colcon_parallel_executor.executor.parallel:run_until_complete finished with '0'
[3.688s] DEBUG:colcon.colcon_core.event_reactor:joining thread
[3.702s] INFO:colcon.colcon_core.plugin_system:Skipping extension 'colcon_notification.desktop_notification.notify_send': Could not find 'notify-send'
[3.703s] INFO:colcon.colcon_core.plugin_system:Skipping extension 'colcon_notification.desktop_notification.terminal_notifier': Not used on non-Darwin systems
[3.703s] INFO:colcon.colcon_core.plugin_system:Skipping extension 'colcon_notification.desktop_notification.win32': Not used on non-Windows systems
[3.703s] INFO:colcon.colcon_notification.desktop_notification:Sending desktop notification using 'notify2'
[3.703s] DEBUG:colcon.colcon_notification.desktop_notification.notify2:Failed to initialize notify2: org.freedesktop.DBus.Error.InvalidFileContent: D-Bus library appears to be incorrectly set up: see the manual page for dbus-uuidgen to correct this issue. (Failed to open "/var/lib/dbus/machine-id": No such file or directory; UUID file '/etc/machine-id' should contain a hex string of length 32, not length 0, with no other text)
[3.704s] DEBUG:colcon.colcon_core.event_reactor:joined thread
[3.704s] INFO:colcon.colcon_core.shell:Creating prefix script '/workspace/install/local_setup.ps1'
[3.714s] INFO:colcon.colcon_core.shell:Creating prefix util module '/workspace/install/_local_setup_util_ps1.py'
[3.725s] INFO:colcon.colcon_core.shell:Creating prefix chain script '/workspace/install/setup.ps1'
[3.738s] INFO:colcon.colcon_core.shell:Creating prefix script '/workspace/install/local_setup.sh'
[3.758s] INFO:colcon.colcon_core.shell:Creating prefix util module '/workspace/install/_local_setup_util_sh.py'
[3.770s] INFO:colcon.colcon_core.shell:Creating prefix chain script '/workspace/install/setup.sh'
[3.784s] INFO:colcon.colcon_core.shell:Creating prefix script '/workspace/install/local_setup.bash'
[3.802s] INFO:colcon.colcon_core.shell:Creating prefix chain script '/workspace/install/setup.bash'
[3.812s] INFO:colcon.colcon_core.shell:Creating prefix script '/workspace/install/local_setup.zsh'
[3.816s] INFO:colcon.colcon_core.shell:Creating prefix chain script '/workspace/install/setup.zsh'
