[1.656s] Invoking command in '/workspace/ros2_detection': PYTHONPATH=/workspace/build/ros2_detection/prefix_override:/usr/lib/python3/dist-packages/colcon_core/task/python/colcon_distutils_commands:/workspace/install/ros2_detection/lib/python3.10/site-packages:${PYTHONPATH} /usr/bin/python3 -W ignore:setup.py install is deprecated -W ignore:easy_install command is deprecated setup.py egg_info --egg-base ../build/ros2_detection build --build-base /workspace/build/ros2_detection/build install --record /workspace/build/ros2_detection/install.log --single-version-externally-managed install_data
[2.848s] running egg_info
[2.857s] creating ../build/ros2_detection/ros2_detection.egg-info
[2.864s] writing ../build/ros2_detection/ros2_detection.egg-info/PKG-INFO
[2.882s] writing dependency_links to ../build/ros2_detection/ros2_detection.egg-info/dependency_links.txt
[2.893s] writing entry points to ../build/ros2_detection/ros2_detection.egg-info/entry_points.txt
[2.903s] writing requirements to ../build/ros2_detection/ros2_detection.egg-info/requires.txt
[2.911s] writing top-level names to ../build/ros2_detection/ros2_detection.egg-info/top_level.txt
[2.921s] writing manifest file '../build/ros2_detection/ros2_detection.egg-info/SOURCES.txt'
[2.971s] reading manifest file '../build/ros2_detection/ros2_detection.egg-info/SOURCES.txt'
[3.077s] writing manifest file '../build/ros2_detection/ros2_detection.egg-info/SOURCES.txt'
[3.083s] running build
[3.085s] running build_py
[3.096s] creating /workspace/build/ros2_detection/build
[3.100s] creating /workspace/build/ros2_detection/build/lib
[3.108s] creating /workspace/build/ros2_detection/build/lib/ros2_detection
[3.131s] copying ros2_detection/detector_node.py -> /workspace/build/ros2_detection/build/lib/ros2_detection
[3.192s] copying ros2_detection/__init__.py -> /workspace/build/ros2_detection/build/lib/ros2_detection
[3.223s] running install
[3.224s] running install_lib
[3.272s] creating /workspace/install/ros2_detection/lib/python3.10/site-packages/ros2_detection
[3.307s] copying /workspace/build/ros2_detection/build/lib/ros2_detection/detector_node.py -> /workspace/install/ros2_detection/lib/python3.10/site-packages/ros2_detection
[3.379s] copying /workspace/build/ros2_detection/build/lib/ros2_detection/__init__.py -> /workspace/install/ros2_detection/lib/python3.10/site-packages/ros2_detection
[3.453s] byte-compiling /workspace/install/ros2_detection/lib/python3.10/site-packages/ros2_detection/detector_node.py to detector_node.cpython-310.pyc
[3.534s] byte-compiling /workspace/install/ros2_detection/lib/python3.10/site-packages/ros2_detection/__init__.py to __init__.cpython-310.pyc
[3.592s] running install_data
[3.606s] creating /workspace/install/ros2_detection/share/ament_index
[3.609s] creating /workspace/install/ros2_detection/share/ament_index/resource_index
[3.614s] creating /workspace/install/ros2_detection/share/ament_index/resource_index/packages
[3.631s] copying resource/ros2_detection -> /workspace/install/ros2_detection/share/ament_index/resource_index/packages
[3.673s] copying package.xml -> /workspace/install/ros2_detection/share/ros2_detection
[3.712s] creating /workspace/install/ros2_detection/share/ros2_detection/launch
[3.728s] copying launch/detector.launch.py -> /workspace/install/ros2_detection/share/ros2_detection/launch
[3.755s] running install_egg_info
[3.783s] Copying ../build/ros2_detection/ros2_detection.egg-info to /workspace/install/ros2_detection/lib/python3.10/site-packages/ros2_detection-0.0.1-py3.10.egg-info
[4.247s] running install_scripts
[4.366s] Installing detector_node script to /workspace/install/ros2_detection/lib/ros2_detection
[4.386s] writing list of installed files to '/workspace/build/ros2_detection/install.log'
[4.407s] Invoked command in '/workspace/ros2_detection' returned '0': PYTHONPATH=/workspace/build/ros2_detection/prefix_override:/usr/lib/python3/dist-packages/colcon_core/task/python/colcon_distutils_commands:/workspace/install/ros2_detection/lib/python3.10/site-packages:${PYTHONPATH} /usr/bin/python3 -W ignore:setup.py install is deprecated -W ignore:easy_install command is deprecated setup.py egg_info --egg-base ../build/ros2_detection build --build-base /workspace/build/ros2_detection/build install --record /workspace/build/ros2_detection/install.log --single-version-externally-managed install_data
