[1.122s] Invoking command in '/workspace/ros2_detection': PYTHONPATH=/workspace/build/ros2_detection/prefix_override:/usr/lib/python3/dist-packages/colcon_core/task/python/colcon_distutils_commands:/workspace/install/ros2_detection/lib/python3.10/site-packages:${PYTHONPATH} /usr/bin/python3 -W ignore:setup.py install is deprecated -W ignore:easy_install command is deprecated setup.py egg_info --egg-base ../build/ros2_detection build --build-base /workspace/build/ros2_detection/build install --record /workspace/build/ros2_detection/install.log --single-version-externally-managed install_data
[1.667s] running egg_info
[1.670s] writing ../build/ros2_detection/ros2_detection.egg-info/PKG-INFO
[1.677s] writing dependency_links to ../build/ros2_detection/ros2_detection.egg-info/dependency_links.txt
[1.685s] writing entry points to ../build/ros2_detection/ros2_detection.egg-info/entry_points.txt
[1.691s] writing requirements to ../build/ros2_detection/ros2_detection.egg-info/requires.txt
[1.697s] writing top-level names to ../build/ros2_detection/ros2_detection.egg-info/top_level.txt
[1.725s] reading manifest file '../build/ros2_detection/ros2_detection.egg-info/SOURCES.txt'
[1.782s] writing manifest file '../build/ros2_detection/ros2_detection.egg-info/SOURCES.txt'
[1.784s] running build
[1.786s] running build_py
[1.833s] running install
[1.834s] running install_lib
[1.968s] running install_data
[1.998s] running install_egg_info
[2.008s] removing '/workspace/install/ros2_detection/lib/python3.10/site-packages/ros2_detection-0.0.1-py3.10.egg-info' (and everything under it)
[2.089s] Copying ../build/ros2_detection/ros2_detection.egg-info to /workspace/install/ros2_detection/lib/python3.10/site-packages/ros2_detection-0.0.1-py3.10.egg-info
[2.302s] running install_scripts
[2.361s] Installing detector_node script to /workspace/install/ros2_detection/lib/ros2_detection
[2.373s] writing list of installed files to '/workspace/build/ros2_detection/install.log'
[2.391s] Invoked command in '/workspace/ros2_detection' returned '0': PYTHONPATH=/workspace/build/ros2_detection/prefix_override:/usr/lib/python3/dist-packages/colcon_core/task/python/colcon_distutils_commands:/workspace/install/ros2_detection/lib/python3.10/site-packages:${PYTHONPATH} /usr/bin/python3 -W ignore:setup.py install is deprecated -W ignore:easy_install command is deprecated setup.py egg_info --egg-base ../build/ros2_detection build --build-base /workspace/build/ros2_detection/build install --record /workspace/build/ros2_detection/install.log --single-version-externally-managed install_data
