[0.190s] DEBUG:colcon:Command line arguments: ['/usr/bin/colcon', 'build', '--packages-select', 'ros2_detection']
[0.191s] DEBUG:colcon:Parsed command line arguments: Namespace(log_base=None, log_level=None, verb_name='build', build_base='build', install_base='install', merge_install=False, symlink_install=False, test_result_base=None, continue_on_error=False, executor='parallel', parallel_workers=16, event_handlers=None, ignore_user_meta=False, metas=['./colcon.meta'], base_paths=['.'], packages_ignore=None, packages_ignore_regex=None, paths=None, packages_up_to=None, packages_up_to_regex=None, packages_above=None, packages_above_and_dependencies=None, packages_above_depth=None, packages_select_by_dep=None, packages_skip_by_dep=None, packages_skip_up_to=None, packages_select_build_failed=False, packages_skip_build_finished=False, packages_select_test_failures=False, packages_skip_test_passed=False, packages_select=['ros2_detection'], packages_skip=None, packages_select_regex=None, packages_skip_regex=None, packages_start=None, packages_end=None, cmake_args=None, cmake_target=None, cmake_target_skip_unavailable=False, cmake_clean_cache=False, cmake_clean_first=False, cmake_force_configure=False, ament_cmake_args=None, catkin_cmake_args=None, catkin_skip_building_tests=False, mixin_files=None, mixin=None, verb_parser=<colcon_mixin.mixin.mixin_argument.MixinArgumentDecorator object at 0x7366b45cf220>, verb_extension=<colcon_core.verb.build.BuildVerb object at 0x7366b45ceb90>, main=<bound method BuildVerb.main of <colcon_core.verb.build.BuildVerb object at 0x7366b45ceb90>>, mixin_verb=('build',))
[0.345s] Level 1:colcon.colcon_core.package_discovery:discover_packages(colcon_meta) check parameters
[0.346s] INFO:colcon.colcon_metadata.package_discovery.colcon_meta:Using configuration from '/root/.colcon/metadata/default/Gazebo.meta'
[0.347s] INFO:colcon.colcon_metadata.package_discovery.colcon_meta:Using configuration from '/root/.colcon/metadata/default/fastdds.meta'
[0.348s] INFO:colcon.colcon_metadata.package_discovery.colcon_meta:Using configuration from '/root/.colcon/metadata/default/fastrtps.meta'
[0.349s] Level 1:colcon.colcon_core.package_discovery:discover_packages(recursive) check parameters
[0.349s] Level 1:colcon.colcon_core.package_discovery:discover_packages(ignore) check parameters
[0.349s] Level 1:colcon.colcon_core.package_discovery:discover_packages(path) check parameters
[0.350s] Level 1:colcon.colcon_core.package_discovery:discover_packages(colcon_meta) discover
[0.350s] Level 1:colcon.colcon_core.package_discovery:discover_packages(recursive) discover
[0.350s] INFO:colcon.colcon_core.package_discovery:Crawling recursively for packages in '/workspace'
[0.352s] Level 1:colcon.colcon_core.package_identification:_identify(.) by extensions ['ignore', 'ignore_ament_install']
[0.353s] Level 1:colcon.colcon_core.package_identification:_identify(.) by extension 'ignore'
[0.353s] Level 1:colcon.colcon_core.package_identification:_identify(.) by extension 'ignore_ament_install'
[0.354s] Level 1:colcon.colcon_core.package_identification:_identify(.) by extensions ['colcon_pkg']
[0.354s] Level 1:colcon.colcon_core.package_identification:_identify(.) by extension 'colcon_pkg'
[0.355s] Level 1:colcon.colcon_core.package_identification:_identify(.) by extensions ['colcon_meta']
[0.355s] Level 1:colcon.colcon_core.package_identification:_identify(.) by extension 'colcon_meta'
[0.355s] Level 1:colcon.colcon_core.package_identification:_identify(.) by extensions ['ros']
[0.356s] Level 1:colcon.colcon_core.package_identification:_identify(.) by extension 'ros'
[0.387s] Level 1:colcon.colcon_core.package_identification:_identify(.) by extensions ['cmake', 'python']
[0.387s] Level 1:colcon.colcon_core.package_identification:_identify(.) by extension 'cmake'
[0.388s] Level 1:colcon.colcon_core.package_identification:_identify(.) by extension 'python'
[0.388s] Level 1:colcon.colcon_core.package_identification:_identify(.) by extensions ['python_setup_py']
[0.388s] Level 1:colcon.colcon_core.package_identification:_identify(.) by extension 'python_setup_py'
[0.391s] Level 1:colcon.colcon_core.package_identification:_identify(__pycache__) by extensions ['ignore', 'ignore_ament_install']
[0.391s] Level 1:colcon.colcon_core.package_identification:_identify(__pycache__) by extension 'ignore'
[0.392s] Level 1:colcon.colcon_core.package_identification:_identify(__pycache__) by extension 'ignore_ament_install'
[0.393s] Level 1:colcon.colcon_core.package_identification:_identify(__pycache__) by extensions ['colcon_pkg']
[0.393s] Level 1:colcon.colcon_core.package_identification:_identify(__pycache__) by extension 'colcon_pkg'
[0.394s] Level 1:colcon.colcon_core.package_identification:_identify(__pycache__) by extensions ['colcon_meta']
[0.394s] Level 1:colcon.colcon_core.package_identification:_identify(__pycache__) by extension 'colcon_meta'
[0.396s] Level 1:colcon.colcon_core.package_identification:_identify(__pycache__) by extensions ['ros']
[0.396s] Level 1:colcon.colcon_core.package_identification:_identify(__pycache__) by extension 'ros'
[0.400s] Level 1:colcon.colcon_core.package_identification:_identify(__pycache__) by extensions ['cmake', 'python']
[0.400s] Level 1:colcon.colcon_core.package_identification:_identify(__pycache__) by extension 'cmake'
[0.401s] Level 1:colcon.colcon_core.package_identification:_identify(__pycache__) by extension 'python'
[0.401s] Level 1:colcon.colcon_core.package_identification:_identify(__pycache__) by extensions ['python_setup_py']
[0.402s] Level 1:colcon.colcon_core.package_identification:_identify(__pycache__) by extension 'python_setup_py'
[0.407s] Level 1:colcon.colcon_core.package_identification:_identify(build) by extensions ['ignore', 'ignore_ament_install']
[0.408s] Level 1:colcon.colcon_core.package_identification:_identify(build) by extension 'ignore'
[0.410s] Level 1:colcon.colcon_core.package_identification:_identify(build) ignored
[0.414s] Level 1:colcon.colcon_core.package_identification:_identify(imageset) by extensions ['ignore', 'ignore_ament_install']
[0.414s] Level 1:colcon.colcon_core.package_identification:_identify(imageset) by extension 'ignore'
[0.416s] Level 1:colcon.colcon_core.package_identification:_identify(imageset) by extension 'ignore_ament_install'
[0.417s] Level 1:colcon.colcon_core.package_identification:_identify(imageset) by extensions ['colcon_pkg']
[0.418s] Level 1:colcon.colcon_core.package_identification:_identify(imageset) by extension 'colcon_pkg'
[0.418s] Level 1:colcon.colcon_core.package_identification:_identify(imageset) by extensions ['colcon_meta']
[0.419s] Level 1:colcon.colcon_core.package_identification:_identify(imageset) by extension 'colcon_meta'
[0.421s] Level 1:colcon.colcon_core.package_identification:_identify(imageset) by extensions ['ros']
[0.421s] Level 1:colcon.colcon_core.package_identification:_identify(imageset) by extension 'ros'
[0.426s] Level 1:colcon.colcon_core.package_identification:_identify(imageset) by extensions ['cmake', 'python']
[0.427s] Level 1:colcon.colcon_core.package_identification:_identify(imageset) by extension 'cmake'
[0.428s] Level 1:colcon.colcon_core.package_identification:_identify(imageset) by extension 'python'
[0.432s] Level 1:colcon.colcon_core.package_identification:_identify(imageset) by extensions ['python_setup_py']
[0.433s] Level 1:colcon.colcon_core.package_identification:_identify(imageset) by extension 'python_setup_py'
[0.440s] Level 1:colcon.colcon_core.package_identification:_identify(imageset/Tennisball_seg_600.v1-tennisball-seg-dataset-607.yolov11) by extensions ['ignore', 'ignore_ament_install']
[0.441s] Level 1:colcon.colcon_core.package_identification:_identify(imageset/Tennisball_seg_600.v1-tennisball-seg-dataset-607.yolov11) by extension 'ignore'
[0.443s] Level 1:colcon.colcon_core.package_identification:_identify(imageset/Tennisball_seg_600.v1-tennisball-seg-dataset-607.yolov11) by extension 'ignore_ament_install'
[0.445s] Level 1:colcon.colcon_core.package_identification:_identify(imageset/Tennisball_seg_600.v1-tennisball-seg-dataset-607.yolov11) by extensions ['colcon_pkg']
[0.446s] Level 1:colcon.colcon_core.package_identification:_identify(imageset/Tennisball_seg_600.v1-tennisball-seg-dataset-607.yolov11) by extension 'colcon_pkg'
[0.447s] Level 1:colcon.colcon_core.package_identification:_identify(imageset/Tennisball_seg_600.v1-tennisball-seg-dataset-607.yolov11) by extensions ['colcon_meta']
[0.447s] Level 1:colcon.colcon_core.package_identification:_identify(imageset/Tennisball_seg_600.v1-tennisball-seg-dataset-607.yolov11) by extension 'colcon_meta'
[0.450s] Level 1:colcon.colcon_core.package_identification:_identify(imageset/Tennisball_seg_600.v1-tennisball-seg-dataset-607.yolov11) by extensions ['ros']
[0.450s] Level 1:colcon.colcon_core.package_identification:_identify(imageset/Tennisball_seg_600.v1-tennisball-seg-dataset-607.yolov11) by extension 'ros'
[0.456s] Level 1:colcon.colcon_core.package_identification:_identify(imageset/Tennisball_seg_600.v1-tennisball-seg-dataset-607.yolov11) by extensions ['cmake', 'python']
[0.456s] Level 1:colcon.colcon_core.package_identification:_identify(imageset/Tennisball_seg_600.v1-tennisball-seg-dataset-607.yolov11) by extension 'cmake'
[0.458s] Level 1:colcon.colcon_core.package_identification:_identify(imageset/Tennisball_seg_600.v1-tennisball-seg-dataset-607.yolov11) by extension 'python'
[0.459s] Level 1:colcon.colcon_core.package_identification:_identify(imageset/Tennisball_seg_600.v1-tennisball-seg-dataset-607.yolov11) by extensions ['python_setup_py']
[0.459s] Level 1:colcon.colcon_core.package_identification:_identify(imageset/Tennisball_seg_600.v1-tennisball-seg-dataset-607.yolov11) by extension 'python_setup_py'
[0.468s] Level 1:colcon.colcon_core.package_identification:_identify(imageset/Tennisball_seg_600.v1-tennisball-seg-dataset-607.yolov11/test) by extensions ['ignore', 'ignore_ament_install']
[0.468s] Level 1:colcon.colcon_core.package_identification:_identify(imageset/Tennisball_seg_600.v1-tennisball-seg-dataset-607.yolov11/test) by extension 'ignore'
[0.470s] Level 1:colcon.colcon_core.package_identification:_identify(imageset/Tennisball_seg_600.v1-tennisball-seg-dataset-607.yolov11/test) by extension 'ignore_ament_install'
[0.474s] Level 1:colcon.colcon_core.package_identification:_identify(imageset/Tennisball_seg_600.v1-tennisball-seg-dataset-607.yolov11/test) by extensions ['colcon_pkg']
[0.474s] Level 1:colcon.colcon_core.package_identification:_identify(imageset/Tennisball_seg_600.v1-tennisball-seg-dataset-607.yolov11/test) by extension 'colcon_pkg'
[0.476s] Level 1:colcon.colcon_core.package_identification:_identify(imageset/Tennisball_seg_600.v1-tennisball-seg-dataset-607.yolov11/test) by extensions ['colcon_meta']
[0.476s] Level 1:colcon.colcon_core.package_identification:_identify(imageset/Tennisball_seg_600.v1-tennisball-seg-dataset-607.yolov11/test) by extension 'colcon_meta'
[0.480s] Level 1:colcon.colcon_core.package_identification:_identify(imageset/Tennisball_seg_600.v1-tennisball-seg-dataset-607.yolov11/test) by extensions ['ros']
[0.480s] Level 1:colcon.colcon_core.package_identification:_identify(imageset/Tennisball_seg_600.v1-tennisball-seg-dataset-607.yolov11/test) by extension 'ros'
[0.487s] Level 1:colcon.colcon_core.package_identification:_identify(imageset/Tennisball_seg_600.v1-tennisball-seg-dataset-607.yolov11/test) by extensions ['cmake', 'python']
[0.487s] Level 1:colcon.colcon_core.package_identification:_identify(imageset/Tennisball_seg_600.v1-tennisball-seg-dataset-607.yolov11/test) by extension 'cmake'
[0.489s] Level 1:colcon.colcon_core.package_identification:_identify(imageset/Tennisball_seg_600.v1-tennisball-seg-dataset-607.yolov11/test) by extension 'python'
[0.490s] Level 1:colcon.colcon_core.package_identification:_identify(imageset/Tennisball_seg_600.v1-tennisball-seg-dataset-607.yolov11/test) by extensions ['python_setup_py']
[0.490s] Level 1:colcon.colcon_core.package_identification:_identify(imageset/Tennisball_seg_600.v1-tennisball-seg-dataset-607.yolov11/test) by extension 'python_setup_py'
[0.499s] Level 1:colcon.colcon_core.package_identification:_identify(imageset/Tennisball_seg_600.v1-tennisball-seg-dataset-607.yolov11/test/images) by extensions ['ignore', 'ignore_ament_install']
[0.500s] Level 1:colcon.colcon_core.package_identification:_identify(imageset/Tennisball_seg_600.v1-tennisball-seg-dataset-607.yolov11/test/images) by extension 'ignore'
[0.502s] Level 1:colcon.colcon_core.package_identification:_identify(imageset/Tennisball_seg_600.v1-tennisball-seg-dataset-607.yolov11/test/images) by extension 'ignore_ament_install'
[0.506s] Level 1:colcon.colcon_core.package_identification:_identify(imageset/Tennisball_seg_600.v1-tennisball-seg-dataset-607.yolov11/test/images) by extensions ['colcon_pkg']
[0.506s] Level 1:colcon.colcon_core.package_identification:_identify(imageset/Tennisball_seg_600.v1-tennisball-seg-dataset-607.yolov11/test/images) by extension 'colcon_pkg'
[0.509s] Level 1:colcon.colcon_core.package_identification:_identify(imageset/Tennisball_seg_600.v1-tennisball-seg-dataset-607.yolov11/test/images) by extensions ['colcon_meta']
[0.509s] Level 1:colcon.colcon_core.package_identification:_identify(imageset/Tennisball_seg_600.v1-tennisball-seg-dataset-607.yolov11/test/images) by extension 'colcon_meta'
[0.515s] Level 1:colcon.colcon_core.package_identification:_identify(imageset/Tennisball_seg_600.v1-tennisball-seg-dataset-607.yolov11/test/images) by extensions ['ros']
[0.515s] Level 1:colcon.colcon_core.package_identification:_identify(imageset/Tennisball_seg_600.v1-tennisball-seg-dataset-607.yolov11/test/images) by extension 'ros'
[0.525s] Level 1:colcon.colcon_core.package_identification:_identify(imageset/Tennisball_seg_600.v1-tennisball-seg-dataset-607.yolov11/test/images) by extensions ['cmake', 'python']
[0.525s] Level 1:colcon.colcon_core.package_identification:_identify(imageset/Tennisball_seg_600.v1-tennisball-seg-dataset-607.yolov11/test/images) by extension 'cmake'
[0.528s] Level 1:colcon.colcon_core.package_identification:_identify(imageset/Tennisball_seg_600.v1-tennisball-seg-dataset-607.yolov11/test/images) by extension 'python'
[0.532s] Level 1:colcon.colcon_core.package_identification:_identify(imageset/Tennisball_seg_600.v1-tennisball-seg-dataset-607.yolov11/test/images) by extensions ['python_setup_py']
[0.532s] Level 1:colcon.colcon_core.package_identification:_identify(imageset/Tennisball_seg_600.v1-tennisball-seg-dataset-607.yolov11/test/images) by extension 'python_setup_py'
[0.540s] Level 1:colcon.colcon_core.package_identification:_identify(imageset/Tennisball_seg_600.v1-tennisball-seg-dataset-607.yolov11/test/labels) by extensions ['ignore', 'ignore_ament_install']
[0.540s] Level 1:colcon.colcon_core.package_identification:_identify(imageset/Tennisball_seg_600.v1-tennisball-seg-dataset-607.yolov11/test/labels) by extension 'ignore'
[0.542s] Level 1:colcon.colcon_core.package_identification:_identify(imageset/Tennisball_seg_600.v1-tennisball-seg-dataset-607.yolov11/test/labels) by extension 'ignore_ament_install'
[0.545s] Level 1:colcon.colcon_core.package_identification:_identify(imageset/Tennisball_seg_600.v1-tennisball-seg-dataset-607.yolov11/test/labels) by extensions ['colcon_pkg']
[0.546s] Level 1:colcon.colcon_core.package_identification:_identify(imageset/Tennisball_seg_600.v1-tennisball-seg-dataset-607.yolov11/test/labels) by extension 'colcon_pkg'
[0.548s] Level 1:colcon.colcon_core.package_identification:_identify(imageset/Tennisball_seg_600.v1-tennisball-seg-dataset-607.yolov11/test/labels) by extensions ['colcon_meta']
[0.548s] Level 1:colcon.colcon_core.package_identification:_identify(imageset/Tennisball_seg_600.v1-tennisball-seg-dataset-607.yolov11/test/labels) by extension 'colcon_meta'
[0.553s] Level 1:colcon.colcon_core.package_identification:_identify(imageset/Tennisball_seg_600.v1-tennisball-seg-dataset-607.yolov11/test/labels) by extensions ['ros']
[0.554s] Level 1:colcon.colcon_core.package_identification:_identify(imageset/Tennisball_seg_600.v1-tennisball-seg-dataset-607.yolov11/test/labels) by extension 'ros'
[0.562s] Level 1:colcon.colcon_core.package_identification:_identify(imageset/Tennisball_seg_600.v1-tennisball-seg-dataset-607.yolov11/test/labels) by extensions ['cmake', 'python']
[0.562s] Level 1:colcon.colcon_core.package_identification:_identify(imageset/Tennisball_seg_600.v1-tennisball-seg-dataset-607.yolov11/test/labels) by extension 'cmake'
[0.564s] Level 1:colcon.colcon_core.package_identification:_identify(imageset/Tennisball_seg_600.v1-tennisball-seg-dataset-607.yolov11/test/labels) by extension 'python'
[0.567s] Level 1:colcon.colcon_core.package_identification:_identify(imageset/Tennisball_seg_600.v1-tennisball-seg-dataset-607.yolov11/test/labels) by extensions ['python_setup_py']
[0.567s] Level 1:colcon.colcon_core.package_identification:_identify(imageset/Tennisball_seg_600.v1-tennisball-seg-dataset-607.yolov11/test/labels) by extension 'python_setup_py'
[0.575s] Level 1:colcon.colcon_core.package_identification:_identify(imageset/Tennisball_seg_600.v1-tennisball-seg-dataset-607.yolov11/train) by extensions ['ignore', 'ignore_ament_install']
[0.576s] Level 1:colcon.colcon_core.package_identification:_identify(imageset/Tennisball_seg_600.v1-tennisball-seg-dataset-607.yolov11/train) by extension 'ignore'
[0.578s] Level 1:colcon.colcon_core.package_identification:_identify(imageset/Tennisball_seg_600.v1-tennisball-seg-dataset-607.yolov11/train) by extension 'ignore_ament_install'
[0.580s] Level 1:colcon.colcon_core.package_identification:_identify(imageset/Tennisball_seg_600.v1-tennisball-seg-dataset-607.yolov11/train) by extensions ['colcon_pkg']
[0.580s] Level 1:colcon.colcon_core.package_identification:_identify(imageset/Tennisball_seg_600.v1-tennisball-seg-dataset-607.yolov11/train) by extension 'colcon_pkg'
[0.581s] Level 1:colcon.colcon_core.package_identification:_identify(imageset/Tennisball_seg_600.v1-tennisball-seg-dataset-607.yolov11/train) by extensions ['colcon_meta']
[0.581s] Level 1:colcon.colcon_core.package_identification:_identify(imageset/Tennisball_seg_600.v1-tennisball-seg-dataset-607.yolov11/train) by extension 'colcon_meta'
[0.585s] Level 1:colcon.colcon_core.package_identification:_identify(imageset/Tennisball_seg_600.v1-tennisball-seg-dataset-607.yolov11/train) by extensions ['ros']
[0.585s] Level 1:colcon.colcon_core.package_identification:_identify(imageset/Tennisball_seg_600.v1-tennisball-seg-dataset-607.yolov11/train) by extension 'ros'
[0.592s] Level 1:colcon.colcon_core.package_identification:_identify(imageset/Tennisball_seg_600.v1-tennisball-seg-dataset-607.yolov11/train) by extensions ['cmake', 'python']
[0.592s] Level 1:colcon.colcon_core.package_identification:_identify(imageset/Tennisball_seg_600.v1-tennisball-seg-dataset-607.yolov11/train) by extension 'cmake'
[0.594s] Level 1:colcon.colcon_core.package_identification:_identify(imageset/Tennisball_seg_600.v1-tennisball-seg-dataset-607.yolov11/train) by extension 'python'
[0.595s] Level 1:colcon.colcon_core.package_identification:_identify(imageset/Tennisball_seg_600.v1-tennisball-seg-dataset-607.yolov11/train) by extensions ['python_setup_py']
[0.595s] Level 1:colcon.colcon_core.package_identification:_identify(imageset/Tennisball_seg_600.v1-tennisball-seg-dataset-607.yolov11/train) by extension 'python_setup_py'
[0.611s] Level 1:colcon.colcon_core.package_identification:_identify(imageset/Tennisball_seg_600.v1-tennisball-seg-dataset-607.yolov11/train/images) by extensions ['ignore', 'ignore_ament_install']
[0.612s] Level 1:colcon.colcon_core.package_identification:_identify(imageset/Tennisball_seg_600.v1-tennisball-seg-dataset-607.yolov11/train/images) by extension 'ignore'
[0.613s] Level 1:colcon.colcon_core.package_identification:_identify(imageset/Tennisball_seg_600.v1-tennisball-seg-dataset-607.yolov11/train/images) by extension 'ignore_ament_install'
[0.617s] Level 1:colcon.colcon_core.package_identification:_identify(imageset/Tennisball_seg_600.v1-tennisball-seg-dataset-607.yolov11/train/images) by extensions ['colcon_pkg']
[0.617s] Level 1:colcon.colcon_core.package_identification:_identify(imageset/Tennisball_seg_600.v1-tennisball-seg-dataset-607.yolov11/train/images) by extension 'colcon_pkg'
[0.619s] Level 1:colcon.colcon_core.package_identification:_identify(imageset/Tennisball_seg_600.v1-tennisball-seg-dataset-607.yolov11/train/images) by extensions ['colcon_meta']
[0.619s] Level 1:colcon.colcon_core.package_identification:_identify(imageset/Tennisball_seg_600.v1-tennisball-seg-dataset-607.yolov11/train/images) by extension 'colcon_meta'
[0.624s] Level 1:colcon.colcon_core.package_identification:_identify(imageset/Tennisball_seg_600.v1-tennisball-seg-dataset-607.yolov11/train/images) by extensions ['ros']
[0.624s] Level 1:colcon.colcon_core.package_identification:_identify(imageset/Tennisball_seg_600.v1-tennisball-seg-dataset-607.yolov11/train/images) by extension 'ros'
[0.632s] Level 1:colcon.colcon_core.package_identification:_identify(imageset/Tennisball_seg_600.v1-tennisball-seg-dataset-607.yolov11/train/images) by extensions ['cmake', 'python']
[0.633s] Level 1:colcon.colcon_core.package_identification:_identify(imageset/Tennisball_seg_600.v1-tennisball-seg-dataset-607.yolov11/train/images) by extension 'cmake'
[0.636s] Level 1:colcon.colcon_core.package_identification:_identify(imageset/Tennisball_seg_600.v1-tennisball-seg-dataset-607.yolov11/train/images) by extension 'python'
[0.638s] Level 1:colcon.colcon_core.package_identification:_identify(imageset/Tennisball_seg_600.v1-tennisball-seg-dataset-607.yolov11/train/images) by extensions ['python_setup_py']
[0.638s] Level 1:colcon.colcon_core.package_identification:_identify(imageset/Tennisball_seg_600.v1-tennisball-seg-dataset-607.yolov11/train/images) by extension 'python_setup_py'
[0.658s] Level 1:colcon.colcon_core.package_identification:_identify(imageset/Tennisball_seg_600.v1-tennisball-seg-dataset-607.yolov11/train/labels) by extensions ['ignore', 'ignore_ament_install']
[0.658s] Level 1:colcon.colcon_core.package_identification:_identify(imageset/Tennisball_seg_600.v1-tennisball-seg-dataset-607.yolov11/train/labels) by extension 'ignore'
[0.660s] Level 1:colcon.colcon_core.package_identification:_identify(imageset/Tennisball_seg_600.v1-tennisball-seg-dataset-607.yolov11/train/labels) by extension 'ignore_ament_install'
[0.665s] Level 1:colcon.colcon_core.package_identification:_identify(imageset/Tennisball_seg_600.v1-tennisball-seg-dataset-607.yolov11/train/labels) by extensions ['colcon_pkg']
[0.665s] Level 1:colcon.colcon_core.package_identification:_identify(imageset/Tennisball_seg_600.v1-tennisball-seg-dataset-607.yolov11/train/labels) by extension 'colcon_pkg'
[0.667s] Level 1:colcon.colcon_core.package_identification:_identify(imageset/Tennisball_seg_600.v1-tennisball-seg-dataset-607.yolov11/train/labels) by extensions ['colcon_meta']
[0.667s] Level 1:colcon.colcon_core.package_identification:_identify(imageset/Tennisball_seg_600.v1-tennisball-seg-dataset-607.yolov11/train/labels) by extension 'colcon_meta'
[0.673s] Level 1:colcon.colcon_core.package_identification:_identify(imageset/Tennisball_seg_600.v1-tennisball-seg-dataset-607.yolov11/train/labels) by extensions ['ros']
[0.674s] Level 1:colcon.colcon_core.package_identification:_identify(imageset/Tennisball_seg_600.v1-tennisball-seg-dataset-607.yolov11/train/labels) by extension 'ros'
[0.686s] Level 1:colcon.colcon_core.package_identification:_identify(imageset/Tennisball_seg_600.v1-tennisball-seg-dataset-607.yolov11/train/labels) by extensions ['cmake', 'python']
[0.687s] Level 1:colcon.colcon_core.package_identification:_identify(imageset/Tennisball_seg_600.v1-tennisball-seg-dataset-607.yolov11/train/labels) by extension 'cmake'
[0.689s] Level 1:colcon.colcon_core.package_identification:_identify(imageset/Tennisball_seg_600.v1-tennisball-seg-dataset-607.yolov11/train/labels) by extension 'python'
[0.692s] Level 1:colcon.colcon_core.package_identification:_identify(imageset/Tennisball_seg_600.v1-tennisball-seg-dataset-607.yolov11/train/labels) by extensions ['python_setup_py']
[0.692s] Level 1:colcon.colcon_core.package_identification:_identify(imageset/Tennisball_seg_600.v1-tennisball-seg-dataset-607.yolov11/train/labels) by extension 'python_setup_py'
[0.699s] Level 1:colcon.colcon_core.package_identification:_identify(imageset/Tennisball_seg_600.v1-tennisball-seg-dataset-607.yolov11/valid) by extensions ['ignore', 'ignore_ament_install']
[0.699s] Level 1:colcon.colcon_core.package_identification:_identify(imageset/Tennisball_seg_600.v1-tennisball-seg-dataset-607.yolov11/valid) by extension 'ignore'
[0.701s] Level 1:colcon.colcon_core.package_identification:_identify(imageset/Tennisball_seg_600.v1-tennisball-seg-dataset-607.yolov11/valid) by extension 'ignore_ament_install'
[0.703s] Level 1:colcon.colcon_core.package_identification:_identify(imageset/Tennisball_seg_600.v1-tennisball-seg-dataset-607.yolov11/valid) by extensions ['colcon_pkg']
[0.704s] Level 1:colcon.colcon_core.package_identification:_identify(imageset/Tennisball_seg_600.v1-tennisball-seg-dataset-607.yolov11/valid) by extension 'colcon_pkg'
[0.705s] Level 1:colcon.colcon_core.package_identification:_identify(imageset/Tennisball_seg_600.v1-tennisball-seg-dataset-607.yolov11/valid) by extensions ['colcon_meta']
[0.705s] Level 1:colcon.colcon_core.package_identification:_identify(imageset/Tennisball_seg_600.v1-tennisball-seg-dataset-607.yolov11/valid) by extension 'colcon_meta'
[0.708s] Level 1:colcon.colcon_core.package_identification:_identify(imageset/Tennisball_seg_600.v1-tennisball-seg-dataset-607.yolov11/valid) by extensions ['ros']
[0.708s] Level 1:colcon.colcon_core.package_identification:_identify(imageset/Tennisball_seg_600.v1-tennisball-seg-dataset-607.yolov11/valid) by extension 'ros'
[0.714s] Level 1:colcon.colcon_core.package_identification:_identify(imageset/Tennisball_seg_600.v1-tennisball-seg-dataset-607.yolov11/valid) by extensions ['cmake', 'python']
[0.715s] Level 1:colcon.colcon_core.package_identification:_identify(imageset/Tennisball_seg_600.v1-tennisball-seg-dataset-607.yolov11/valid) by extension 'cmake'
[0.716s] Level 1:colcon.colcon_core.package_identification:_identify(imageset/Tennisball_seg_600.v1-tennisball-seg-dataset-607.yolov11/valid) by extension 'python'
[0.718s] Level 1:colcon.colcon_core.package_identification:_identify(imageset/Tennisball_seg_600.v1-tennisball-seg-dataset-607.yolov11/valid) by extensions ['python_setup_py']
[0.719s] Level 1:colcon.colcon_core.package_identification:_identify(imageset/Tennisball_seg_600.v1-tennisball-seg-dataset-607.yolov11/valid) by extension 'python_setup_py'
[0.729s] Level 1:colcon.colcon_core.package_identification:_identify(imageset/Tennisball_seg_600.v1-tennisball-seg-dataset-607.yolov11/valid/images) by extensions ['ignore', 'ignore_ament_install']
[0.729s] Level 1:colcon.colcon_core.package_identification:_identify(imageset/Tennisball_seg_600.v1-tennisball-seg-dataset-607.yolov11/valid/images) by extension 'ignore'
[0.732s] Level 1:colcon.colcon_core.package_identification:_identify(imageset/Tennisball_seg_600.v1-tennisball-seg-dataset-607.yolov11/valid/images) by extension 'ignore_ament_install'
[0.737s] Level 1:colcon.colcon_core.package_identification:_identify(imageset/Tennisball_seg_600.v1-tennisball-seg-dataset-607.yolov11/valid/images) by extensions ['colcon_pkg']
[0.738s] Level 1:colcon.colcon_core.package_identification:_identify(imageset/Tennisball_seg_600.v1-tennisball-seg-dataset-607.yolov11/valid/images) by extension 'colcon_pkg'
[0.740s] Level 1:colcon.colcon_core.package_identification:_identify(imageset/Tennisball_seg_600.v1-tennisball-seg-dataset-607.yolov11/valid/images) by extensions ['colcon_meta']
[0.740s] Level 1:colcon.colcon_core.package_identification:_identify(imageset/Tennisball_seg_600.v1-tennisball-seg-dataset-607.yolov11/valid/images) by extension 'colcon_meta'
[0.744s] Level 1:colcon.colcon_core.package_identification:_identify(imageset/Tennisball_seg_600.v1-tennisball-seg-dataset-607.yolov11/valid/images) by extensions ['ros']
[0.745s] Level 1:colcon.colcon_core.package_identification:_identify(imageset/Tennisball_seg_600.v1-tennisball-seg-dataset-607.yolov11/valid/images) by extension 'ros'
[0.754s] Level 1:colcon.colcon_core.package_identification:_identify(imageset/Tennisball_seg_600.v1-tennisball-seg-dataset-607.yolov11/valid/images) by extensions ['cmake', 'python']
[0.755s] Level 1:colcon.colcon_core.package_identification:_identify(imageset/Tennisball_seg_600.v1-tennisball-seg-dataset-607.yolov11/valid/images) by extension 'cmake'
[0.756s] Level 1:colcon.colcon_core.package_identification:_identify(imageset/Tennisball_seg_600.v1-tennisball-seg-dataset-607.yolov11/valid/images) by extension 'python'
[0.758s] Level 1:colcon.colcon_core.package_identification:_identify(imageset/Tennisball_seg_600.v1-tennisball-seg-dataset-607.yolov11/valid/images) by extensions ['python_setup_py']
[0.758s] Level 1:colcon.colcon_core.package_identification:_identify(imageset/Tennisball_seg_600.v1-tennisball-seg-dataset-607.yolov11/valid/images) by extension 'python_setup_py'
[0.768s] Level 1:colcon.colcon_core.package_identification:_identify(imageset/Tennisball_seg_600.v1-tennisball-seg-dataset-607.yolov11/valid/labels) by extensions ['ignore', 'ignore_ament_install']
[0.769s] Level 1:colcon.colcon_core.package_identification:_identify(imageset/Tennisball_seg_600.v1-tennisball-seg-dataset-607.yolov11/valid/labels) by extension 'ignore'
[0.771s] Level 1:colcon.colcon_core.package_identification:_identify(imageset/Tennisball_seg_600.v1-tennisball-seg-dataset-607.yolov11/valid/labels) by extension 'ignore_ament_install'
[0.775s] Level 1:colcon.colcon_core.package_identification:_identify(imageset/Tennisball_seg_600.v1-tennisball-seg-dataset-607.yolov11/valid/labels) by extensions ['colcon_pkg']
[0.775s] Level 1:colcon.colcon_core.package_identification:_identify(imageset/Tennisball_seg_600.v1-tennisball-seg-dataset-607.yolov11/valid/labels) by extension 'colcon_pkg'
[0.778s] Level 1:colcon.colcon_core.package_identification:_identify(imageset/Tennisball_seg_600.v1-tennisball-seg-dataset-607.yolov11/valid/labels) by extensions ['colcon_meta']
[0.778s] Level 1:colcon.colcon_core.package_identification:_identify(imageset/Tennisball_seg_600.v1-tennisball-seg-dataset-607.yolov11/valid/labels) by extension 'colcon_meta'
[0.785s] Level 1:colcon.colcon_core.package_identification:_identify(imageset/Tennisball_seg_600.v1-tennisball-seg-dataset-607.yolov11/valid/labels) by extensions ['ros']
[0.786s] Level 1:colcon.colcon_core.package_identification:_identify(imageset/Tennisball_seg_600.v1-tennisball-seg-dataset-607.yolov11/valid/labels) by extension 'ros'
[0.796s] Level 1:colcon.colcon_core.package_identification:_identify(imageset/Tennisball_seg_600.v1-tennisball-seg-dataset-607.yolov11/valid/labels) by extensions ['cmake', 'python']
[0.796s] Level 1:colcon.colcon_core.package_identification:_identify(imageset/Tennisball_seg_600.v1-tennisball-seg-dataset-607.yolov11/valid/labels) by extension 'cmake'
[0.798s] Level 1:colcon.colcon_core.package_identification:_identify(imageset/Tennisball_seg_600.v1-tennisball-seg-dataset-607.yolov11/valid/labels) by extension 'python'
[0.800s] Level 1:colcon.colcon_core.package_identification:_identify(imageset/Tennisball_seg_600.v1-tennisball-seg-dataset-607.yolov11/valid/labels) by extensions ['python_setup_py']
[0.800s] Level 1:colcon.colcon_core.package_identification:_identify(imageset/Tennisball_seg_600.v1-tennisball-seg-dataset-607.yolov11/valid/labels) by extension 'python_setup_py'
[0.807s] Level 1:colcon.colcon_core.package_identification:_identify(imageset/Tennisball_seg_600.v2-tennisball-seg-dataset-607-v02.yolov11) by extensions ['ignore', 'ignore_ament_install']
[0.807s] Level 1:colcon.colcon_core.package_identification:_identify(imageset/Tennisball_seg_600.v2-tennisball-seg-dataset-607-v02.yolov11) by extension 'ignore'
[0.809s] Level 1:colcon.colcon_core.package_identification:_identify(imageset/Tennisball_seg_600.v2-tennisball-seg-dataset-607-v02.yolov11) by extension 'ignore_ament_install'
[0.812s] Level 1:colcon.colcon_core.package_identification:_identify(imageset/Tennisball_seg_600.v2-tennisball-seg-dataset-607-v02.yolov11) by extensions ['colcon_pkg']
[0.812s] Level 1:colcon.colcon_core.package_identification:_identify(imageset/Tennisball_seg_600.v2-tennisball-seg-dataset-607-v02.yolov11) by extension 'colcon_pkg'
[0.814s] Level 1:colcon.colcon_core.package_identification:_identify(imageset/Tennisball_seg_600.v2-tennisball-seg-dataset-607-v02.yolov11) by extensions ['colcon_meta']
[0.814s] Level 1:colcon.colcon_core.package_identification:_identify(imageset/Tennisball_seg_600.v2-tennisball-seg-dataset-607-v02.yolov11) by extension 'colcon_meta'
[0.817s] Level 1:colcon.colcon_core.package_identification:_identify(imageset/Tennisball_seg_600.v2-tennisball-seg-dataset-607-v02.yolov11) by extensions ['ros']
[0.817s] Level 1:colcon.colcon_core.package_identification:_identify(imageset/Tennisball_seg_600.v2-tennisball-seg-dataset-607-v02.yolov11) by extension 'ros'
[0.824s] Level 1:colcon.colcon_core.package_identification:_identify(imageset/Tennisball_seg_600.v2-tennisball-seg-dataset-607-v02.yolov11) by extensions ['cmake', 'python']
[0.824s] Level 1:colcon.colcon_core.package_identification:_identify(imageset/Tennisball_seg_600.v2-tennisball-seg-dataset-607-v02.yolov11) by extension 'cmake'
[0.827s] Level 1:colcon.colcon_core.package_identification:_identify(imageset/Tennisball_seg_600.v2-tennisball-seg-dataset-607-v02.yolov11) by extension 'python'
[0.829s] Level 1:colcon.colcon_core.package_identification:_identify(imageset/Tennisball_seg_600.v2-tennisball-seg-dataset-607-v02.yolov11) by extensions ['python_setup_py']
[0.829s] Level 1:colcon.colcon_core.package_identification:_identify(imageset/Tennisball_seg_600.v2-tennisball-seg-dataset-607-v02.yolov11) by extension 'python_setup_py'
[0.838s] Level 1:colcon.colcon_core.package_identification:_identify(imageset/Tennisball_seg_600.v2-tennisball-seg-dataset-607-v02.yolov11/test) by extensions ['ignore', 'ignore_ament_install']
[0.838s] Level 1:colcon.colcon_core.package_identification:_identify(imageset/Tennisball_seg_600.v2-tennisball-seg-dataset-607-v02.yolov11/test) by extension 'ignore'
[0.840s] Level 1:colcon.colcon_core.package_identification:_identify(imageset/Tennisball_seg_600.v2-tennisball-seg-dataset-607-v02.yolov11/test) by extension 'ignore_ament_install'
[0.843s] Level 1:colcon.colcon_core.package_identification:_identify(imageset/Tennisball_seg_600.v2-tennisball-seg-dataset-607-v02.yolov11/test) by extensions ['colcon_pkg']
[0.843s] Level 1:colcon.colcon_core.package_identification:_identify(imageset/Tennisball_seg_600.v2-tennisball-seg-dataset-607-v02.yolov11/test) by extension 'colcon_pkg'
[0.845s] Level 1:colcon.colcon_core.package_identification:_identify(imageset/Tennisball_seg_600.v2-tennisball-seg-dataset-607-v02.yolov11/test) by extensions ['colcon_meta']
[0.845s] Level 1:colcon.colcon_core.package_identification:_identify(imageset/Tennisball_seg_600.v2-tennisball-seg-dataset-607-v02.yolov11/test) by extension 'colcon_meta'
[0.847s] Level 1:colcon.colcon_core.package_identification:_identify(imageset/Tennisball_seg_600.v2-tennisball-seg-dataset-607-v02.yolov11/test) by extensions ['ros']
[0.848s] Level 1:colcon.colcon_core.package_identification:_identify(imageset/Tennisball_seg_600.v2-tennisball-seg-dataset-607-v02.yolov11/test) by extension 'ros'
[0.855s] Level 1:colcon.colcon_core.package_identification:_identify(imageset/Tennisball_seg_600.v2-tennisball-seg-dataset-607-v02.yolov11/test) by extensions ['cmake', 'python']
[0.855s] Level 1:colcon.colcon_core.package_identification:_identify(imageset/Tennisball_seg_600.v2-tennisball-seg-dataset-607-v02.yolov11/test) by extension 'cmake'
[0.858s] Level 1:colcon.colcon_core.package_identification:_identify(imageset/Tennisball_seg_600.v2-tennisball-seg-dataset-607-v02.yolov11/test) by extension 'python'
[0.860s] Level 1:colcon.colcon_core.package_identification:_identify(imageset/Tennisball_seg_600.v2-tennisball-seg-dataset-607-v02.yolov11/test) by extensions ['python_setup_py']
[0.860s] Level 1:colcon.colcon_core.package_identification:_identify(imageset/Tennisball_seg_600.v2-tennisball-seg-dataset-607-v02.yolov11/test) by extension 'python_setup_py'
[0.870s] Level 1:colcon.colcon_core.package_identification:_identify(imageset/Tennisball_seg_600.v2-tennisball-seg-dataset-607-v02.yolov11/test/images) by extensions ['ignore', 'ignore_ament_install']
[0.871s] Level 1:colcon.colcon_core.package_identification:_identify(imageset/Tennisball_seg_600.v2-tennisball-seg-dataset-607-v02.yolov11/test/images) by extension 'ignore'
[0.873s] Level 1:colcon.colcon_core.package_identification:_identify(imageset/Tennisball_seg_600.v2-tennisball-seg-dataset-607-v02.yolov11/test/images) by extension 'ignore_ament_install'
[0.879s] Level 1:colcon.colcon_core.package_identification:_identify(imageset/Tennisball_seg_600.v2-tennisball-seg-dataset-607-v02.yolov11/test/images) by extensions ['colcon_pkg']
[0.880s] Level 1:colcon.colcon_core.package_identification:_identify(imageset/Tennisball_seg_600.v2-tennisball-seg-dataset-607-v02.yolov11/test/images) by extension 'colcon_pkg'
[0.883s] Level 1:colcon.colcon_core.package_identification:_identify(imageset/Tennisball_seg_600.v2-tennisball-seg-dataset-607-v02.yolov11/test/images) by extensions ['colcon_meta']
[0.884s] Level 1:colcon.colcon_core.package_identification:_identify(imageset/Tennisball_seg_600.v2-tennisball-seg-dataset-607-v02.yolov11/test/images) by extension 'colcon_meta'
[0.889s] Level 1:colcon.colcon_core.package_identification:_identify(imageset/Tennisball_seg_600.v2-tennisball-seg-dataset-607-v02.yolov11/test/images) by extensions ['ros']
[0.890s] Level 1:colcon.colcon_core.package_identification:_identify(imageset/Tennisball_seg_600.v2-tennisball-seg-dataset-607-v02.yolov11/test/images) by extension 'ros'
[0.901s] Level 1:colcon.colcon_core.package_identification:_identify(imageset/Tennisball_seg_600.v2-tennisball-seg-dataset-607-v02.yolov11/test/images) by extensions ['cmake', 'python']
[0.902s] Level 1:colcon.colcon_core.package_identification:_identify(imageset/Tennisball_seg_600.v2-tennisball-seg-dataset-607-v02.yolov11/test/images) by extension 'cmake'
[0.904s] Level 1:colcon.colcon_core.package_identification:_identify(imageset/Tennisball_seg_600.v2-tennisball-seg-dataset-607-v02.yolov11/test/images) by extension 'python'
[0.906s] Level 1:colcon.colcon_core.package_identification:_identify(imageset/Tennisball_seg_600.v2-tennisball-seg-dataset-607-v02.yolov11/test/images) by extensions ['python_setup_py']
[0.906s] Level 1:colcon.colcon_core.package_identification:_identify(imageset/Tennisball_seg_600.v2-tennisball-seg-dataset-607-v02.yolov11/test/images) by extension 'python_setup_py'
[0.914s] Level 1:colcon.colcon_core.package_identification:_identify(imageset/Tennisball_seg_600.v2-tennisball-seg-dataset-607-v02.yolov11/test/labels) by extensions ['ignore', 'ignore_ament_install']
[0.914s] Level 1:colcon.colcon_core.package_identification:_identify(imageset/Tennisball_seg_600.v2-tennisball-seg-dataset-607-v02.yolov11/test/labels) by extension 'ignore'
[0.916s] Level 1:colcon.colcon_core.package_identification:_identify(imageset/Tennisball_seg_600.v2-tennisball-seg-dataset-607-v02.yolov11/test/labels) by extension 'ignore_ament_install'
[0.922s] Level 1:colcon.colcon_core.package_identification:_identify(imageset/Tennisball_seg_600.v2-tennisball-seg-dataset-607-v02.yolov11/test/labels) by extensions ['colcon_pkg']
[0.923s] Level 1:colcon.colcon_core.package_identification:_identify(imageset/Tennisball_seg_600.v2-tennisball-seg-dataset-607-v02.yolov11/test/labels) by extension 'colcon_pkg'
[0.926s] Level 1:colcon.colcon_core.package_identification:_identify(imageset/Tennisball_seg_600.v2-tennisball-seg-dataset-607-v02.yolov11/test/labels) by extensions ['colcon_meta']
[0.926s] Level 1:colcon.colcon_core.package_identification:_identify(imageset/Tennisball_seg_600.v2-tennisball-seg-dataset-607-v02.yolov11/test/labels) by extension 'colcon_meta'
[0.932s] Level 1:colcon.colcon_core.package_identification:_identify(imageset/Tennisball_seg_600.v2-tennisball-seg-dataset-607-v02.yolov11/test/labels) by extensions ['ros']
[0.932s] Level 1:colcon.colcon_core.package_identification:_identify(imageset/Tennisball_seg_600.v2-tennisball-seg-dataset-607-v02.yolov11/test/labels) by extension 'ros'
[0.943s] Level 1:colcon.colcon_core.package_identification:_identify(imageset/Tennisball_seg_600.v2-tennisball-seg-dataset-607-v02.yolov11/test/labels) by extensions ['cmake', 'python']
[0.943s] Level 1:colcon.colcon_core.package_identification:_identify(imageset/Tennisball_seg_600.v2-tennisball-seg-dataset-607-v02.yolov11/test/labels) by extension 'cmake'
[0.946s] Level 1:colcon.colcon_core.package_identification:_identify(imageset/Tennisball_seg_600.v2-tennisball-seg-dataset-607-v02.yolov11/test/labels) by extension 'python'
[0.949s] Level 1:colcon.colcon_core.package_identification:_identify(imageset/Tennisball_seg_600.v2-tennisball-seg-dataset-607-v02.yolov11/test/labels) by extensions ['python_setup_py']
[0.949s] Level 1:colcon.colcon_core.package_identification:_identify(imageset/Tennisball_seg_600.v2-tennisball-seg-dataset-607-v02.yolov11/test/labels) by extension 'python_setup_py'
[0.957s] Level 1:colcon.colcon_core.package_identification:_identify(imageset/Tennisball_seg_600.v2-tennisball-seg-dataset-607-v02.yolov11/train) by extensions ['ignore', 'ignore_ament_install']
[0.957s] Level 1:colcon.colcon_core.package_identification:_identify(imageset/Tennisball_seg_600.v2-tennisball-seg-dataset-607-v02.yolov11/train) by extension 'ignore'
[0.959s] Level 1:colcon.colcon_core.package_identification:_identify(imageset/Tennisball_seg_600.v2-tennisball-seg-dataset-607-v02.yolov11/train) by extension 'ignore_ament_install'
[0.961s] Level 1:colcon.colcon_core.package_identification:_identify(imageset/Tennisball_seg_600.v2-tennisball-seg-dataset-607-v02.yolov11/train) by extensions ['colcon_pkg']
[0.961s] Level 1:colcon.colcon_core.package_identification:_identify(imageset/Tennisball_seg_600.v2-tennisball-seg-dataset-607-v02.yolov11/train) by extension 'colcon_pkg'
[0.962s] Level 1:colcon.colcon_core.package_identification:_identify(imageset/Tennisball_seg_600.v2-tennisball-seg-dataset-607-v02.yolov11/train) by extensions ['colcon_meta']
[0.963s] Level 1:colcon.colcon_core.package_identification:_identify(imageset/Tennisball_seg_600.v2-tennisball-seg-dataset-607-v02.yolov11/train) by extension 'colcon_meta'
[0.965s] Level 1:colcon.colcon_core.package_identification:_identify(imageset/Tennisball_seg_600.v2-tennisball-seg-dataset-607-v02.yolov11/train) by extensions ['ros']
[0.965s] Level 1:colcon.colcon_core.package_identification:_identify(imageset/Tennisball_seg_600.v2-tennisball-seg-dataset-607-v02.yolov11/train) by extension 'ros'
[0.972s] Level 1:colcon.colcon_core.package_identification:_identify(imageset/Tennisball_seg_600.v2-tennisball-seg-dataset-607-v02.yolov11/train) by extensions ['cmake', 'python']
[0.972s] Level 1:colcon.colcon_core.package_identification:_identify(imageset/Tennisball_seg_600.v2-tennisball-seg-dataset-607-v02.yolov11/train) by extension 'cmake'
[0.973s] Level 1:colcon.colcon_core.package_identification:_identify(imageset/Tennisball_seg_600.v2-tennisball-seg-dataset-607-v02.yolov11/train) by extension 'python'
[0.974s] Level 1:colcon.colcon_core.package_identification:_identify(imageset/Tennisball_seg_600.v2-tennisball-seg-dataset-607-v02.yolov11/train) by extensions ['python_setup_py']
[0.974s] Level 1:colcon.colcon_core.package_identification:_identify(imageset/Tennisball_seg_600.v2-tennisball-seg-dataset-607-v02.yolov11/train) by extension 'python_setup_py'
[0.990s] Level 1:colcon.colcon_core.package_identification:_identify(imageset/Tennisball_seg_600.v2-tennisball-seg-dataset-607-v02.yolov11/train/images) by extensions ['ignore', 'ignore_ament_install']
[0.990s] Level 1:colcon.colcon_core.package_identification:_identify(imageset/Tennisball_seg_600.v2-tennisball-seg-dataset-607-v02.yolov11/train/images) by extension 'ignore'
[0.991s] Level 1:colcon.colcon_core.package_identification:_identify(imageset/Tennisball_seg_600.v2-tennisball-seg-dataset-607-v02.yolov11/train/images) by extension 'ignore_ament_install'
[0.994s] Level 1:colcon.colcon_core.package_identification:_identify(imageset/Tennisball_seg_600.v2-tennisball-seg-dataset-607-v02.yolov11/train/images) by extensions ['colcon_pkg']
[0.994s] Level 1:colcon.colcon_core.package_identification:_identify(imageset/Tennisball_seg_600.v2-tennisball-seg-dataset-607-v02.yolov11/train/images) by extension 'colcon_pkg'
[0.996s] Level 1:colcon.colcon_core.package_identification:_identify(imageset/Tennisball_seg_600.v2-tennisball-seg-dataset-607-v02.yolov11/train/images) by extensions ['colcon_meta']
[0.996s] Level 1:colcon.colcon_core.package_identification:_identify(imageset/Tennisball_seg_600.v2-tennisball-seg-dataset-607-v02.yolov11/train/images) by extension 'colcon_meta'
[0.999s] Level 1:colcon.colcon_core.package_identification:_identify(imageset/Tennisball_seg_600.v2-tennisball-seg-dataset-607-v02.yolov11/train/images) by extensions ['ros']
[0.999s] Level 1:colcon.colcon_core.package_identification:_identify(imageset/Tennisball_seg_600.v2-tennisball-seg-dataset-607-v02.yolov11/train/images) by extension 'ros'
[1.007s] Level 1:colcon.colcon_core.package_identification:_identify(imageset/Tennisball_seg_600.v2-tennisball-seg-dataset-607-v02.yolov11/train/images) by extensions ['cmake', 'python']
[1.007s] Level 1:colcon.colcon_core.package_identification:_identify(imageset/Tennisball_seg_600.v2-tennisball-seg-dataset-607-v02.yolov11/train/images) by extension 'cmake'
[1.008s] Level 1:colcon.colcon_core.package_identification:_identify(imageset/Tennisball_seg_600.v2-tennisball-seg-dataset-607-v02.yolov11/train/images) by extension 'python'
[1.010s] Level 1:colcon.colcon_core.package_identification:_identify(imageset/Tennisball_seg_600.v2-tennisball-seg-dataset-607-v02.yolov11/train/images) by extensions ['python_setup_py']
[1.010s] Level 1:colcon.colcon_core.package_identification:_identify(imageset/Tennisball_seg_600.v2-tennisball-seg-dataset-607-v02.yolov11/train/images) by extension 'python_setup_py'
[1.024s] Level 1:colcon.colcon_core.package_identification:_identify(imageset/Tennisball_seg_600.v2-tennisball-seg-dataset-607-v02.yolov11/train/labels) by extensions ['ignore', 'ignore_ament_install']
[1.025s] Level 1:colcon.colcon_core.package_identification:_identify(imageset/Tennisball_seg_600.v2-tennisball-seg-dataset-607-v02.yolov11/train/labels) by extension 'ignore'
[1.026s] Level 1:colcon.colcon_core.package_identification:_identify(imageset/Tennisball_seg_600.v2-tennisball-seg-dataset-607-v02.yolov11/train/labels) by extension 'ignore_ament_install'
[1.029s] Level 1:colcon.colcon_core.package_identification:_identify(imageset/Tennisball_seg_600.v2-tennisball-seg-dataset-607-v02.yolov11/train/labels) by extensions ['colcon_pkg']
[1.029s] Level 1:colcon.colcon_core.package_identification:_identify(imageset/Tennisball_seg_600.v2-tennisball-seg-dataset-607-v02.yolov11/train/labels) by extension 'colcon_pkg'
[1.031s] Level 1:colcon.colcon_core.package_identification:_identify(imageset/Tennisball_seg_600.v2-tennisball-seg-dataset-607-v02.yolov11/train/labels) by extensions ['colcon_meta']
[1.031s] Level 1:colcon.colcon_core.package_identification:_identify(imageset/Tennisball_seg_600.v2-tennisball-seg-dataset-607-v02.yolov11/train/labels) by extension 'colcon_meta'
[1.037s] Level 1:colcon.colcon_core.package_identification:_identify(imageset/Tennisball_seg_600.v2-tennisball-seg-dataset-607-v02.yolov11/train/labels) by extensions ['ros']
[1.037s] Level 1:colcon.colcon_core.package_identification:_identify(imageset/Tennisball_seg_600.v2-tennisball-seg-dataset-607-v02.yolov11/train/labels) by extension 'ros'
[1.046s] Level 1:colcon.colcon_core.package_identification:_identify(imageset/Tennisball_seg_600.v2-tennisball-seg-dataset-607-v02.yolov11/train/labels) by extensions ['cmake', 'python']
[1.046s] Level 1:colcon.colcon_core.package_identification:_identify(imageset/Tennisball_seg_600.v2-tennisball-seg-dataset-607-v02.yolov11/train/labels) by extension 'cmake'
[1.048s] Level 1:colcon.colcon_core.package_identification:_identify(imageset/Tennisball_seg_600.v2-tennisball-seg-dataset-607-v02.yolov11/train/labels) by extension 'python'
[1.050s] Level 1:colcon.colcon_core.package_identification:_identify(imageset/Tennisball_seg_600.v2-tennisball-seg-dataset-607-v02.yolov11/train/labels) by extensions ['python_setup_py']
[1.050s] Level 1:colcon.colcon_core.package_identification:_identify(imageset/Tennisball_seg_600.v2-tennisball-seg-dataset-607-v02.yolov11/train/labels) by extension 'python_setup_py'
[1.060s] Level 1:colcon.colcon_core.package_identification:_identify(imageset/Tennisball_seg_600.v2-tennisball-seg-dataset-607-v02.yolov11/valid) by extensions ['ignore', 'ignore_ament_install']
[1.060s] Level 1:colcon.colcon_core.package_identification:_identify(imageset/Tennisball_seg_600.v2-tennisball-seg-dataset-607-v02.yolov11/valid) by extension 'ignore'
[1.061s] Level 1:colcon.colcon_core.package_identification:_identify(imageset/Tennisball_seg_600.v2-tennisball-seg-dataset-607-v02.yolov11/valid) by extension 'ignore_ament_install'
[1.064s] Level 1:colcon.colcon_core.package_identification:_identify(imageset/Tennisball_seg_600.v2-tennisball-seg-dataset-607-v02.yolov11/valid) by extensions ['colcon_pkg']
[1.064s] Level 1:colcon.colcon_core.package_identification:_identify(imageset/Tennisball_seg_600.v2-tennisball-seg-dataset-607-v02.yolov11/valid) by extension 'colcon_pkg'
[1.065s] Level 1:colcon.colcon_core.package_identification:_identify(imageset/Tennisball_seg_600.v2-tennisball-seg-dataset-607-v02.yolov11/valid) by extensions ['colcon_meta']
[1.065s] Level 1:colcon.colcon_core.package_identification:_identify(imageset/Tennisball_seg_600.v2-tennisball-seg-dataset-607-v02.yolov11/valid) by extension 'colcon_meta'
[1.068s] Level 1:colcon.colcon_core.package_identification:_identify(imageset/Tennisball_seg_600.v2-tennisball-seg-dataset-607-v02.yolov11/valid) by extensions ['ros']
[1.068s] Level 1:colcon.colcon_core.package_identification:_identify(imageset/Tennisball_seg_600.v2-tennisball-seg-dataset-607-v02.yolov11/valid) by extension 'ros'
[1.075s] Level 1:colcon.colcon_core.package_identification:_identify(imageset/Tennisball_seg_600.v2-tennisball-seg-dataset-607-v02.yolov11/valid) by extensions ['cmake', 'python']
[1.075s] Level 1:colcon.colcon_core.package_identification:_identify(imageset/Tennisball_seg_600.v2-tennisball-seg-dataset-607-v02.yolov11/valid) by extension 'cmake'
[1.079s] Level 1:colcon.colcon_core.package_identification:_identify(imageset/Tennisball_seg_600.v2-tennisball-seg-dataset-607-v02.yolov11/valid) by extension 'python'
[1.082s] Level 1:colcon.colcon_core.package_identification:_identify(imageset/Tennisball_seg_600.v2-tennisball-seg-dataset-607-v02.yolov11/valid) by extensions ['python_setup_py']
[1.083s] Level 1:colcon.colcon_core.package_identification:_identify(imageset/Tennisball_seg_600.v2-tennisball-seg-dataset-607-v02.yolov11/valid) by extension 'python_setup_py'
[1.094s] Level 1:colcon.colcon_core.package_identification:_identify(imageset/Tennisball_seg_600.v2-tennisball-seg-dataset-607-v02.yolov11/valid/images) by extensions ['ignore', 'ignore_ament_install']
[1.094s] Level 1:colcon.colcon_core.package_identification:_identify(imageset/Tennisball_seg_600.v2-tennisball-seg-dataset-607-v02.yolov11/valid/images) by extension 'ignore'
[1.096s] Level 1:colcon.colcon_core.package_identification:_identify(imageset/Tennisball_seg_600.v2-tennisball-seg-dataset-607-v02.yolov11/valid/images) by extension 'ignore_ament_install'
[1.099s] Level 1:colcon.colcon_core.package_identification:_identify(imageset/Tennisball_seg_600.v2-tennisball-seg-dataset-607-v02.yolov11/valid/images) by extensions ['colcon_pkg']
[1.100s] Level 1:colcon.colcon_core.package_identification:_identify(imageset/Tennisball_seg_600.v2-tennisball-seg-dataset-607-v02.yolov11/valid/images) by extension 'colcon_pkg'
[1.102s] Level 1:colcon.colcon_core.package_identification:_identify(imageset/Tennisball_seg_600.v2-tennisball-seg-dataset-607-v02.yolov11/valid/images) by extensions ['colcon_meta']
[1.102s] Level 1:colcon.colcon_core.package_identification:_identify(imageset/Tennisball_seg_600.v2-tennisball-seg-dataset-607-v02.yolov11/valid/images) by extension 'colcon_meta'
[1.107s] Level 1:colcon.colcon_core.package_identification:_identify(imageset/Tennisball_seg_600.v2-tennisball-seg-dataset-607-v02.yolov11/valid/images) by extensions ['ros']
[1.107s] Level 1:colcon.colcon_core.package_identification:_identify(imageset/Tennisball_seg_600.v2-tennisball-seg-dataset-607-v02.yolov11/valid/images) by extension 'ros'
[1.114s] Level 1:colcon.colcon_core.package_identification:_identify(imageset/Tennisball_seg_600.v2-tennisball-seg-dataset-607-v02.yolov11/valid/images) by extensions ['cmake', 'python']
[1.114s] Level 1:colcon.colcon_core.package_identification:_identify(imageset/Tennisball_seg_600.v2-tennisball-seg-dataset-607-v02.yolov11/valid/images) by extension 'cmake'
[1.116s] Level 1:colcon.colcon_core.package_identification:_identify(imageset/Tennisball_seg_600.v2-tennisball-seg-dataset-607-v02.yolov11/valid/images) by extension 'python'
[1.118s] Level 1:colcon.colcon_core.package_identification:_identify(imageset/Tennisball_seg_600.v2-tennisball-seg-dataset-607-v02.yolov11/valid/images) by extensions ['python_setup_py']
[1.118s] Level 1:colcon.colcon_core.package_identification:_identify(imageset/Tennisball_seg_600.v2-tennisball-seg-dataset-607-v02.yolov11/valid/images) by extension 'python_setup_py'
[1.127s] Level 1:colcon.colcon_core.package_identification:_identify(imageset/Tennisball_seg_600.v2-tennisball-seg-dataset-607-v02.yolov11/valid/labels) by extensions ['ignore', 'ignore_ament_install']
[1.127s] Level 1:colcon.colcon_core.package_identification:_identify(imageset/Tennisball_seg_600.v2-tennisball-seg-dataset-607-v02.yolov11/valid/labels) by extension 'ignore'
[1.129s] Level 1:colcon.colcon_core.package_identification:_identify(imageset/Tennisball_seg_600.v2-tennisball-seg-dataset-607-v02.yolov11/valid/labels) by extension 'ignore_ament_install'
[1.131s] Level 1:colcon.colcon_core.package_identification:_identify(imageset/Tennisball_seg_600.v2-tennisball-seg-dataset-607-v02.yolov11/valid/labels) by extensions ['colcon_pkg']
[1.131s] Level 1:colcon.colcon_core.package_identification:_identify(imageset/Tennisball_seg_600.v2-tennisball-seg-dataset-607-v02.yolov11/valid/labels) by extension 'colcon_pkg'
[1.133s] Level 1:colcon.colcon_core.package_identification:_identify(imageset/Tennisball_seg_600.v2-tennisball-seg-dataset-607-v02.yolov11/valid/labels) by extensions ['colcon_meta']
[1.133s] Level 1:colcon.colcon_core.package_identification:_identify(imageset/Tennisball_seg_600.v2-tennisball-seg-dataset-607-v02.yolov11/valid/labels) by extension 'colcon_meta'
[1.138s] Level 1:colcon.colcon_core.package_identification:_identify(imageset/Tennisball_seg_600.v2-tennisball-seg-dataset-607-v02.yolov11/valid/labels) by extensions ['ros']
[1.138s] Level 1:colcon.colcon_core.package_identification:_identify(imageset/Tennisball_seg_600.v2-tennisball-seg-dataset-607-v02.yolov11/valid/labels) by extension 'ros'
[1.145s] Level 1:colcon.colcon_core.package_identification:_identify(imageset/Tennisball_seg_600.v2-tennisball-seg-dataset-607-v02.yolov11/valid/labels) by extensions ['cmake', 'python']
[1.146s] Level 1:colcon.colcon_core.package_identification:_identify(imageset/Tennisball_seg_600.v2-tennisball-seg-dataset-607-v02.yolov11/valid/labels) by extension 'cmake'
[1.147s] Level 1:colcon.colcon_core.package_identification:_identify(imageset/Tennisball_seg_600.v2-tennisball-seg-dataset-607-v02.yolov11/valid/labels) by extension 'python'
[1.149s] Level 1:colcon.colcon_core.package_identification:_identify(imageset/Tennisball_seg_600.v2-tennisball-seg-dataset-607-v02.yolov11/valid/labels) by extensions ['python_setup_py']
[1.149s] Level 1:colcon.colcon_core.package_identification:_identify(imageset/Tennisball_seg_600.v2-tennisball-seg-dataset-607-v02.yolov11/valid/labels) by extension 'python_setup_py'
[1.153s] Level 1:colcon.colcon_core.package_identification:_identify(install) by extensions ['ignore', 'ignore_ament_install']
[1.154s] Level 1:colcon.colcon_core.package_identification:_identify(install) by extension 'ignore'
[1.155s] Level 1:colcon.colcon_core.package_identification:_identify(install) ignored
[1.157s] Level 1:colcon.colcon_core.package_identification:_identify(legacy) by extensions ['ignore', 'ignore_ament_install']
[1.157s] Level 1:colcon.colcon_core.package_identification:_identify(legacy) by extension 'ignore'
[1.158s] Level 1:colcon.colcon_core.package_identification:_identify(legacy) by extension 'ignore_ament_install'
[1.159s] Level 1:colcon.colcon_core.package_identification:_identify(legacy) by extensions ['colcon_pkg']
[1.159s] Level 1:colcon.colcon_core.package_identification:_identify(legacy) by extension 'colcon_pkg'
[1.160s] Level 1:colcon.colcon_core.package_identification:_identify(legacy) by extensions ['colcon_meta']
[1.160s] Level 1:colcon.colcon_core.package_identification:_identify(legacy) by extension 'colcon_meta'
[1.161s] Level 1:colcon.colcon_core.package_identification:_identify(legacy) by extensions ['ros']
[1.161s] Level 1:colcon.colcon_core.package_identification:_identify(legacy) by extension 'ros'
[1.163s] Level 1:colcon.colcon_core.package_identification:_identify(legacy) by extensions ['cmake', 'python']
[1.163s] Level 1:colcon.colcon_core.package_identification:_identify(legacy) by extension 'cmake'
[1.164s] Level 1:colcon.colcon_core.package_identification:_identify(legacy) by extension 'python'
[1.165s] Level 1:colcon.colcon_core.package_identification:_identify(legacy) by extensions ['python_setup_py']
[1.165s] Level 1:colcon.colcon_core.package_identification:_identify(legacy) by extension 'python_setup_py'
[1.170s] Level 1:colcon.colcon_core.package_identification:_identify(log) by extensions ['ignore', 'ignore_ament_install']
[1.170s] Level 1:colcon.colcon_core.package_identification:_identify(log) by extension 'ignore'
[1.171s] Level 1:colcon.colcon_core.package_identification:_identify(log) ignored
[1.173s] Level 1:colcon.colcon_core.package_identification:_identify(models) by extensions ['ignore', 'ignore_ament_install']
[1.173s] Level 1:colcon.colcon_core.package_identification:_identify(models) by extension 'ignore'
[1.174s] Level 1:colcon.colcon_core.package_identification:_identify(models) by extension 'ignore_ament_install'
[1.175s] Level 1:colcon.colcon_core.package_identification:_identify(models) by extensions ['colcon_pkg']
[1.175s] Level 1:colcon.colcon_core.package_identification:_identify(models) by extension 'colcon_pkg'
[1.176s] Level 1:colcon.colcon_core.package_identification:_identify(models) by extensions ['colcon_meta']
[1.176s] Level 1:colcon.colcon_core.package_identification:_identify(models) by extension 'colcon_meta'
[1.177s] Level 1:colcon.colcon_core.package_identification:_identify(models) by extensions ['ros']
[1.177s] Level 1:colcon.colcon_core.package_identification:_identify(models) by extension 'ros'
[1.180s] Level 1:colcon.colcon_core.package_identification:_identify(models) by extensions ['cmake', 'python']
[1.180s] Level 1:colcon.colcon_core.package_identification:_identify(models) by extension 'cmake'
[1.180s] Level 1:colcon.colcon_core.package_identification:_identify(models) by extension 'python'
[1.181s] Level 1:colcon.colcon_core.package_identification:_identify(models) by extensions ['python_setup_py']
[1.181s] Level 1:colcon.colcon_core.package_identification:_identify(models) by extension 'python_setup_py'
[1.185s] Level 1:colcon.colcon_core.package_identification:_identify(ros2_detection) by extensions ['ignore', 'ignore_ament_install']
[1.185s] Level 1:colcon.colcon_core.package_identification:_identify(ros2_detection) by extension 'ignore'
[1.186s] Level 1:colcon.colcon_core.package_identification:_identify(ros2_detection) by extension 'ignore_ament_install'
[1.187s] Level 1:colcon.colcon_core.package_identification:_identify(ros2_detection) by extensions ['colcon_pkg']
[1.187s] Level 1:colcon.colcon_core.package_identification:_identify(ros2_detection) by extension 'colcon_pkg'
[1.188s] Level 1:colcon.colcon_core.package_identification:_identify(ros2_detection) by extensions ['colcon_meta']
[1.188s] Level 1:colcon.colcon_core.package_identification:_identify(ros2_detection) by extension 'colcon_meta'
[1.189s] Level 1:colcon.colcon_core.package_identification:_identify(ros2_detection) by extensions ['ros']
[1.189s] Level 1:colcon.colcon_core.package_identification:_identify(ros2_detection) by extension 'ros'
[1.198s] DEBUG:colcon.colcon_core.package_identification:Package 'ros2_detection' with type 'ros.ament_python' and name 'ros2_detection'
[1.198s] Level 1:colcon.colcon_core.package_discovery:discover_packages(recursive) using defaults
[1.198s] Level 1:colcon.colcon_core.package_discovery:discover_packages(ignore) discover
[1.198s] Level 1:colcon.colcon_core.package_discovery:discover_packages(ignore) using defaults
[1.199s] Level 1:colcon.colcon_core.package_discovery:discover_packages(path) discover
[1.199s] Level 1:colcon.colcon_core.package_discovery:discover_packages(path) using defaults
[1.227s] Level 5:colcon.colcon_core.verb:set package 'ros2_detection' build argument 'cmake_args' from command line to 'None'
[1.227s] Level 5:colcon.colcon_core.verb:set package 'ros2_detection' build argument 'cmake_target' from command line to 'None'
[1.227s] Level 5:colcon.colcon_core.verb:set package 'ros2_detection' build argument 'cmake_target_skip_unavailable' from command line to 'False'
[1.228s] Level 5:colcon.colcon_core.verb:set package 'ros2_detection' build argument 'cmake_clean_cache' from command line to 'False'
[1.228s] Level 5:colcon.colcon_core.verb:set package 'ros2_detection' build argument 'cmake_clean_first' from command line to 'False'
[1.228s] Level 5:colcon.colcon_core.verb:set package 'ros2_detection' build argument 'cmake_force_configure' from command line to 'False'
[1.228s] Level 5:colcon.colcon_core.verb:set package 'ros2_detection' build argument 'ament_cmake_args' from command line to 'None'
[1.228s] Level 5:colcon.colcon_core.verb:set package 'ros2_detection' build argument 'catkin_cmake_args' from command line to 'None'
[1.229s] Level 5:colcon.colcon_core.verb:set package 'ros2_detection' build argument 'catkin_skip_building_tests' from command line to 'False'
[1.229s] DEBUG:colcon.colcon_core.verb:Building package 'ros2_detection' with the following arguments: {'ament_cmake_args': None, 'build_base': '/workspace/build/ros2_detection', 'catkin_cmake_args': None, 'catkin_skip_building_tests': False, 'cmake_args': None, 'cmake_clean_cache': False, 'cmake_clean_first': False, 'cmake_force_configure': False, 'cmake_target': None, 'cmake_target_skip_unavailable': False, 'install_base': '/workspace/install/ros2_detection', 'merge_install': False, 'path': '/workspace/ros2_detection', 'symlink_install': False, 'test_result_base': None}
[1.229s] INFO:colcon.colcon_core.executor:Executing jobs using 'parallel' executor
[1.230s] DEBUG:colcon.colcon_parallel_executor.executor.parallel:run_until_complete
[1.230s] INFO:colcon.colcon_ros.task.ament_python.build:Building ROS package in '/workspace/ros2_detection' with build type 'ament_python'
[1.230s] Level 1:colcon.colcon_core.shell:create_environment_hook('ros2_detection', 'ament_prefix_path')
[1.234s] INFO:colcon.colcon_core.plugin_system:Skipping extension 'colcon_core.shell.bat': Not used on non-Windows systems
[1.235s] INFO:colcon.colcon_core.shell:Creating environment hook '/workspace/install/ros2_detection/share/ros2_detection/hook/ament_prefix_path.ps1'
[1.249s] INFO:colcon.colcon_core.shell:Creating environment descriptor '/workspace/install/ros2_detection/share/ros2_detection/hook/ament_prefix_path.dsv'
[1.264s] INFO:colcon.colcon_core.shell:Creating environment hook '/workspace/install/ros2_detection/share/ros2_detection/hook/ament_prefix_path.sh'
[1.278s] INFO:colcon.colcon_core.shell:Skip shell extension 'powershell' for command environment: Not usable outside of PowerShell
[1.278s] DEBUG:colcon.colcon_core.shell:Skip shell extension 'dsv' for command environment
[1.486s] INFO:colcon.colcon_core.task.python.build:Building Python package in '/workspace/ros2_detection'
[1.487s] INFO:colcon.colcon_core.shell:Skip shell extension 'powershell' for command environment: Not usable outside of PowerShell
[1.487s] DEBUG:colcon.colcon_core.shell:Skip shell extension 'dsv' for command environment
[2.414s] DEBUG:colcon.colcon_core.event_handler.log_command:Invoking command in '/workspace/ros2_detection': PYTHONPATH=/workspace/build/ros2_detection/prefix_override:/usr/lib/python3/dist-packages/colcon_core/task/python/colcon_distutils_commands:/workspace/install/ros2_detection/lib/python3.10/site-packages:${PYTHONPATH} /usr/bin/python3 -W ignore:setup.py install is deprecated -W ignore:easy_install command is deprecated setup.py egg_info --egg-base ../build/ros2_detection build --build-base /workspace/build/ros2_detection/build install --record /workspace/build/ros2_detection/install.log --single-version-externally-managed install_data
[4.016s] DEBUG:colcon.colcon_core.event_handler.log_command:Invoked command in '/workspace/ros2_detection' returned '0': PYTHONPATH=/workspace/build/ros2_detection/prefix_override:/usr/lib/python3/dist-packages/colcon_core/task/python/colcon_distutils_commands:/workspace/install/ros2_detection/lib/python3.10/site-packages:${PYTHONPATH} /usr/bin/python3 -W ignore:setup.py install is deprecated -W ignore:easy_install command is deprecated setup.py egg_info --egg-base ../build/ros2_detection build --build-base /workspace/build/ros2_detection/build install --record /workspace/build/ros2_detection/install.log --single-version-externally-managed install_data
[4.020s] Level 1:colcon.colcon_core.environment:checking '/workspace/install/ros2_detection' for CMake module files
[4.063s] Level 1:colcon.colcon_core.environment:checking '/workspace/install/ros2_detection' for CMake config files
[4.142s] Level 1:colcon.colcon_core.environment:checking '/workspace/install/ros2_detection/lib'
[4.147s] Level 1:colcon.colcon_core.environment:checking '/workspace/install/ros2_detection/bin'
[4.148s] Level 1:colcon.colcon_core.environment:checking '/workspace/install/ros2_detection/lib/pkgconfig/ros2_detection.pc'
[4.150s] Level 1:colcon.colcon_core.environment:checking '/workspace/install/ros2_detection/lib/python3.10/site-packages'
[4.152s] Level 1:colcon.colcon_core.shell:create_environment_hook('ros2_detection', 'pythonpath')
[4.152s] INFO:colcon.colcon_core.shell:Creating environment hook '/workspace/install/ros2_detection/share/ros2_detection/hook/pythonpath.ps1'
[4.169s] INFO:colcon.colcon_core.shell:Creating environment descriptor '/workspace/install/ros2_detection/share/ros2_detection/hook/pythonpath.dsv'
[4.186s] INFO:colcon.colcon_core.shell:Creating environment hook '/workspace/install/ros2_detection/share/ros2_detection/hook/pythonpath.sh'
[4.197s] Level 1:colcon.colcon_core.environment:checking '/workspace/install/ros2_detection/bin'
[4.198s] Level 1:colcon.colcon_core.environment:create_environment_scripts_only(ros2_detection)
[4.198s] INFO:colcon.colcon_core.shell:Creating package script '/workspace/install/ros2_detection/share/ros2_detection/package.ps1'
[4.209s] INFO:colcon.colcon_core.shell:Creating package descriptor '/workspace/install/ros2_detection/share/ros2_detection/package.dsv'
[4.220s] INFO:colcon.colcon_core.shell:Creating package script '/workspace/install/ros2_detection/share/ros2_detection/package.sh'
[4.231s] INFO:colcon.colcon_core.shell:Creating package script '/workspace/install/ros2_detection/share/ros2_detection/package.bash'
[4.242s] INFO:colcon.colcon_core.shell:Creating package script '/workspace/install/ros2_detection/share/ros2_detection/package.zsh'
[4.251s] Level 1:colcon.colcon_core.environment:create_file_with_runtime_dependencies(/workspace/install/ros2_detection/share/colcon-core/packages/ros2_detection)
[4.259s] DEBUG:colcon.colcon_parallel_executor.executor.parallel:closing loop
[4.259s] DEBUG:colcon.colcon_parallel_executor.executor.parallel:loop closed
[4.260s] DEBUG:colcon.colcon_parallel_executor.executor.parallel:run_until_complete finished with '0'
[4.260s] DEBUG:colcon.colcon_core.event_reactor:joining thread
[4.284s] INFO:colcon.colcon_core.plugin_system:Skipping extension 'colcon_notification.desktop_notification.notify_send': Could not find 'notify-send'
[4.284s] INFO:colcon.colcon_core.plugin_system:Skipping extension 'colcon_notification.desktop_notification.terminal_notifier': Not used on non-Darwin systems
[4.285s] INFO:colcon.colcon_core.plugin_system:Skipping extension 'colcon_notification.desktop_notification.win32': Not used on non-Windows systems
[4.285s] INFO:colcon.colcon_notification.desktop_notification:Sending desktop notification using 'notify2'
[4.286s] DEBUG:colcon.colcon_notification.desktop_notification.notify2:Failed to initialize notify2: org.freedesktop.DBus.Error.InvalidFileContent: D-Bus library appears to be incorrectly set up: see the manual page for dbus-uuidgen to correct this issue. (Failed to open "/var/lib/dbus/machine-id": No such file or directory; UUID file '/etc/machine-id' should contain a hex string of length 32, not length 0, with no other text)
[4.286s] DEBUG:colcon.colcon_core.event_reactor:joined thread
[4.287s] INFO:colcon.colcon_core.shell:Creating prefix script '/workspace/install/local_setup.ps1'
[4.294s] INFO:colcon.colcon_core.shell:Creating prefix util module '/workspace/install/_local_setup_util_ps1.py'
[4.298s] INFO:colcon.colcon_core.shell:Creating prefix chain script '/workspace/install/setup.ps1'
[4.306s] INFO:colcon.colcon_core.shell:Creating prefix script '/workspace/install/local_setup.sh'
[4.313s] INFO:colcon.colcon_core.shell:Creating prefix util module '/workspace/install/_local_setup_util_sh.py'
[4.324s] INFO:colcon.colcon_core.shell:Creating prefix chain script '/workspace/install/setup.sh'
[4.335s] INFO:colcon.colcon_core.shell:Creating prefix script '/workspace/install/local_setup.bash'
[4.346s] INFO:colcon.colcon_core.shell:Creating prefix chain script '/workspace/install/setup.bash'
[4.355s] INFO:colcon.colcon_core.shell:Creating prefix script '/workspace/install/local_setup.zsh'
[4.363s] INFO:colcon.colcon_core.shell:Creating prefix chain script '/workspace/install/setup.zsh'
