[0.123s] DEBUG:colcon:Command line arguments: ['/usr/bin/colcon', 'build', '--packages-select', 'ros2_detection']
[0.123s] DEBUG:colcon:Parsed command line arguments: Namespace(log_base=None, log_level=None, verb_name='build', build_base='build', install_base='install', merge_install=False, symlink_install=False, test_result_base=None, continue_on_error=False, executor='parallel', parallel_workers=16, event_handlers=None, ignore_user_meta=False, metas=['./colcon.meta'], base_paths=['.'], packages_ignore=None, packages_ignore_regex=None, paths=None, packages_up_to=None, packages_up_to_regex=None, packages_above=None, packages_above_and_dependencies=None, packages_above_depth=None, packages_select_by_dep=None, packages_skip_by_dep=None, packages_skip_up_to=None, packages_select_build_failed=False, packages_skip_build_finished=False, packages_select_test_failures=False, packages_skip_test_passed=False, packages_select=['ros2_detection'], packages_skip=None, packages_select_regex=None, packages_skip_regex=None, packages_start=None, packages_end=None, cmake_args=None, cmake_target=None, cmake_target_skip_unavailable=False, cmake_clean_cache=False, cmake_clean_first=False, cmake_force_configure=False, ament_cmake_args=None, catkin_cmake_args=None, catkin_skip_building_tests=False, mixin_files=None, mixin=None, verb_parser=<colcon_mixin.mixin.mixin_argument.MixinArgumentDecorator object at 0x7510e7832e60>, verb_extension=<colcon_core.verb.build.BuildVerb object at 0x7510e78327d0>, main=<bound method BuildVerb.main of <colcon_core.verb.build.BuildVerb object at 0x7510e78327d0>>, mixin_verb=('build',))
[0.247s] Level 1:colcon.colcon_core.package_discovery:discover_packages(colcon_meta) check parameters
[0.247s] INFO:colcon.colcon_metadata.package_discovery.colcon_meta:Using configuration from '/root/.colcon/metadata/default/Gazebo.meta'
[0.248s] INFO:colcon.colcon_metadata.package_discovery.colcon_meta:Using configuration from '/root/.colcon/metadata/default/fastdds.meta'
[0.249s] INFO:colcon.colcon_metadata.package_discovery.colcon_meta:Using configuration from '/root/.colcon/metadata/default/fastrtps.meta'
[0.249s] Level 1:colcon.colcon_core.package_discovery:discover_packages(recursive) check parameters
[0.250s] Level 1:colcon.colcon_core.package_discovery:discover_packages(ignore) check parameters
[0.250s] Level 1:colcon.colcon_core.package_discovery:discover_packages(path) check parameters
[0.250s] Level 1:colcon.colcon_core.package_discovery:discover_packages(colcon_meta) discover
[0.251s] Level 1:colcon.colcon_core.package_discovery:discover_packages(recursive) discover
[0.251s] INFO:colcon.colcon_core.package_discovery:Crawling recursively for packages in '/workspace'
[0.253s] Level 1:colcon.colcon_core.package_identification:_identify(.) by extensions ['ignore', 'ignore_ament_install']
[0.253s] Level 1:colcon.colcon_core.package_identification:_identify(.) by extension 'ignore'
[0.253s] Level 1:colcon.colcon_core.package_identification:_identify(.) by extension 'ignore_ament_install'
[0.254s] Level 1:colcon.colcon_core.package_identification:_identify(.) by extensions ['colcon_pkg']
[0.254s] Level 1:colcon.colcon_core.package_identification:_identify(.) by extension 'colcon_pkg'
[0.255s] Level 1:colcon.colcon_core.package_identification:_identify(.) by extensions ['colcon_meta']
[0.255s] Level 1:colcon.colcon_core.package_identification:_identify(.) by extension 'colcon_meta'
[0.255s] Level 1:colcon.colcon_core.package_identification:_identify(.) by extensions ['ros']
[0.256s] Level 1:colcon.colcon_core.package_identification:_identify(.) by extension 'ros'
[0.291s] Level 1:colcon.colcon_core.package_identification:_identify(.) by extensions ['cmake', 'python']
[0.291s] Level 1:colcon.colcon_core.package_identification:_identify(.) by extension 'cmake'
[0.292s] Level 1:colcon.colcon_core.package_identification:_identify(.) by extension 'python'
[0.293s] Level 1:colcon.colcon_core.package_identification:_identify(.) by extensions ['python_setup_py']
[0.293s] Level 1:colcon.colcon_core.package_identification:_identify(.) by extension 'python_setup_py'
[0.299s] Level 1:colcon.colcon_core.package_identification:_identify(__pycache__) by extensions ['ignore', 'ignore_ament_install']
[0.300s] Level 1:colcon.colcon_core.package_identification:_identify(__pycache__) by extension 'ignore'
[0.301s] Level 1:colcon.colcon_core.package_identification:_identify(__pycache__) by extension 'ignore_ament_install'
[0.303s] Level 1:colcon.colcon_core.package_identification:_identify(__pycache__) by extensions ['colcon_pkg']
[0.303s] Level 1:colcon.colcon_core.package_identification:_identify(__pycache__) by extension 'colcon_pkg'
[0.305s] Level 1:colcon.colcon_core.package_identification:_identify(__pycache__) by extensions ['colcon_meta']
[0.305s] Level 1:colcon.colcon_core.package_identification:_identify(__pycache__) by extension 'colcon_meta'
[0.306s] Level 1:colcon.colcon_core.package_identification:_identify(__pycache__) by extensions ['ros']
[0.306s] Level 1:colcon.colcon_core.package_identification:_identify(__pycache__) by extension 'ros'
[0.309s] Level 1:colcon.colcon_core.package_identification:_identify(__pycache__) by extensions ['cmake', 'python']
[0.310s] Level 1:colcon.colcon_core.package_identification:_identify(__pycache__) by extension 'cmake'
[0.311s] Level 1:colcon.colcon_core.package_identification:_identify(__pycache__) by extension 'python'
[0.313s] Level 1:colcon.colcon_core.package_identification:_identify(__pycache__) by extensions ['python_setup_py']
[0.314s] Level 1:colcon.colcon_core.package_identification:_identify(__pycache__) by extension 'python_setup_py'
[0.322s] Level 1:colcon.colcon_core.package_identification:_identify(build) by extensions ['ignore', 'ignore_ament_install']
[0.322s] Level 1:colcon.colcon_core.package_identification:_identify(build) by extension 'ignore'
[0.324s] Level 1:colcon.colcon_core.package_identification:_identify(build) ignored
[0.327s] Level 1:colcon.colcon_core.package_identification:_identify(imageset) by extensions ['ignore', 'ignore_ament_install']
[0.327s] Level 1:colcon.colcon_core.package_identification:_identify(imageset) by extension 'ignore'
[0.328s] Level 1:colcon.colcon_core.package_identification:_identify(imageset) by extension 'ignore_ament_install'
[0.329s] Level 1:colcon.colcon_core.package_identification:_identify(imageset) by extensions ['colcon_pkg']
[0.330s] Level 1:colcon.colcon_core.package_identification:_identify(imageset) by extension 'colcon_pkg'
[0.330s] Level 1:colcon.colcon_core.package_identification:_identify(imageset) by extensions ['colcon_meta']
[0.330s] Level 1:colcon.colcon_core.package_identification:_identify(imageset) by extension 'colcon_meta'
[0.331s] Level 1:colcon.colcon_core.package_identification:_identify(imageset) by extensions ['ros']
[0.331s] Level 1:colcon.colcon_core.package_identification:_identify(imageset) by extension 'ros'
[0.333s] Level 1:colcon.colcon_core.package_identification:_identify(imageset) by extensions ['cmake', 'python']
[0.334s] Level 1:colcon.colcon_core.package_identification:_identify(imageset) by extension 'cmake'
[0.334s] Level 1:colcon.colcon_core.package_identification:_identify(imageset) by extension 'python'
[0.335s] Level 1:colcon.colcon_core.package_identification:_identify(imageset) by extensions ['python_setup_py']
[0.335s] Level 1:colcon.colcon_core.package_identification:_identify(imageset) by extension 'python_setup_py'
[0.341s] Level 1:colcon.colcon_core.package_identification:_identify(imageset/Tennisball_seg_600.v1-tennisball-seg-dataset-607.yolov11) by extensions ['ignore', 'ignore_ament_install']
[0.342s] Level 1:colcon.colcon_core.package_identification:_identify(imageset/Tennisball_seg_600.v1-tennisball-seg-dataset-607.yolov11) by extension 'ignore'
[0.344s] Level 1:colcon.colcon_core.package_identification:_identify(imageset/Tennisball_seg_600.v1-tennisball-seg-dataset-607.yolov11) by extension 'ignore_ament_install'
[0.349s] Level 1:colcon.colcon_core.package_identification:_identify(imageset/Tennisball_seg_600.v1-tennisball-seg-dataset-607.yolov11) by extensions ['colcon_pkg']
[0.349s] Level 1:colcon.colcon_core.package_identification:_identify(imageset/Tennisball_seg_600.v1-tennisball-seg-dataset-607.yolov11) by extension 'colcon_pkg'
[0.352s] Level 1:colcon.colcon_core.package_identification:_identify(imageset/Tennisball_seg_600.v1-tennisball-seg-dataset-607.yolov11) by extensions ['colcon_meta']
[0.353s] Level 1:colcon.colcon_core.package_identification:_identify(imageset/Tennisball_seg_600.v1-tennisball-seg-dataset-607.yolov11) by extension 'colcon_meta'
[0.355s] Level 1:colcon.colcon_core.package_identification:_identify(imageset/Tennisball_seg_600.v1-tennisball-seg-dataset-607.yolov11) by extensions ['ros']
[0.355s] Level 1:colcon.colcon_core.package_identification:_identify(imageset/Tennisball_seg_600.v1-tennisball-seg-dataset-607.yolov11) by extension 'ros'
[0.364s] Level 1:colcon.colcon_core.package_identification:_identify(imageset/Tennisball_seg_600.v1-tennisball-seg-dataset-607.yolov11) by extensions ['cmake', 'python']
[0.365s] Level 1:colcon.colcon_core.package_identification:_identify(imageset/Tennisball_seg_600.v1-tennisball-seg-dataset-607.yolov11) by extension 'cmake'
[0.367s] Level 1:colcon.colcon_core.package_identification:_identify(imageset/Tennisball_seg_600.v1-tennisball-seg-dataset-607.yolov11) by extension 'python'
[0.368s] Level 1:colcon.colcon_core.package_identification:_identify(imageset/Tennisball_seg_600.v1-tennisball-seg-dataset-607.yolov11) by extensions ['python_setup_py']
[0.368s] Level 1:colcon.colcon_core.package_identification:_identify(imageset/Tennisball_seg_600.v1-tennisball-seg-dataset-607.yolov11) by extension 'python_setup_py'
[0.383s] Level 1:colcon.colcon_core.package_identification:_identify(imageset/Tennisball_seg_600.v1-tennisball-seg-dataset-607.yolov11/test) by extensions ['ignore', 'ignore_ament_install']
[0.384s] Level 1:colcon.colcon_core.package_identification:_identify(imageset/Tennisball_seg_600.v1-tennisball-seg-dataset-607.yolov11/test) by extension 'ignore'
[0.389s] Level 1:colcon.colcon_core.package_identification:_identify(imageset/Tennisball_seg_600.v1-tennisball-seg-dataset-607.yolov11/test) by extension 'ignore_ament_install'
[0.397s] Level 1:colcon.colcon_core.package_identification:_identify(imageset/Tennisball_seg_600.v1-tennisball-seg-dataset-607.yolov11/test) by extensions ['colcon_pkg']
[0.397s] Level 1:colcon.colcon_core.package_identification:_identify(imageset/Tennisball_seg_600.v1-tennisball-seg-dataset-607.yolov11/test) by extension 'colcon_pkg'
[0.400s] Level 1:colcon.colcon_core.package_identification:_identify(imageset/Tennisball_seg_600.v1-tennisball-seg-dataset-607.yolov11/test) by extensions ['colcon_meta']
[0.400s] Level 1:colcon.colcon_core.package_identification:_identify(imageset/Tennisball_seg_600.v1-tennisball-seg-dataset-607.yolov11/test) by extension 'colcon_meta'
[0.407s] Level 1:colcon.colcon_core.package_identification:_identify(imageset/Tennisball_seg_600.v1-tennisball-seg-dataset-607.yolov11/test) by extensions ['ros']
[0.408s] Level 1:colcon.colcon_core.package_identification:_identify(imageset/Tennisball_seg_600.v1-tennisball-seg-dataset-607.yolov11/test) by extension 'ros'
[0.418s] Level 1:colcon.colcon_core.package_identification:_identify(imageset/Tennisball_seg_600.v1-tennisball-seg-dataset-607.yolov11/test) by extensions ['cmake', 'python']
[0.419s] Level 1:colcon.colcon_core.package_identification:_identify(imageset/Tennisball_seg_600.v1-tennisball-seg-dataset-607.yolov11/test) by extension 'cmake'
[0.421s] Level 1:colcon.colcon_core.package_identification:_identify(imageset/Tennisball_seg_600.v1-tennisball-seg-dataset-607.yolov11/test) by extension 'python'
[0.425s] Level 1:colcon.colcon_core.package_identification:_identify(imageset/Tennisball_seg_600.v1-tennisball-seg-dataset-607.yolov11/test) by extensions ['python_setup_py']
[0.425s] Level 1:colcon.colcon_core.package_identification:_identify(imageset/Tennisball_seg_600.v1-tennisball-seg-dataset-607.yolov11/test) by extension 'python_setup_py'
[0.442s] Level 1:colcon.colcon_core.package_identification:_identify(imageset/Tennisball_seg_600.v1-tennisball-seg-dataset-607.yolov11/test/images) by extensions ['ignore', 'ignore_ament_install']
[0.443s] Level 1:colcon.colcon_core.package_identification:_identify(imageset/Tennisball_seg_600.v1-tennisball-seg-dataset-607.yolov11/test/images) by extension 'ignore'
[0.447s] Level 1:colcon.colcon_core.package_identification:_identify(imageset/Tennisball_seg_600.v1-tennisball-seg-dataset-607.yolov11/test/images) by extension 'ignore_ament_install'
[0.465s] Level 1:colcon.colcon_core.package_identification:_identify(imageset/Tennisball_seg_600.v1-tennisball-seg-dataset-607.yolov11/test/images) by extensions ['colcon_pkg']
[0.466s] Level 1:colcon.colcon_core.package_identification:_identify(imageset/Tennisball_seg_600.v1-tennisball-seg-dataset-607.yolov11/test/images) by extension 'colcon_pkg'
[0.470s] Level 1:colcon.colcon_core.package_identification:_identify(imageset/Tennisball_seg_600.v1-tennisball-seg-dataset-607.yolov11/test/images) by extensions ['colcon_meta']
[0.471s] Level 1:colcon.colcon_core.package_identification:_identify(imageset/Tennisball_seg_600.v1-tennisball-seg-dataset-607.yolov11/test/images) by extension 'colcon_meta'
[0.482s] Level 1:colcon.colcon_core.package_identification:_identify(imageset/Tennisball_seg_600.v1-tennisball-seg-dataset-607.yolov11/test/images) by extensions ['ros']
[0.483s] Level 1:colcon.colcon_core.package_identification:_identify(imageset/Tennisball_seg_600.v1-tennisball-seg-dataset-607.yolov11/test/images) by extension 'ros'
[0.505s] Level 1:colcon.colcon_core.package_identification:_identify(imageset/Tennisball_seg_600.v1-tennisball-seg-dataset-607.yolov11/test/images) by extensions ['cmake', 'python']
[0.506s] Level 1:colcon.colcon_core.package_identification:_identify(imageset/Tennisball_seg_600.v1-tennisball-seg-dataset-607.yolov11/test/images) by extension 'cmake'
[0.509s] Level 1:colcon.colcon_core.package_identification:_identify(imageset/Tennisball_seg_600.v1-tennisball-seg-dataset-607.yolov11/test/images) by extension 'python'
[0.511s] Level 1:colcon.colcon_core.package_identification:_identify(imageset/Tennisball_seg_600.v1-tennisball-seg-dataset-607.yolov11/test/images) by extensions ['python_setup_py']
[0.512s] Level 1:colcon.colcon_core.package_identification:_identify(imageset/Tennisball_seg_600.v1-tennisball-seg-dataset-607.yolov11/test/images) by extension 'python_setup_py'
[0.533s] Level 1:colcon.colcon_core.package_identification:_identify(imageset/Tennisball_seg_600.v1-tennisball-seg-dataset-607.yolov11/test/labels) by extensions ['ignore', 'ignore_ament_install']
[0.534s] Level 1:colcon.colcon_core.package_identification:_identify(imageset/Tennisball_seg_600.v1-tennisball-seg-dataset-607.yolov11/test/labels) by extension 'ignore'
[0.537s] Level 1:colcon.colcon_core.package_identification:_identify(imageset/Tennisball_seg_600.v1-tennisball-seg-dataset-607.yolov11/test/labels) by extension 'ignore_ament_install'
[0.544s] Level 1:colcon.colcon_core.package_identification:_identify(imageset/Tennisball_seg_600.v1-tennisball-seg-dataset-607.yolov11/test/labels) by extensions ['colcon_pkg']
[0.545s] Level 1:colcon.colcon_core.package_identification:_identify(imageset/Tennisball_seg_600.v1-tennisball-seg-dataset-607.yolov11/test/labels) by extension 'colcon_pkg'
[0.548s] Level 1:colcon.colcon_core.package_identification:_identify(imageset/Tennisball_seg_600.v1-tennisball-seg-dataset-607.yolov11/test/labels) by extensions ['colcon_meta']
[0.549s] Level 1:colcon.colcon_core.package_identification:_identify(imageset/Tennisball_seg_600.v1-tennisball-seg-dataset-607.yolov11/test/labels) by extension 'colcon_meta'
[0.560s] Level 1:colcon.colcon_core.package_identification:_identify(imageset/Tennisball_seg_600.v1-tennisball-seg-dataset-607.yolov11/test/labels) by extensions ['ros']
[0.560s] Level 1:colcon.colcon_core.package_identification:_identify(imageset/Tennisball_seg_600.v1-tennisball-seg-dataset-607.yolov11/test/labels) by extension 'ros'
[0.573s] Level 1:colcon.colcon_core.package_identification:_identify(imageset/Tennisball_seg_600.v1-tennisball-seg-dataset-607.yolov11/test/labels) by extensions ['cmake', 'python']
[0.573s] Level 1:colcon.colcon_core.package_identification:_identify(imageset/Tennisball_seg_600.v1-tennisball-seg-dataset-607.yolov11/test/labels) by extension 'cmake'
[0.575s] Level 1:colcon.colcon_core.package_identification:_identify(imageset/Tennisball_seg_600.v1-tennisball-seg-dataset-607.yolov11/test/labels) by extension 'python'
[0.578s] Level 1:colcon.colcon_core.package_identification:_identify(imageset/Tennisball_seg_600.v1-tennisball-seg-dataset-607.yolov11/test/labels) by extensions ['python_setup_py']
[0.578s] Level 1:colcon.colcon_core.package_identification:_identify(imageset/Tennisball_seg_600.v1-tennisball-seg-dataset-607.yolov11/test/labels) by extension 'python_setup_py'
[0.587s] Level 1:colcon.colcon_core.package_identification:_identify(imageset/Tennisball_seg_600.v1-tennisball-seg-dataset-607.yolov11/train) by extensions ['ignore', 'ignore_ament_install']
[0.588s] Level 1:colcon.colcon_core.package_identification:_identify(imageset/Tennisball_seg_600.v1-tennisball-seg-dataset-607.yolov11/train) by extension 'ignore'
[0.590s] Level 1:colcon.colcon_core.package_identification:_identify(imageset/Tennisball_seg_600.v1-tennisball-seg-dataset-607.yolov11/train) by extension 'ignore_ament_install'
[0.595s] Level 1:colcon.colcon_core.package_identification:_identify(imageset/Tennisball_seg_600.v1-tennisball-seg-dataset-607.yolov11/train) by extensions ['colcon_pkg']
[0.596s] Level 1:colcon.colcon_core.package_identification:_identify(imageset/Tennisball_seg_600.v1-tennisball-seg-dataset-607.yolov11/train) by extension 'colcon_pkg'
[0.599s] Level 1:colcon.colcon_core.package_identification:_identify(imageset/Tennisball_seg_600.v1-tennisball-seg-dataset-607.yolov11/train) by extensions ['colcon_meta']
[0.599s] Level 1:colcon.colcon_core.package_identification:_identify(imageset/Tennisball_seg_600.v1-tennisball-seg-dataset-607.yolov11/train) by extension 'colcon_meta'
[0.607s] Level 1:colcon.colcon_core.package_identification:_identify(imageset/Tennisball_seg_600.v1-tennisball-seg-dataset-607.yolov11/train) by extensions ['ros']
[0.608s] Level 1:colcon.colcon_core.package_identification:_identify(imageset/Tennisball_seg_600.v1-tennisball-seg-dataset-607.yolov11/train) by extension 'ros'
[0.618s] Level 1:colcon.colcon_core.package_identification:_identify(imageset/Tennisball_seg_600.v1-tennisball-seg-dataset-607.yolov11/train) by extensions ['cmake', 'python']
[0.618s] Level 1:colcon.colcon_core.package_identification:_identify(imageset/Tennisball_seg_600.v1-tennisball-seg-dataset-607.yolov11/train) by extension 'cmake'
[0.619s] Level 1:colcon.colcon_core.package_identification:_identify(imageset/Tennisball_seg_600.v1-tennisball-seg-dataset-607.yolov11/train) by extension 'python'
[0.621s] Level 1:colcon.colcon_core.package_identification:_identify(imageset/Tennisball_seg_600.v1-tennisball-seg-dataset-607.yolov11/train) by extensions ['python_setup_py']
[0.621s] Level 1:colcon.colcon_core.package_identification:_identify(imageset/Tennisball_seg_600.v1-tennisball-seg-dataset-607.yolov11/train) by extension 'python_setup_py'
[0.647s] Level 1:colcon.colcon_core.package_identification:_identify(imageset/Tennisball_seg_600.v1-tennisball-seg-dataset-607.yolov11/train/images) by extensions ['ignore', 'ignore_ament_install']
[0.648s] Level 1:colcon.colcon_core.package_identification:_identify(imageset/Tennisball_seg_600.v1-tennisball-seg-dataset-607.yolov11/train/images) by extension 'ignore'
[0.652s] Level 1:colcon.colcon_core.package_identification:_identify(imageset/Tennisball_seg_600.v1-tennisball-seg-dataset-607.yolov11/train/images) by extension 'ignore_ament_install'
[0.658s] Level 1:colcon.colcon_core.package_identification:_identify(imageset/Tennisball_seg_600.v1-tennisball-seg-dataset-607.yolov11/train/images) by extensions ['colcon_pkg']
[0.658s] Level 1:colcon.colcon_core.package_identification:_identify(imageset/Tennisball_seg_600.v1-tennisball-seg-dataset-607.yolov11/train/images) by extension 'colcon_pkg'
[0.661s] Level 1:colcon.colcon_core.package_identification:_identify(imageset/Tennisball_seg_600.v1-tennisball-seg-dataset-607.yolov11/train/images) by extensions ['colcon_meta']
[0.661s] Level 1:colcon.colcon_core.package_identification:_identify(imageset/Tennisball_seg_600.v1-tennisball-seg-dataset-607.yolov11/train/images) by extension 'colcon_meta'
[0.669s] Level 1:colcon.colcon_core.package_identification:_identify(imageset/Tennisball_seg_600.v1-tennisball-seg-dataset-607.yolov11/train/images) by extensions ['ros']
[0.669s] Level 1:colcon.colcon_core.package_identification:_identify(imageset/Tennisball_seg_600.v1-tennisball-seg-dataset-607.yolov11/train/images) by extension 'ros'
[0.682s] Level 1:colcon.colcon_core.package_identification:_identify(imageset/Tennisball_seg_600.v1-tennisball-seg-dataset-607.yolov11/train/images) by extensions ['cmake', 'python']
[0.682s] Level 1:colcon.colcon_core.package_identification:_identify(imageset/Tennisball_seg_600.v1-tennisball-seg-dataset-607.yolov11/train/images) by extension 'cmake'
[0.685s] Level 1:colcon.colcon_core.package_identification:_identify(imageset/Tennisball_seg_600.v1-tennisball-seg-dataset-607.yolov11/train/images) by extension 'python'
[0.687s] Level 1:colcon.colcon_core.package_identification:_identify(imageset/Tennisball_seg_600.v1-tennisball-seg-dataset-607.yolov11/train/images) by extensions ['python_setup_py']
[0.688s] Level 1:colcon.colcon_core.package_identification:_identify(imageset/Tennisball_seg_600.v1-tennisball-seg-dataset-607.yolov11/train/images) by extension 'python_setup_py'
[0.708s] Level 1:colcon.colcon_core.package_identification:_identify(imageset/Tennisball_seg_600.v1-tennisball-seg-dataset-607.yolov11/train/labels) by extensions ['ignore', 'ignore_ament_install']
[0.709s] Level 1:colcon.colcon_core.package_identification:_identify(imageset/Tennisball_seg_600.v1-tennisball-seg-dataset-607.yolov11/train/labels) by extension 'ignore'
[0.711s] Level 1:colcon.colcon_core.package_identification:_identify(imageset/Tennisball_seg_600.v1-tennisball-seg-dataset-607.yolov11/train/labels) by extension 'ignore_ament_install'
[0.718s] Level 1:colcon.colcon_core.package_identification:_identify(imageset/Tennisball_seg_600.v1-tennisball-seg-dataset-607.yolov11/train/labels) by extensions ['colcon_pkg']
[0.718s] Level 1:colcon.colcon_core.package_identification:_identify(imageset/Tennisball_seg_600.v1-tennisball-seg-dataset-607.yolov11/train/labels) by extension 'colcon_pkg'
[0.722s] Level 1:colcon.colcon_core.package_identification:_identify(imageset/Tennisball_seg_600.v1-tennisball-seg-dataset-607.yolov11/train/labels) by extensions ['colcon_meta']
[0.722s] Level 1:colcon.colcon_core.package_identification:_identify(imageset/Tennisball_seg_600.v1-tennisball-seg-dataset-607.yolov11/train/labels) by extension 'colcon_meta'
[0.730s] Level 1:colcon.colcon_core.package_identification:_identify(imageset/Tennisball_seg_600.v1-tennisball-seg-dataset-607.yolov11/train/labels) by extensions ['ros']
[0.730s] Level 1:colcon.colcon_core.package_identification:_identify(imageset/Tennisball_seg_600.v1-tennisball-seg-dataset-607.yolov11/train/labels) by extension 'ros'
[0.743s] Level 1:colcon.colcon_core.package_identification:_identify(imageset/Tennisball_seg_600.v1-tennisball-seg-dataset-607.yolov11/train/labels) by extensions ['cmake', 'python']
[0.744s] Level 1:colcon.colcon_core.package_identification:_identify(imageset/Tennisball_seg_600.v1-tennisball-seg-dataset-607.yolov11/train/labels) by extension 'cmake'
[0.746s] Level 1:colcon.colcon_core.package_identification:_identify(imageset/Tennisball_seg_600.v1-tennisball-seg-dataset-607.yolov11/train/labels) by extension 'python'
[0.748s] Level 1:colcon.colcon_core.package_identification:_identify(imageset/Tennisball_seg_600.v1-tennisball-seg-dataset-607.yolov11/train/labels) by extensions ['python_setup_py']
[0.749s] Level 1:colcon.colcon_core.package_identification:_identify(imageset/Tennisball_seg_600.v1-tennisball-seg-dataset-607.yolov11/train/labels) by extension 'python_setup_py'
[0.758s] Level 1:colcon.colcon_core.package_identification:_identify(imageset/Tennisball_seg_600.v1-tennisball-seg-dataset-607.yolov11/valid) by extensions ['ignore', 'ignore_ament_install']
[0.758s] Level 1:colcon.colcon_core.package_identification:_identify(imageset/Tennisball_seg_600.v1-tennisball-seg-dataset-607.yolov11/valid) by extension 'ignore'
[0.760s] Level 1:colcon.colcon_core.package_identification:_identify(imageset/Tennisball_seg_600.v1-tennisball-seg-dataset-607.yolov11/valid) by extension 'ignore_ament_install'
[0.764s] Level 1:colcon.colcon_core.package_identification:_identify(imageset/Tennisball_seg_600.v1-tennisball-seg-dataset-607.yolov11/valid) by extensions ['colcon_pkg']
[0.765s] Level 1:colcon.colcon_core.package_identification:_identify(imageset/Tennisball_seg_600.v1-tennisball-seg-dataset-607.yolov11/valid) by extension 'colcon_pkg'
[0.767s] Level 1:colcon.colcon_core.package_identification:_identify(imageset/Tennisball_seg_600.v1-tennisball-seg-dataset-607.yolov11/valid) by extensions ['colcon_meta']
[0.767s] Level 1:colcon.colcon_core.package_identification:_identify(imageset/Tennisball_seg_600.v1-tennisball-seg-dataset-607.yolov11/valid) by extension 'colcon_meta'
[0.772s] Level 1:colcon.colcon_core.package_identification:_identify(imageset/Tennisball_seg_600.v1-tennisball-seg-dataset-607.yolov11/valid) by extensions ['ros']
[0.773s] Level 1:colcon.colcon_core.package_identification:_identify(imageset/Tennisball_seg_600.v1-tennisball-seg-dataset-607.yolov11/valid) by extension 'ros'
[0.784s] Level 1:colcon.colcon_core.package_identification:_identify(imageset/Tennisball_seg_600.v1-tennisball-seg-dataset-607.yolov11/valid) by extensions ['cmake', 'python']
[0.784s] Level 1:colcon.colcon_core.package_identification:_identify(imageset/Tennisball_seg_600.v1-tennisball-seg-dataset-607.yolov11/valid) by extension 'cmake'
[0.786s] Level 1:colcon.colcon_core.package_identification:_identify(imageset/Tennisball_seg_600.v1-tennisball-seg-dataset-607.yolov11/valid) by extension 'python'
[0.787s] Level 1:colcon.colcon_core.package_identification:_identify(imageset/Tennisball_seg_600.v1-tennisball-seg-dataset-607.yolov11/valid) by extensions ['python_setup_py']
[0.788s] Level 1:colcon.colcon_core.package_identification:_identify(imageset/Tennisball_seg_600.v1-tennisball-seg-dataset-607.yolov11/valid) by extension 'python_setup_py'
[0.800s] Level 1:colcon.colcon_core.package_identification:_identify(imageset/Tennisball_seg_600.v1-tennisball-seg-dataset-607.yolov11/valid/images) by extensions ['ignore', 'ignore_ament_install']
[0.801s] Level 1:colcon.colcon_core.package_identification:_identify(imageset/Tennisball_seg_600.v1-tennisball-seg-dataset-607.yolov11/valid/images) by extension 'ignore'
[0.805s] Level 1:colcon.colcon_core.package_identification:_identify(imageset/Tennisball_seg_600.v1-tennisball-seg-dataset-607.yolov11/valid/images) by extension 'ignore_ament_install'
[0.811s] Level 1:colcon.colcon_core.package_identification:_identify(imageset/Tennisball_seg_600.v1-tennisball-seg-dataset-607.yolov11/valid/images) by extensions ['colcon_pkg']
[0.811s] Level 1:colcon.colcon_core.package_identification:_identify(imageset/Tennisball_seg_600.v1-tennisball-seg-dataset-607.yolov11/valid/images) by extension 'colcon_pkg'
[0.814s] Level 1:colcon.colcon_core.package_identification:_identify(imageset/Tennisball_seg_600.v1-tennisball-seg-dataset-607.yolov11/valid/images) by extensions ['colcon_meta']
[0.815s] Level 1:colcon.colcon_core.package_identification:_identify(imageset/Tennisball_seg_600.v1-tennisball-seg-dataset-607.yolov11/valid/images) by extension 'colcon_meta'
[0.821s] Level 1:colcon.colcon_core.package_identification:_identify(imageset/Tennisball_seg_600.v1-tennisball-seg-dataset-607.yolov11/valid/images) by extensions ['ros']
[0.821s] Level 1:colcon.colcon_core.package_identification:_identify(imageset/Tennisball_seg_600.v1-tennisball-seg-dataset-607.yolov11/valid/images) by extension 'ros'
[0.834s] Level 1:colcon.colcon_core.package_identification:_identify(imageset/Tennisball_seg_600.v1-tennisball-seg-dataset-607.yolov11/valid/images) by extensions ['cmake', 'python']
[0.834s] Level 1:colcon.colcon_core.package_identification:_identify(imageset/Tennisball_seg_600.v1-tennisball-seg-dataset-607.yolov11/valid/images) by extension 'cmake'
[0.838s] Level 1:colcon.colcon_core.package_identification:_identify(imageset/Tennisball_seg_600.v1-tennisball-seg-dataset-607.yolov11/valid/images) by extension 'python'
[0.840s] Level 1:colcon.colcon_core.package_identification:_identify(imageset/Tennisball_seg_600.v1-tennisball-seg-dataset-607.yolov11/valid/images) by extensions ['python_setup_py']
[0.841s] Level 1:colcon.colcon_core.package_identification:_identify(imageset/Tennisball_seg_600.v1-tennisball-seg-dataset-607.yolov11/valid/images) by extension 'python_setup_py'
[0.856s] Level 1:colcon.colcon_core.package_identification:_identify(imageset/Tennisball_seg_600.v1-tennisball-seg-dataset-607.yolov11/valid/labels) by extensions ['ignore', 'ignore_ament_install']
[0.856s] Level 1:colcon.colcon_core.package_identification:_identify(imageset/Tennisball_seg_600.v1-tennisball-seg-dataset-607.yolov11/valid/labels) by extension 'ignore'
[0.861s] Level 1:colcon.colcon_core.package_identification:_identify(imageset/Tennisball_seg_600.v1-tennisball-seg-dataset-607.yolov11/valid/labels) by extension 'ignore_ament_install'
[0.867s] Level 1:colcon.colcon_core.package_identification:_identify(imageset/Tennisball_seg_600.v1-tennisball-seg-dataset-607.yolov11/valid/labels) by extensions ['colcon_pkg']
[0.867s] Level 1:colcon.colcon_core.package_identification:_identify(imageset/Tennisball_seg_600.v1-tennisball-seg-dataset-607.yolov11/valid/labels) by extension 'colcon_pkg'
[0.871s] Level 1:colcon.colcon_core.package_identification:_identify(imageset/Tennisball_seg_600.v1-tennisball-seg-dataset-607.yolov11/valid/labels) by extensions ['colcon_meta']
[0.871s] Level 1:colcon.colcon_core.package_identification:_identify(imageset/Tennisball_seg_600.v1-tennisball-seg-dataset-607.yolov11/valid/labels) by extension 'colcon_meta'
[0.878s] Level 1:colcon.colcon_core.package_identification:_identify(imageset/Tennisball_seg_600.v1-tennisball-seg-dataset-607.yolov11/valid/labels) by extensions ['ros']
[0.878s] Level 1:colcon.colcon_core.package_identification:_identify(imageset/Tennisball_seg_600.v1-tennisball-seg-dataset-607.yolov11/valid/labels) by extension 'ros'
[0.894s] Level 1:colcon.colcon_core.package_identification:_identify(imageset/Tennisball_seg_600.v1-tennisball-seg-dataset-607.yolov11/valid/labels) by extensions ['cmake', 'python']
[0.895s] Level 1:colcon.colcon_core.package_identification:_identify(imageset/Tennisball_seg_600.v1-tennisball-seg-dataset-607.yolov11/valid/labels) by extension 'cmake'
[0.898s] Level 1:colcon.colcon_core.package_identification:_identify(imageset/Tennisball_seg_600.v1-tennisball-seg-dataset-607.yolov11/valid/labels) by extension 'python'
[0.901s] Level 1:colcon.colcon_core.package_identification:_identify(imageset/Tennisball_seg_600.v1-tennisball-seg-dataset-607.yolov11/valid/labels) by extensions ['python_setup_py']
[0.902s] Level 1:colcon.colcon_core.package_identification:_identify(imageset/Tennisball_seg_600.v1-tennisball-seg-dataset-607.yolov11/valid/labels) by extension 'python_setup_py'
[0.918s] Level 1:colcon.colcon_core.package_identification:_identify(imageset/Tennisball_seg_600.v2-tennisball-seg-dataset-607-v02.yolov11) by extensions ['ignore', 'ignore_ament_install']
[0.919s] Level 1:colcon.colcon_core.package_identification:_identify(imageset/Tennisball_seg_600.v2-tennisball-seg-dataset-607-v02.yolov11) by extension 'ignore'
[0.922s] Level 1:colcon.colcon_core.package_identification:_identify(imageset/Tennisball_seg_600.v2-tennisball-seg-dataset-607-v02.yolov11) by extension 'ignore_ament_install'
[0.928s] Level 1:colcon.colcon_core.package_identification:_identify(imageset/Tennisball_seg_600.v2-tennisball-seg-dataset-607-v02.yolov11) by extensions ['colcon_pkg']
[0.929s] Level 1:colcon.colcon_core.package_identification:_identify(imageset/Tennisball_seg_600.v2-tennisball-seg-dataset-607-v02.yolov11) by extension 'colcon_pkg'
[0.931s] Level 1:colcon.colcon_core.package_identification:_identify(imageset/Tennisball_seg_600.v2-tennisball-seg-dataset-607-v02.yolov11) by extensions ['colcon_meta']
[0.932s] Level 1:colcon.colcon_core.package_identification:_identify(imageset/Tennisball_seg_600.v2-tennisball-seg-dataset-607-v02.yolov11) by extension 'colcon_meta'
[0.936s] Level 1:colcon.colcon_core.package_identification:_identify(imageset/Tennisball_seg_600.v2-tennisball-seg-dataset-607-v02.yolov11) by extensions ['ros']
[0.936s] Level 1:colcon.colcon_core.package_identification:_identify(imageset/Tennisball_seg_600.v2-tennisball-seg-dataset-607-v02.yolov11) by extension 'ros'
[0.952s] Level 1:colcon.colcon_core.package_identification:_identify(imageset/Tennisball_seg_600.v2-tennisball-seg-dataset-607-v02.yolov11) by extensions ['cmake', 'python']
[0.953s] Level 1:colcon.colcon_core.package_identification:_identify(imageset/Tennisball_seg_600.v2-tennisball-seg-dataset-607-v02.yolov11) by extension 'cmake'
[0.955s] Level 1:colcon.colcon_core.package_identification:_identify(imageset/Tennisball_seg_600.v2-tennisball-seg-dataset-607-v02.yolov11) by extension 'python'
[0.958s] Level 1:colcon.colcon_core.package_identification:_identify(imageset/Tennisball_seg_600.v2-tennisball-seg-dataset-607-v02.yolov11) by extensions ['python_setup_py']
[0.958s] Level 1:colcon.colcon_core.package_identification:_identify(imageset/Tennisball_seg_600.v2-tennisball-seg-dataset-607-v02.yolov11) by extension 'python_setup_py'
[0.969s] Level 1:colcon.colcon_core.package_identification:_identify(imageset/Tennisball_seg_600.v2-tennisball-seg-dataset-607-v02.yolov11/test) by extensions ['ignore', 'ignore_ament_install']
[0.970s] Level 1:colcon.colcon_core.package_identification:_identify(imageset/Tennisball_seg_600.v2-tennisball-seg-dataset-607-v02.yolov11/test) by extension 'ignore'
[0.976s] Level 1:colcon.colcon_core.package_identification:_identify(imageset/Tennisball_seg_600.v2-tennisball-seg-dataset-607-v02.yolov11/test) by extension 'ignore_ament_install'
[0.985s] Level 1:colcon.colcon_core.package_identification:_identify(imageset/Tennisball_seg_600.v2-tennisball-seg-dataset-607-v02.yolov11/test) by extensions ['colcon_pkg']
[0.986s] Level 1:colcon.colcon_core.package_identification:_identify(imageset/Tennisball_seg_600.v2-tennisball-seg-dataset-607-v02.yolov11/test) by extension 'colcon_pkg'
[0.991s] Level 1:colcon.colcon_core.package_identification:_identify(imageset/Tennisball_seg_600.v2-tennisball-seg-dataset-607-v02.yolov11/test) by extensions ['colcon_meta']
[0.992s] Level 1:colcon.colcon_core.package_identification:_identify(imageset/Tennisball_seg_600.v2-tennisball-seg-dataset-607-v02.yolov11/test) by extension 'colcon_meta'
[1.000s] Level 1:colcon.colcon_core.package_identification:_identify(imageset/Tennisball_seg_600.v2-tennisball-seg-dataset-607-v02.yolov11/test) by extensions ['ros']
[1.000s] Level 1:colcon.colcon_core.package_identification:_identify(imageset/Tennisball_seg_600.v2-tennisball-seg-dataset-607-v02.yolov11/test) by extension 'ros'
[1.015s] Level 1:colcon.colcon_core.package_identification:_identify(imageset/Tennisball_seg_600.v2-tennisball-seg-dataset-607-v02.yolov11/test) by extensions ['cmake', 'python']
[1.016s] Level 1:colcon.colcon_core.package_identification:_identify(imageset/Tennisball_seg_600.v2-tennisball-seg-dataset-607-v02.yolov11/test) by extension 'cmake'
[1.022s] Level 1:colcon.colcon_core.package_identification:_identify(imageset/Tennisball_seg_600.v2-tennisball-seg-dataset-607-v02.yolov11/test) by extension 'python'
[1.027s] Level 1:colcon.colcon_core.package_identification:_identify(imageset/Tennisball_seg_600.v2-tennisball-seg-dataset-607-v02.yolov11/test) by extensions ['python_setup_py']
[1.028s] Level 1:colcon.colcon_core.package_identification:_identify(imageset/Tennisball_seg_600.v2-tennisball-seg-dataset-607-v02.yolov11/test) by extension 'python_setup_py'
[1.056s] Level 1:colcon.colcon_core.package_identification:_identify(imageset/Tennisball_seg_600.v2-tennisball-seg-dataset-607-v02.yolov11/test/images) by extensions ['ignore', 'ignore_ament_install']
[1.057s] Level 1:colcon.colcon_core.package_identification:_identify(imageset/Tennisball_seg_600.v2-tennisball-seg-dataset-607-v02.yolov11/test/images) by extension 'ignore'
[1.063s] Level 1:colcon.colcon_core.package_identification:_identify(imageset/Tennisball_seg_600.v2-tennisball-seg-dataset-607-v02.yolov11/test/images) by extension 'ignore_ament_install'
[1.072s] Level 1:colcon.colcon_core.package_identification:_identify(imageset/Tennisball_seg_600.v2-tennisball-seg-dataset-607-v02.yolov11/test/images) by extensions ['colcon_pkg']
[1.073s] Level 1:colcon.colcon_core.package_identification:_identify(imageset/Tennisball_seg_600.v2-tennisball-seg-dataset-607-v02.yolov11/test/images) by extension 'colcon_pkg'
[1.076s] Level 1:colcon.colcon_core.package_identification:_identify(imageset/Tennisball_seg_600.v2-tennisball-seg-dataset-607-v02.yolov11/test/images) by extensions ['colcon_meta']
[1.077s] Level 1:colcon.colcon_core.package_identification:_identify(imageset/Tennisball_seg_600.v2-tennisball-seg-dataset-607-v02.yolov11/test/images) by extension 'colcon_meta'
[1.088s] Level 1:colcon.colcon_core.package_identification:_identify(imageset/Tennisball_seg_600.v2-tennisball-seg-dataset-607-v02.yolov11/test/images) by extensions ['ros']
[1.089s] Level 1:colcon.colcon_core.package_identification:_identify(imageset/Tennisball_seg_600.v2-tennisball-seg-dataset-607-v02.yolov11/test/images) by extension 'ros'
[1.115s] Level 1:colcon.colcon_core.package_identification:_identify(imageset/Tennisball_seg_600.v2-tennisball-seg-dataset-607-v02.yolov11/test/images) by extensions ['cmake', 'python']
[1.116s] Level 1:colcon.colcon_core.package_identification:_identify(imageset/Tennisball_seg_600.v2-tennisball-seg-dataset-607-v02.yolov11/test/images) by extension 'cmake'
[1.124s] Level 1:colcon.colcon_core.package_identification:_identify(imageset/Tennisball_seg_600.v2-tennisball-seg-dataset-607-v02.yolov11/test/images) by extension 'python'
[1.131s] Level 1:colcon.colcon_core.package_identification:_identify(imageset/Tennisball_seg_600.v2-tennisball-seg-dataset-607-v02.yolov11/test/images) by extensions ['python_setup_py']
[1.132s] Level 1:colcon.colcon_core.package_identification:_identify(imageset/Tennisball_seg_600.v2-tennisball-seg-dataset-607-v02.yolov11/test/images) by extension 'python_setup_py'
[1.157s] Level 1:colcon.colcon_core.package_identification:_identify(imageset/Tennisball_seg_600.v2-tennisball-seg-dataset-607-v02.yolov11/test/labels) by extensions ['ignore', 'ignore_ament_install']
[1.157s] Level 1:colcon.colcon_core.package_identification:_identify(imageset/Tennisball_seg_600.v2-tennisball-seg-dataset-607-v02.yolov11/test/labels) by extension 'ignore'
[1.160s] Level 1:colcon.colcon_core.package_identification:_identify(imageset/Tennisball_seg_600.v2-tennisball-seg-dataset-607-v02.yolov11/test/labels) by extension 'ignore_ament_install'
[1.169s] Level 1:colcon.colcon_core.package_identification:_identify(imageset/Tennisball_seg_600.v2-tennisball-seg-dataset-607-v02.yolov11/test/labels) by extensions ['colcon_pkg']
[1.170s] Level 1:colcon.colcon_core.package_identification:_identify(imageset/Tennisball_seg_600.v2-tennisball-seg-dataset-607-v02.yolov11/test/labels) by extension 'colcon_pkg'
[1.173s] Level 1:colcon.colcon_core.package_identification:_identify(imageset/Tennisball_seg_600.v2-tennisball-seg-dataset-607-v02.yolov11/test/labels) by extensions ['colcon_meta']
[1.174s] Level 1:colcon.colcon_core.package_identification:_identify(imageset/Tennisball_seg_600.v2-tennisball-seg-dataset-607-v02.yolov11/test/labels) by extension 'colcon_meta'
[1.184s] Level 1:colcon.colcon_core.package_identification:_identify(imageset/Tennisball_seg_600.v2-tennisball-seg-dataset-607-v02.yolov11/test/labels) by extensions ['ros']
[1.184s] Level 1:colcon.colcon_core.package_identification:_identify(imageset/Tennisball_seg_600.v2-tennisball-seg-dataset-607-v02.yolov11/test/labels) by extension 'ros'
[1.202s] Level 1:colcon.colcon_core.package_identification:_identify(imageset/Tennisball_seg_600.v2-tennisball-seg-dataset-607-v02.yolov11/test/labels) by extensions ['cmake', 'python']
[1.202s] Level 1:colcon.colcon_core.package_identification:_identify(imageset/Tennisball_seg_600.v2-tennisball-seg-dataset-607-v02.yolov11/test/labels) by extension 'cmake'
[1.207s] Level 1:colcon.colcon_core.package_identification:_identify(imageset/Tennisball_seg_600.v2-tennisball-seg-dataset-607-v02.yolov11/test/labels) by extension 'python'
[1.210s] Level 1:colcon.colcon_core.package_identification:_identify(imageset/Tennisball_seg_600.v2-tennisball-seg-dataset-607-v02.yolov11/test/labels) by extensions ['python_setup_py']
[1.210s] Level 1:colcon.colcon_core.package_identification:_identify(imageset/Tennisball_seg_600.v2-tennisball-seg-dataset-607-v02.yolov11/test/labels) by extension 'python_setup_py'
[1.223s] Level 1:colcon.colcon_core.package_identification:_identify(imageset/Tennisball_seg_600.v2-tennisball-seg-dataset-607-v02.yolov11/train) by extensions ['ignore', 'ignore_ament_install']
[1.223s] Level 1:colcon.colcon_core.package_identification:_identify(imageset/Tennisball_seg_600.v2-tennisball-seg-dataset-607-v02.yolov11/train) by extension 'ignore'
[1.226s] Level 1:colcon.colcon_core.package_identification:_identify(imageset/Tennisball_seg_600.v2-tennisball-seg-dataset-607-v02.yolov11/train) by extension 'ignore_ament_install'
[1.234s] Level 1:colcon.colcon_core.package_identification:_identify(imageset/Tennisball_seg_600.v2-tennisball-seg-dataset-607-v02.yolov11/train) by extensions ['colcon_pkg']
[1.234s] Level 1:colcon.colcon_core.package_identification:_identify(imageset/Tennisball_seg_600.v2-tennisball-seg-dataset-607-v02.yolov11/train) by extension 'colcon_pkg'
[1.237s] Level 1:colcon.colcon_core.package_identification:_identify(imageset/Tennisball_seg_600.v2-tennisball-seg-dataset-607-v02.yolov11/train) by extensions ['colcon_meta']
[1.237s] Level 1:colcon.colcon_core.package_identification:_identify(imageset/Tennisball_seg_600.v2-tennisball-seg-dataset-607-v02.yolov11/train) by extension 'colcon_meta'
[1.242s] Level 1:colcon.colcon_core.package_identification:_identify(imageset/Tennisball_seg_600.v2-tennisball-seg-dataset-607-v02.yolov11/train) by extensions ['ros']
[1.243s] Level 1:colcon.colcon_core.package_identification:_identify(imageset/Tennisball_seg_600.v2-tennisball-seg-dataset-607-v02.yolov11/train) by extension 'ros'
[1.257s] Level 1:colcon.colcon_core.package_identification:_identify(imageset/Tennisball_seg_600.v2-tennisball-seg-dataset-607-v02.yolov11/train) by extensions ['cmake', 'python']
[1.258s] Level 1:colcon.colcon_core.package_identification:_identify(imageset/Tennisball_seg_600.v2-tennisball-seg-dataset-607-v02.yolov11/train) by extension 'cmake'
[1.261s] Level 1:colcon.colcon_core.package_identification:_identify(imageset/Tennisball_seg_600.v2-tennisball-seg-dataset-607-v02.yolov11/train) by extension 'python'
[1.264s] Level 1:colcon.colcon_core.package_identification:_identify(imageset/Tennisball_seg_600.v2-tennisball-seg-dataset-607-v02.yolov11/train) by extensions ['python_setup_py']
[1.265s] Level 1:colcon.colcon_core.package_identification:_identify(imageset/Tennisball_seg_600.v2-tennisball-seg-dataset-607-v02.yolov11/train) by extension 'python_setup_py'
[1.291s] Level 1:colcon.colcon_core.package_identification:_identify(imageset/Tennisball_seg_600.v2-tennisball-seg-dataset-607-v02.yolov11/train/images) by extensions ['ignore', 'ignore_ament_install']
[1.291s] Level 1:colcon.colcon_core.package_identification:_identify(imageset/Tennisball_seg_600.v2-tennisball-seg-dataset-607-v02.yolov11/train/images) by extension 'ignore'
[1.296s] Level 1:colcon.colcon_core.package_identification:_identify(imageset/Tennisball_seg_600.v2-tennisball-seg-dataset-607-v02.yolov11/train/images) by extension 'ignore_ament_install'
[1.303s] Level 1:colcon.colcon_core.package_identification:_identify(imageset/Tennisball_seg_600.v2-tennisball-seg-dataset-607-v02.yolov11/train/images) by extensions ['colcon_pkg']
[1.303s] Level 1:colcon.colcon_core.package_identification:_identify(imageset/Tennisball_seg_600.v2-tennisball-seg-dataset-607-v02.yolov11/train/images) by extension 'colcon_pkg'
[1.307s] Level 1:colcon.colcon_core.package_identification:_identify(imageset/Tennisball_seg_600.v2-tennisball-seg-dataset-607-v02.yolov11/train/images) by extensions ['colcon_meta']
[1.307s] Level 1:colcon.colcon_core.package_identification:_identify(imageset/Tennisball_seg_600.v2-tennisball-seg-dataset-607-v02.yolov11/train/images) by extension 'colcon_meta'
[1.317s] Level 1:colcon.colcon_core.package_identification:_identify(imageset/Tennisball_seg_600.v2-tennisball-seg-dataset-607-v02.yolov11/train/images) by extensions ['ros']
[1.318s] Level 1:colcon.colcon_core.package_identification:_identify(imageset/Tennisball_seg_600.v2-tennisball-seg-dataset-607-v02.yolov11/train/images) by extension 'ros'
[1.334s] Level 1:colcon.colcon_core.package_identification:_identify(imageset/Tennisball_seg_600.v2-tennisball-seg-dataset-607-v02.yolov11/train/images) by extensions ['cmake', 'python']
[1.334s] Level 1:colcon.colcon_core.package_identification:_identify(imageset/Tennisball_seg_600.v2-tennisball-seg-dataset-607-v02.yolov11/train/images) by extension 'cmake'
[1.337s] Level 1:colcon.colcon_core.package_identification:_identify(imageset/Tennisball_seg_600.v2-tennisball-seg-dataset-607-v02.yolov11/train/images) by extension 'python'
[1.341s] Level 1:colcon.colcon_core.package_identification:_identify(imageset/Tennisball_seg_600.v2-tennisball-seg-dataset-607-v02.yolov11/train/images) by extensions ['python_setup_py']
[1.341s] Level 1:colcon.colcon_core.package_identification:_identify(imageset/Tennisball_seg_600.v2-tennisball-seg-dataset-607-v02.yolov11/train/images) by extension 'python_setup_py'
[1.369s] Level 1:colcon.colcon_core.package_identification:_identify(imageset/Tennisball_seg_600.v2-tennisball-seg-dataset-607-v02.yolov11/train/labels) by extensions ['ignore', 'ignore_ament_install']
[1.370s] Level 1:colcon.colcon_core.package_identification:_identify(imageset/Tennisball_seg_600.v2-tennisball-seg-dataset-607-v02.yolov11/train/labels) by extension 'ignore'
[1.377s] Level 1:colcon.colcon_core.package_identification:_identify(imageset/Tennisball_seg_600.v2-tennisball-seg-dataset-607-v02.yolov11/train/labels) by extension 'ignore_ament_install'
[1.384s] Level 1:colcon.colcon_core.package_identification:_identify(imageset/Tennisball_seg_600.v2-tennisball-seg-dataset-607-v02.yolov11/train/labels) by extensions ['colcon_pkg']
[1.384s] Level 1:colcon.colcon_core.package_identification:_identify(imageset/Tennisball_seg_600.v2-tennisball-seg-dataset-607-v02.yolov11/train/labels) by extension 'colcon_pkg'
[1.388s] Level 1:colcon.colcon_core.package_identification:_identify(imageset/Tennisball_seg_600.v2-tennisball-seg-dataset-607-v02.yolov11/train/labels) by extensions ['colcon_meta']
[1.388s] Level 1:colcon.colcon_core.package_identification:_identify(imageset/Tennisball_seg_600.v2-tennisball-seg-dataset-607-v02.yolov11/train/labels) by extension 'colcon_meta'
[1.399s] Level 1:colcon.colcon_core.package_identification:_identify(imageset/Tennisball_seg_600.v2-tennisball-seg-dataset-607-v02.yolov11/train/labels) by extensions ['ros']
[1.399s] Level 1:colcon.colcon_core.package_identification:_identify(imageset/Tennisball_seg_600.v2-tennisball-seg-dataset-607-v02.yolov11/train/labels) by extension 'ros'
[1.416s] Level 1:colcon.colcon_core.package_identification:_identify(imageset/Tennisball_seg_600.v2-tennisball-seg-dataset-607-v02.yolov11/train/labels) by extensions ['cmake', 'python']
[1.417s] Level 1:colcon.colcon_core.package_identification:_identify(imageset/Tennisball_seg_600.v2-tennisball-seg-dataset-607-v02.yolov11/train/labels) by extension 'cmake'
[1.419s] Level 1:colcon.colcon_core.package_identification:_identify(imageset/Tennisball_seg_600.v2-tennisball-seg-dataset-607-v02.yolov11/train/labels) by extension 'python'
[1.423s] Level 1:colcon.colcon_core.package_identification:_identify(imageset/Tennisball_seg_600.v2-tennisball-seg-dataset-607-v02.yolov11/train/labels) by extensions ['python_setup_py']
[1.423s] Level 1:colcon.colcon_core.package_identification:_identify(imageset/Tennisball_seg_600.v2-tennisball-seg-dataset-607-v02.yolov11/train/labels) by extension 'python_setup_py'
[1.438s] Level 1:colcon.colcon_core.package_identification:_identify(imageset/Tennisball_seg_600.v2-tennisball-seg-dataset-607-v02.yolov11/valid) by extensions ['ignore', 'ignore_ament_install']
[1.439s] Level 1:colcon.colcon_core.package_identification:_identify(imageset/Tennisball_seg_600.v2-tennisball-seg-dataset-607-v02.yolov11/valid) by extension 'ignore'
[1.442s] Level 1:colcon.colcon_core.package_identification:_identify(imageset/Tennisball_seg_600.v2-tennisball-seg-dataset-607-v02.yolov11/valid) by extension 'ignore_ament_install'
[1.448s] Level 1:colcon.colcon_core.package_identification:_identify(imageset/Tennisball_seg_600.v2-tennisball-seg-dataset-607-v02.yolov11/valid) by extensions ['colcon_pkg']
[1.448s] Level 1:colcon.colcon_core.package_identification:_identify(imageset/Tennisball_seg_600.v2-tennisball-seg-dataset-607-v02.yolov11/valid) by extension 'colcon_pkg'
[1.451s] Level 1:colcon.colcon_core.package_identification:_identify(imageset/Tennisball_seg_600.v2-tennisball-seg-dataset-607-v02.yolov11/valid) by extensions ['colcon_meta']
[1.452s] Level 1:colcon.colcon_core.package_identification:_identify(imageset/Tennisball_seg_600.v2-tennisball-seg-dataset-607-v02.yolov11/valid) by extension 'colcon_meta'
[1.458s] Level 1:colcon.colcon_core.package_identification:_identify(imageset/Tennisball_seg_600.v2-tennisball-seg-dataset-607-v02.yolov11/valid) by extensions ['ros']
[1.458s] Level 1:colcon.colcon_core.package_identification:_identify(imageset/Tennisball_seg_600.v2-tennisball-seg-dataset-607-v02.yolov11/valid) by extension 'ros'
[1.474s] Level 1:colcon.colcon_core.package_identification:_identify(imageset/Tennisball_seg_600.v2-tennisball-seg-dataset-607-v02.yolov11/valid) by extensions ['cmake', 'python']
[1.474s] Level 1:colcon.colcon_core.package_identification:_identify(imageset/Tennisball_seg_600.v2-tennisball-seg-dataset-607-v02.yolov11/valid) by extension 'cmake'
[1.478s] Level 1:colcon.colcon_core.package_identification:_identify(imageset/Tennisball_seg_600.v2-tennisball-seg-dataset-607-v02.yolov11/valid) by extension 'python'
[1.481s] Level 1:colcon.colcon_core.package_identification:_identify(imageset/Tennisball_seg_600.v2-tennisball-seg-dataset-607-v02.yolov11/valid) by extensions ['python_setup_py']
[1.482s] Level 1:colcon.colcon_core.package_identification:_identify(imageset/Tennisball_seg_600.v2-tennisball-seg-dataset-607-v02.yolov11/valid) by extension 'python_setup_py'
[1.499s] Level 1:colcon.colcon_core.package_identification:_identify(imageset/Tennisball_seg_600.v2-tennisball-seg-dataset-607-v02.yolov11/valid/images) by extensions ['ignore', 'ignore_ament_install']
[1.500s] Level 1:colcon.colcon_core.package_identification:_identify(imageset/Tennisball_seg_600.v2-tennisball-seg-dataset-607-v02.yolov11/valid/images) by extension 'ignore'
[1.504s] Level 1:colcon.colcon_core.package_identification:_identify(imageset/Tennisball_seg_600.v2-tennisball-seg-dataset-607-v02.yolov11/valid/images) by extension 'ignore_ament_install'
[1.509s] Level 1:colcon.colcon_core.package_identification:_identify(imageset/Tennisball_seg_600.v2-tennisball-seg-dataset-607-v02.yolov11/valid/images) by extensions ['colcon_pkg']
[1.509s] Level 1:colcon.colcon_core.package_identification:_identify(imageset/Tennisball_seg_600.v2-tennisball-seg-dataset-607-v02.yolov11/valid/images) by extension 'colcon_pkg'
[1.513s] Level 1:colcon.colcon_core.package_identification:_identify(imageset/Tennisball_seg_600.v2-tennisball-seg-dataset-607-v02.yolov11/valid/images) by extensions ['colcon_meta']
[1.513s] Level 1:colcon.colcon_core.package_identification:_identify(imageset/Tennisball_seg_600.v2-tennisball-seg-dataset-607-v02.yolov11/valid/images) by extension 'colcon_meta'
[1.522s] Level 1:colcon.colcon_core.package_identification:_identify(imageset/Tennisball_seg_600.v2-tennisball-seg-dataset-607-v02.yolov11/valid/images) by extensions ['ros']
[1.523s] Level 1:colcon.colcon_core.package_identification:_identify(imageset/Tennisball_seg_600.v2-tennisball-seg-dataset-607-v02.yolov11/valid/images) by extension 'ros'
[1.539s] Level 1:colcon.colcon_core.package_identification:_identify(imageset/Tennisball_seg_600.v2-tennisball-seg-dataset-607-v02.yolov11/valid/images) by extensions ['cmake', 'python']
[1.539s] Level 1:colcon.colcon_core.package_identification:_identify(imageset/Tennisball_seg_600.v2-tennisball-seg-dataset-607-v02.yolov11/valid/images) by extension 'cmake'
[1.543s] Level 1:colcon.colcon_core.package_identification:_identify(imageset/Tennisball_seg_600.v2-tennisball-seg-dataset-607-v02.yolov11/valid/images) by extension 'python'
[1.546s] Level 1:colcon.colcon_core.package_identification:_identify(imageset/Tennisball_seg_600.v2-tennisball-seg-dataset-607-v02.yolov11/valid/images) by extensions ['python_setup_py']
[1.547s] Level 1:colcon.colcon_core.package_identification:_identify(imageset/Tennisball_seg_600.v2-tennisball-seg-dataset-607-v02.yolov11/valid/images) by extension 'python_setup_py'
[1.564s] Level 1:colcon.colcon_core.package_identification:_identify(imageset/Tennisball_seg_600.v2-tennisball-seg-dataset-607-v02.yolov11/valid/labels) by extensions ['ignore', 'ignore_ament_install']
[1.565s] Level 1:colcon.colcon_core.package_identification:_identify(imageset/Tennisball_seg_600.v2-tennisball-seg-dataset-607-v02.yolov11/valid/labels) by extension 'ignore'
[1.568s] Level 1:colcon.colcon_core.package_identification:_identify(imageset/Tennisball_seg_600.v2-tennisball-seg-dataset-607-v02.yolov11/valid/labels) by extension 'ignore_ament_install'
[1.574s] Level 1:colcon.colcon_core.package_identification:_identify(imageset/Tennisball_seg_600.v2-tennisball-seg-dataset-607-v02.yolov11/valid/labels) by extensions ['colcon_pkg']
[1.575s] Level 1:colcon.colcon_core.package_identification:_identify(imageset/Tennisball_seg_600.v2-tennisball-seg-dataset-607-v02.yolov11/valid/labels) by extension 'colcon_pkg'
[1.578s] Level 1:colcon.colcon_core.package_identification:_identify(imageset/Tennisball_seg_600.v2-tennisball-seg-dataset-607-v02.yolov11/valid/labels) by extensions ['colcon_meta']
[1.578s] Level 1:colcon.colcon_core.package_identification:_identify(imageset/Tennisball_seg_600.v2-tennisball-seg-dataset-607-v02.yolov11/valid/labels) by extension 'colcon_meta'
[1.587s] Level 1:colcon.colcon_core.package_identification:_identify(imageset/Tennisball_seg_600.v2-tennisball-seg-dataset-607-v02.yolov11/valid/labels) by extensions ['ros']
[1.587s] Level 1:colcon.colcon_core.package_identification:_identify(imageset/Tennisball_seg_600.v2-tennisball-seg-dataset-607-v02.yolov11/valid/labels) by extension 'ros'
[1.603s] Level 1:colcon.colcon_core.package_identification:_identify(imageset/Tennisball_seg_600.v2-tennisball-seg-dataset-607-v02.yolov11/valid/labels) by extensions ['cmake', 'python']
[1.604s] Level 1:colcon.colcon_core.package_identification:_identify(imageset/Tennisball_seg_600.v2-tennisball-seg-dataset-607-v02.yolov11/valid/labels) by extension 'cmake'
[1.608s] Level 1:colcon.colcon_core.package_identification:_identify(imageset/Tennisball_seg_600.v2-tennisball-seg-dataset-607-v02.yolov11/valid/labels) by extension 'python'
[1.611s] Level 1:colcon.colcon_core.package_identification:_identify(imageset/Tennisball_seg_600.v2-tennisball-seg-dataset-607-v02.yolov11/valid/labels) by extensions ['python_setup_py']
[1.612s] Level 1:colcon.colcon_core.package_identification:_identify(imageset/Tennisball_seg_600.v2-tennisball-seg-dataset-607-v02.yolov11/valid/labels) by extension 'python_setup_py'
[1.617s] Level 1:colcon.colcon_core.package_identification:_identify(install) by extensions ['ignore', 'ignore_ament_install']
[1.618s] Level 1:colcon.colcon_core.package_identification:_identify(install) by extension 'ignore'
[1.619s] Level 1:colcon.colcon_core.package_identification:_identify(install) ignored
[1.625s] Level 1:colcon.colcon_core.package_identification:_identify(log) by extensions ['ignore', 'ignore_ament_install']
[1.626s] Level 1:colcon.colcon_core.package_identification:_identify(log) by extension 'ignore'
[1.627s] Level 1:colcon.colcon_core.package_identification:_identify(log) ignored
[1.630s] Level 1:colcon.colcon_core.package_identification:_identify(ros2_detection) by extensions ['ignore', 'ignore_ament_install']
[1.630s] Level 1:colcon.colcon_core.package_identification:_identify(ros2_detection) by extension 'ignore'
[1.631s] Level 1:colcon.colcon_core.package_identification:_identify(ros2_detection) by extension 'ignore_ament_install'
[1.633s] Level 1:colcon.colcon_core.package_identification:_identify(ros2_detection) by extensions ['colcon_pkg']
[1.634s] Level 1:colcon.colcon_core.package_identification:_identify(ros2_detection) by extension 'colcon_pkg'
[1.635s] Level 1:colcon.colcon_core.package_identification:_identify(ros2_detection) by extensions ['colcon_meta']
[1.635s] Level 1:colcon.colcon_core.package_identification:_identify(ros2_detection) by extension 'colcon_meta'
[1.637s] Level 1:colcon.colcon_core.package_identification:_identify(ros2_detection) by extensions ['ros']
[1.637s] Level 1:colcon.colcon_core.package_identification:_identify(ros2_detection) by extension 'ros'
[1.652s] DEBUG:colcon.colcon_core.package_identification:Package 'ros2_detection' with type 'ros.ament_python' and name 'ros2_detection'
[1.653s] Level 1:colcon.colcon_core.package_discovery:discover_packages(recursive) using defaults
[1.653s] Level 1:colcon.colcon_core.package_discovery:discover_packages(ignore) discover
[1.654s] Level 1:colcon.colcon_core.package_discovery:discover_packages(ignore) using defaults
[1.654s] Level 1:colcon.colcon_core.package_discovery:discover_packages(path) discover
[1.654s] Level 1:colcon.colcon_core.package_discovery:discover_packages(path) using defaults
[1.687s] Level 5:colcon.colcon_core.verb:set package 'ros2_detection' build argument 'cmake_args' from command line to 'None'
[1.688s] Level 5:colcon.colcon_core.verb:set package 'ros2_detection' build argument 'cmake_target' from command line to 'None'
[1.688s] Level 5:colcon.colcon_core.verb:set package 'ros2_detection' build argument 'cmake_target_skip_unavailable' from command line to 'False'
[1.688s] Level 5:colcon.colcon_core.verb:set package 'ros2_detection' build argument 'cmake_clean_cache' from command line to 'False'
[1.689s] Level 5:colcon.colcon_core.verb:set package 'ros2_detection' build argument 'cmake_clean_first' from command line to 'False'
[1.689s] Level 5:colcon.colcon_core.verb:set package 'ros2_detection' build argument 'cmake_force_configure' from command line to 'False'
[1.690s] Level 5:colcon.colcon_core.verb:set package 'ros2_detection' build argument 'ament_cmake_args' from command line to 'None'
[1.690s] Level 5:colcon.colcon_core.verb:set package 'ros2_detection' build argument 'catkin_cmake_args' from command line to 'None'
[1.691s] Level 5:colcon.colcon_core.verb:set package 'ros2_detection' build argument 'catkin_skip_building_tests' from command line to 'False'
[1.691s] DEBUG:colcon.colcon_core.verb:Building package 'ros2_detection' with the following arguments: {'ament_cmake_args': None, 'build_base': '/workspace/build/ros2_detection', 'catkin_cmake_args': None, 'catkin_skip_building_tests': False, 'cmake_args': None, 'cmake_clean_cache': False, 'cmake_clean_first': False, 'cmake_force_configure': False, 'cmake_target': None, 'cmake_target_skip_unavailable': False, 'install_base': '/workspace/install/ros2_detection', 'merge_install': False, 'path': '/workspace/ros2_detection', 'symlink_install': False, 'test_result_base': None}
[1.691s] INFO:colcon.colcon_core.executor:Executing jobs using 'parallel' executor
[1.692s] DEBUG:colcon.colcon_parallel_executor.executor.parallel:run_until_complete
[1.693s] INFO:colcon.colcon_ros.task.ament_python.build:Building ROS package in '/workspace/ros2_detection' with build type 'ament_python'
[1.694s] Level 1:colcon.colcon_core.shell:create_environment_hook('ros2_detection', 'ament_prefix_path')
[1.696s] INFO:colcon.colcon_core.plugin_system:Skipping extension 'colcon_core.shell.bat': Not used on non-Windows systems
[1.696s] INFO:colcon.colcon_core.shell:Creating environment hook '/workspace/install/ros2_detection/share/ros2_detection/hook/ament_prefix_path.ps1'
[1.726s] INFO:colcon.colcon_core.shell:Creating environment descriptor '/workspace/install/ros2_detection/share/ros2_detection/hook/ament_prefix_path.dsv'
[1.749s] INFO:colcon.colcon_core.shell:Creating environment hook '/workspace/install/ros2_detection/share/ros2_detection/hook/ament_prefix_path.sh'
[1.769s] INFO:colcon.colcon_core.shell:Skip shell extension 'powershell' for command environment: Not usable outside of PowerShell
[1.769s] DEBUG:colcon.colcon_core.shell:Skip shell extension 'dsv' for command environment
[2.012s] INFO:colcon.colcon_core.task.python.build:Building Python package in '/workspace/ros2_detection'
[2.012s] INFO:colcon.colcon_core.shell:Skip shell extension 'powershell' for command environment: Not usable outside of PowerShell
[2.012s] DEBUG:colcon.colcon_core.shell:Skip shell extension 'dsv' for command environment
[3.353s] DEBUG:colcon.colcon_core.event_handler.log_command:Invoking command in '/workspace/ros2_detection': PYTHONPATH=/workspace/build/ros2_detection/prefix_override:/usr/lib/python3/dist-packages/colcon_core/task/python/colcon_distutils_commands:/workspace/install/ros2_detection/lib/python3.10/site-packages:${PYTHONPATH} /usr/bin/python3 -W ignore:setup.py install is deprecated -W ignore:easy_install command is deprecated setup.py egg_info --egg-base ../build/ros2_detection build --build-base /workspace/build/ros2_detection/build install --record /workspace/build/ros2_detection/install.log --single-version-externally-managed install_data
[6.105s] DEBUG:colcon.colcon_core.event_handler.log_command:Invoked command in '/workspace/ros2_detection' returned '0': PYTHONPATH=/workspace/build/ros2_detection/prefix_override:/usr/lib/python3/dist-packages/colcon_core/task/python/colcon_distutils_commands:/workspace/install/ros2_detection/lib/python3.10/site-packages:${PYTHONPATH} /usr/bin/python3 -W ignore:setup.py install is deprecated -W ignore:easy_install command is deprecated setup.py egg_info --egg-base ../build/ros2_detection build --build-base /workspace/build/ros2_detection/build install --record /workspace/build/ros2_detection/install.log --single-version-externally-managed install_data
[6.106s] Level 1:colcon.colcon_core.environment:checking '/workspace/install/ros2_detection' for CMake module files
[6.180s] Level 1:colcon.colcon_core.environment:checking '/workspace/install/ros2_detection' for CMake config files
[6.324s] Level 1:colcon.colcon_core.environment:checking '/workspace/install/ros2_detection/lib'
[6.329s] Level 1:colcon.colcon_core.environment:checking '/workspace/install/ros2_detection/bin'
[6.332s] Level 1:colcon.colcon_core.environment:checking '/workspace/install/ros2_detection/lib/pkgconfig/ros2_detection.pc'
[6.335s] Level 1:colcon.colcon_core.environment:checking '/workspace/install/ros2_detection/lib/python3.10/site-packages'
[6.338s] Level 1:colcon.colcon_core.shell:create_environment_hook('ros2_detection', 'pythonpath')
[6.339s] INFO:colcon.colcon_core.shell:Creating environment hook '/workspace/install/ros2_detection/share/ros2_detection/hook/pythonpath.ps1'
[6.359s] INFO:colcon.colcon_core.shell:Creating environment descriptor '/workspace/install/ros2_detection/share/ros2_detection/hook/pythonpath.dsv'
[6.381s] INFO:colcon.colcon_core.shell:Creating environment hook '/workspace/install/ros2_detection/share/ros2_detection/hook/pythonpath.sh'
[6.404s] Level 1:colcon.colcon_core.environment:checking '/workspace/install/ros2_detection/bin'
[6.406s] Level 1:colcon.colcon_core.environment:create_environment_scripts_only(ros2_detection)
[6.407s] INFO:colcon.colcon_core.shell:Creating package script '/workspace/install/ros2_detection/share/ros2_detection/package.ps1'
[6.424s] INFO:colcon.colcon_core.shell:Creating package descriptor '/workspace/install/ros2_detection/share/ros2_detection/package.dsv'
[6.442s] INFO:colcon.colcon_core.shell:Creating package script '/workspace/install/ros2_detection/share/ros2_detection/package.sh'
[6.462s] INFO:colcon.colcon_core.shell:Creating package script '/workspace/install/ros2_detection/share/ros2_detection/package.bash'
[6.486s] INFO:colcon.colcon_core.shell:Creating package script '/workspace/install/ros2_detection/share/ros2_detection/package.zsh'
[6.510s] Level 1:colcon.colcon_core.environment:create_file_with_runtime_dependencies(/workspace/install/ros2_detection/share/colcon-core/packages/ros2_detection)
[6.533s] DEBUG:colcon.colcon_parallel_executor.executor.parallel:closing loop
[6.533s] DEBUG:colcon.colcon_parallel_executor.executor.parallel:loop closed
[6.534s] DEBUG:colcon.colcon_parallel_executor.executor.parallel:run_until_complete finished with '0'
[6.534s] DEBUG:colcon.colcon_core.event_reactor:joining thread
[6.555s] INFO:colcon.colcon_core.plugin_system:Skipping extension 'colcon_notification.desktop_notification.notify_send': Could not find 'notify-send'
[6.556s] INFO:colcon.colcon_core.plugin_system:Skipping extension 'colcon_notification.desktop_notification.terminal_notifier': Not used on non-Darwin systems
[6.556s] INFO:colcon.colcon_core.plugin_system:Skipping extension 'colcon_notification.desktop_notification.win32': Not used on non-Windows systems
[6.557s] INFO:colcon.colcon_notification.desktop_notification:Sending desktop notification using 'notify2'
[6.558s] DEBUG:colcon.colcon_notification.desktop_notification.notify2:Failed to initialize notify2: org.freedesktop.DBus.Error.InvalidFileContent: D-Bus library appears to be incorrectly set up: see the manual page for dbus-uuidgen to correct this issue. (Failed to open "/var/lib/dbus/machine-id": No such file or directory; UUID file '/etc/machine-id' should contain a hex string of length 32, not length 0, with no other text)
[6.558s] DEBUG:colcon.colcon_core.event_reactor:joined thread
[6.559s] INFO:colcon.colcon_core.shell:Creating prefix script '/workspace/install/local_setup.ps1'
[6.568s] INFO:colcon.colcon_core.shell:Creating prefix util module '/workspace/install/_local_setup_util_ps1.py'
[6.580s] INFO:colcon.colcon_core.shell:Creating prefix chain script '/workspace/install/setup.ps1'
[6.588s] INFO:colcon.colcon_core.shell:Creating prefix script '/workspace/install/local_setup.sh'
[6.598s] INFO:colcon.colcon_core.shell:Creating prefix util module '/workspace/install/_local_setup_util_sh.py'
[6.607s] INFO:colcon.colcon_core.shell:Creating prefix chain script '/workspace/install/setup.sh'
[6.617s] INFO:colcon.colcon_core.shell:Creating prefix script '/workspace/install/local_setup.bash'
[6.625s] INFO:colcon.colcon_core.shell:Creating prefix chain script '/workspace/install/setup.bash'
[6.634s] INFO:colcon.colcon_core.shell:Creating prefix script '/workspace/install/local_setup.zsh'
[6.643s] INFO:colcon.colcon_core.shell:Creating prefix chain script '/workspace/install/setup.zsh'
